   1               		.file	"portio.c"
   2               	__SREG__ = 0x3f
   3               	__SP_H__ = 0x3e
   4               	__SP_L__ = 0x3d
   5               	__CCP__ = 0x34
   6               	__tmp_reg__ = 0
   7               	__zero_reg__ = 1
   8               		.global __do_copy_data
   9               		.global __do_clear_bss
  10               		.text
  11               	.Ltext0:
  12               		.cfi_sections	.debug_frame
  13               	.global	configurePortIOProximal
  15               	configurePortIOProximal:
  16               	.LFB0:
  17               		.file 1 "portio.c"
   1:portio.c      **** /****************************************************
   2:portio.c      **** 
   3:portio.c      ****  // Author:            Zachary Clifford
   4:portio.c      ****  // File Name:        C1482-SRC-PXDMCU-0_portio.c
   5:portio.c      ****  // Creation Date:    24 February, 2012
   6:portio.c      ****  // Revision:        00
   7:portio.c      ****  // Hardware:        ATxmega32A4U
   8:portio.c      ****  // Description:    Input/Output configuration for Proximal/Distal boards
   9:portio.c      **** 
  10:portio.c      **** ****************************************************/
  11:portio.c      **** 
  12:portio.c      **** /******************************************************************************
  13:portio.c      ****     File Revision History:
  14:portio.c      **** -------------------------------------------------------------------------------
  15:portio.c      **** Revision    Date        Engineer    Description
  16:portio.c      **** --------    --------    --------    -------------------------------------------
  17:portio.c      **** 00            MM/DD/YY    ZAC            Initial Release
  18:portio.c      **** -------------------------------------------------------------------------------
  19:portio.c      **** 
  20:portio.c      **** ******************************************************************************/
  21:portio.c      **** 
  22:portio.c      **** #include <avr/io.h>
  23:portio.c      **** 
  24:portio.c      **** #include "portio.h"
  25:portio.c      **** 
  26:portio.c      **** /************************************************************************
  27:portio.c      **** * configurePortIOProximal()
  28:portio.c      **** * This function configures the peripheral I/O ports.  The direction,
  29:portio.c      **** * default out state, and drivers are set up here.
  30:portio.c      **** ************************************************************************/
  31:portio.c      **** void configurePortIOProximal(void)
  32:portio.c      **** {
  18               		.loc 1 32 0
  19               		.cfi_startproc
  20               	/* prologue: function */
  21               	/* frame size = 0 */
  22               	/* stack size = 0 */
  23               	.L__stack_usage = 0
  33:portio.c      ****     //First setup the GPIOs by port.
  34:portio.c      **** 
  35:portio.c      ****     //PA0 - VREF
  36:portio.c      ****     //PA1 - PROXIMAL1
  37:portio.c      ****     //PA2 - PROXIMAL2
  38:portio.c      ****     //PA3 - PROXIMAL3
  39:portio.c      ****     //PA4 - PROXIMAL4
  40:portio.c      ****     //PA5 - nCS6                 nCS12
  41:portio.c      ****     //PA6 - MUX nE1              nCS13
  42:portio.c      ****     //PA7 - ACC nCS
  43:portio.c      ****     PORTA.OUT = 0xE0; //E0
  24               		.loc 1 43 0
  25 0000 E0E0      		ldi r30,lo8(1536)
  26 0002 F6E0      		ldi r31,hi8(1536)
  27 0004 80EE      		ldi r24,lo8(-32)
  28 0006 8483      		std Z+4,r24
  44:portio.c      ****     PORTA.DIR = 0xE0; //E0
  29               		.loc 1 44 0
  30 0008 8083      		st Z,r24
  45:portio.c      **** 
  46:portio.c      ****     //PB0 - nCS1
  47:portio.c      ****     //PB1 - nCS2
  48:portio.c      ****     //PB2 - nCS3
  49:portio.c      ****     //PB3 - nCS4
  50:portio.c      ****     PORTB.OUT = 0x0F;
  31               		.loc 1 50 0
  32 000a E0E2      		ldi r30,lo8(1568)
  33 000c F6E0      		ldi r31,hi8(1568)
  34 000e 8FE0      		ldi r24,lo8(15)
  35 0010 8483      		std Z+4,r24
  51:portio.c      ****     PORTB.DIR = 0x0F;
  36               		.loc 1 51 0
  37 0012 8083      		st Z,r24
  52:portio.c      **** 
  53:portio.c      ****     //PC0 - nLED
  54:portio.c      ****     //PC1 - nCS5
  55:portio.c      ****     //PC2 - MUX A0              nCS6
  56:portio.c      ****     //PC3 - MUX A1              nCS7
  57:portio.c      ****     //PC4 - MUX A2              nCS8
  58:portio.c      ****     //PC5 - MOSI
  59:portio.c      ****     //PC6 - MISO
  60:portio.c      ****     //PC7 - SCK
  61:portio.c      ****     PORTC.OUT = 0x1D; //01
  38               		.loc 1 61 0
  39 0014 E0E4      		ldi r30,lo8(1600)
  40 0016 F6E0      		ldi r31,hi8(1600)
  41 0018 8DE1      		ldi r24,lo8(29)
  42 001a 8483      		std Z+4,r24
  62:portio.c      ****     PORTC.DIR = 0xBF; //BF
  43               		.loc 1 62 0
  44 001c 8FEB      		ldi r24,lo8(-65)
  45 001e 8083      		st Z,r24
  63:portio.c      **** 
  64:portio.c      **** 
  65:portio.c      ****     //For both TX_EN and RX_EN lines, set HIGH to TX and LOW to RX
  66:portio.c      **** 
  67:portio.c      ****     //PD0 - OUTBOUND_nEN_RX
  68:portio.c      ****     //PD1 - OUTBOUND_EN_TX
  69:portio.c      ****     //PD2 - RX_OUTBOUND
  70:portio.c      ****     //PD3 - TX_OUTBOUND
  71:portio.c      ****     //PD4 - INBOUND_nEN_RX
  72:portio.c      ****     //PD5 - ACC MOSI                     INBOUND_EN_TX
  73:portio.c      ****     //PD6 - ACC MISO                     RX_INBOUND
  74:portio.c      ****     //PD7 - ACC SCK                      TX_INBOUND
  75:portio.c      ****     PORTD.OUT = 0x02; //22
  46               		.loc 1 75 0
  47 0020 E0E6      		ldi r30,lo8(1632)
  48 0022 F6E0      		ldi r31,hi8(1632)
  49 0024 82E0      		ldi r24,lo8(2)
  50 0026 8483      		std Z+4,r24
  76:portio.c      ****     PORTD.DIR = 0xBB; //BB
  51               		.loc 1 76 0
  52 0028 9BEB      		ldi r25,lo8(-69)
  53 002a 9083      		st Z,r25
  77:portio.c      **** 
  78:portio.c      ****     //PE0 - NC                    LED_PWM
  79:portio.c      ****     //PE1 - INBOUND_EN_TX         nCS9
  80:portio.c      ****     //PE2 - RX_INBOUND            nCS10
  81:portio.c      ****     //PE3 - TX_INBOUND            nCS11
  82:portio.c      ****     PORTE.OUT = 0x02; //0F
  54               		.loc 1 82 0
  55 002c E0E8      		ldi r30,lo8(1664)
  56 002e F6E0      		ldi r31,hi8(1664)
  57 0030 8483      		std Z+4,r24
  83:portio.c      ****     PORTE.DIR = 0x0A; //0F
  58               		.loc 1 83 0
  59 0032 8AE0      		ldi r24,lo8(10)
  60 0034 8083      		st Z,r24
  84:portio.c      **** 
  85:portio.c      ****     //PR0 - ACC INT2
  86:portio.c      ****     //PR1 - ACC INT1
  87:portio.c      ****     PORTR.OUT = 0x00;
  61               		.loc 1 87 0
  62 0036 E0EE      		ldi r30,lo8(2016)
  63 0038 F7E0      		ldi r31,hi8(2016)
  64 003a 1482      		std Z+4,__zero_reg__
  88:portio.c      ****     PORTR.DIR = 0x00;
  65               		.loc 1 88 0
  66 003c 1082      		st Z,__zero_reg__
  67               	/* epilogue start */
  89:portio.c      **** 
  90:portio.c      **** }
  68               		.loc 1 90 0
  69 003e 0895      		ret
  70               		.cfi_endproc
  71               	.LFE0:
  73               	.global	configurePortIODistal
  75               	configurePortIODistal:
  76               	.LFB1:
  91:portio.c      **** 
  92:portio.c      **** /************************************************************************
  93:portio.c      **** * configurePortIODistal()
  94:portio.c      **** * This function configures the peripheral I/O ports.  The direction,
  95:portio.c      **** * default out state, and drivers are set up here.
  96:portio.c      **** ************************************************************************/
  97:portio.c      **** void configurePortIODistal(void)
  98:portio.c      **** {
  77               		.loc 1 98 0
  78               		.cfi_startproc
  79               	/* prologue: function */
  80               	/* frame size = 0 */
  81               	/* stack size = 0 */
  82               	.L__stack_usage = 0
  99:portio.c      ****   configurePortIOProximal();
  83               		.loc 1 99 0
  84 0040 0E94 0000 		call configurePortIOProximal
  85               	/* epilogue start */
 100:portio.c      **** }
  86               		.loc 1 100 0
  87 0044 0895      		ret
  88               		.cfi_endproc
  89               	.LFE1:
  91               	.Letext0:
  92               		.file 2 "/home/baxelrod/ARM-H/avr8-gnu-toolchain-linux_x86/bin/../lib/gcc/avr/4.6.2/../../../../av
DEFINED SYMBOLS
                            *ABS*:00000000 portio.c
     /tmp/ccSB2kWq.s:2      *ABS*:0000003f __SREG__
     /tmp/ccSB2kWq.s:3      *ABS*:0000003e __SP_H__
     /tmp/ccSB2kWq.s:4      *ABS*:0000003d __SP_L__
     /tmp/ccSB2kWq.s:5      *ABS*:00000034 __CCP__
     /tmp/ccSB2kWq.s:6      *ABS*:00000000 __tmp_reg__
     /tmp/ccSB2kWq.s:7      *ABS*:00000001 __zero_reg__
     /tmp/ccSB2kWq.s:15     .text:00000000 configurePortIOProximal
     /tmp/ccSB2kWq.s:75     .text:00000040 configurePortIODistal

UNDEFINED SYMBOLS
__do_copy_data
__do_clear_bss
