Archive member included because of file (symbol)

/home/baxelrod/ARM-H/avr8-gnu-toolchain-linux_x86/bin/../lib/gcc/avr/4.6.2/../../../../avr/lib/avrxmega2/libm.a(addsf3.o)
                              currentADC.o (__subsf3)
/home/baxelrod/ARM-H/avr8-gnu-toolchain-linux_x86/bin/../lib/gcc/avr/4.6.2/../../../../avr/lib/avrxmega2/libm.a(addsf3x.o)
                              /home/baxelrod/ARM-H/avr8-gnu-toolchain-linux_x86/bin/../lib/gcc/avr/4.6.2/../../../../avr/lib/avrxmega2/libm.a(addsf3.o) (__addsf3x)
/home/baxelrod/ARM-H/avr8-gnu-toolchain-linux_x86/bin/../lib/gcc/avr/4.6.2/../../../../avr/lib/avrxmega2/libm.a(ceil.o)
                              PIDcontroller.o (ceil)
/home/baxelrod/ARM-H/avr8-gnu-toolchain-linux_x86/bin/../lib/gcc/avr/4.6.2/../../../../avr/lib/avrxmega2/libm.a(cmpsf2.o)
                              PIDcontroller.o (__eqsf2)
/home/baxelrod/ARM-H/avr8-gnu-toolchain-linux_x86/bin/../lib/gcc/avr/4.6.2/../../../../avr/lib/avrxmega2/libm.a(divsf3.o)
                              currentADC.o (__divsf3)
/home/baxelrod/ARM-H/avr8-gnu-toolchain-linux_x86/bin/../lib/gcc/avr/4.6.2/../../../../avr/lib/avrxmega2/libm.a(divsf3x.o)
                              /home/baxelrod/ARM-H/avr8-gnu-toolchain-linux_x86/bin/../lib/gcc/avr/4.6.2/../../../../avr/lib/avrxmega2/libm.a(divsf3.o) (__divsf3x)
/home/baxelrod/ARM-H/avr8-gnu-toolchain-linux_x86/bin/../lib/gcc/avr/4.6.2/../../../../avr/lib/avrxmega2/libm.a(exp.o)
                              thermalModel.o (exp)
/home/baxelrod/ARM-H/avr8-gnu-toolchain-linux_x86/bin/../lib/gcc/avr/4.6.2/../../../../avr/lib/avrxmega2/libm.a(fixsfsi.o)
                              currentADC.o (__fixsfsi)
/home/baxelrod/ARM-H/avr8-gnu-toolchain-linux_x86/bin/../lib/gcc/avr/4.6.2/../../../../avr/lib/avrxmega2/libm.a(fixunssfsi.o)
                              hallctrl.o (__fixunssfsi)
/home/baxelrod/ARM-H/avr8-gnu-toolchain-linux_x86/bin/../lib/gcc/avr/4.6.2/../../../../avr/lib/avrxmega2/libm.a(floatsisf.o)
                              currentADC.o (__floatunsisf)
/home/baxelrod/ARM-H/avr8-gnu-toolchain-linux_x86/bin/../lib/gcc/avr/4.6.2/../../../../avr/lib/avrxmega2/libm.a(fp_cmp.o)
                              /home/baxelrod/ARM-H/avr8-gnu-toolchain-linux_x86/bin/../lib/gcc/avr/4.6.2/../../../../avr/lib/avrxmega2/libm.a(cmpsf2.o) (__fp_cmp)
/home/baxelrod/ARM-H/avr8-gnu-toolchain-linux_x86/bin/../lib/gcc/avr/4.6.2/../../../../avr/lib/avrxmega2/libm.a(fp_inf.o)
                              /home/baxelrod/ARM-H/avr8-gnu-toolchain-linux_x86/bin/../lib/gcc/avr/4.6.2/../../../../avr/lib/avrxmega2/libm.a(addsf3x.o) (__fp_inf)
/home/baxelrod/ARM-H/avr8-gnu-toolchain-linux_x86/bin/../lib/gcc/avr/4.6.2/../../../../avr/lib/avrxmega2/libm.a(fp_mintl.o)
                              /home/baxelrod/ARM-H/avr8-gnu-toolchain-linux_x86/bin/../lib/gcc/avr/4.6.2/../../../../avr/lib/avrxmega2/libm.a(ceil.o) (__fp_mintl)
/home/baxelrod/ARM-H/avr8-gnu-toolchain-linux_x86/bin/../lib/gcc/avr/4.6.2/../../../../avr/lib/avrxmega2/libm.a(fp_mpack.o)
                              /home/baxelrod/ARM-H/avr8-gnu-toolchain-linux_x86/bin/../lib/gcc/avr/4.6.2/../../../../avr/lib/avrxmega2/libm.a(ceil.o) (__fp_mpack)
/home/baxelrod/ARM-H/avr8-gnu-toolchain-linux_x86/bin/../lib/gcc/avr/4.6.2/../../../../avr/lib/avrxmega2/libm.a(fp_nan.o)
                              /home/baxelrod/ARM-H/avr8-gnu-toolchain-linux_x86/bin/../lib/gcc/avr/4.6.2/../../../../avr/lib/avrxmega2/libm.a(addsf3x.o) (__fp_nan)
/home/baxelrod/ARM-H/avr8-gnu-toolchain-linux_x86/bin/../lib/gcc/avr/4.6.2/../../../../avr/lib/avrxmega2/libm.a(fp_powser.o)
                              /home/baxelrod/ARM-H/avr8-gnu-toolchain-linux_x86/bin/../lib/gcc/avr/4.6.2/../../../../avr/lib/avrxmega2/libm.a(exp.o) (__fp_powser)
/home/baxelrod/ARM-H/avr8-gnu-toolchain-linux_x86/bin/../lib/gcc/avr/4.6.2/../../../../avr/lib/avrxmega2/libm.a(fp_pscA.o)
                              /home/baxelrod/ARM-H/avr8-gnu-toolchain-linux_x86/bin/../lib/gcc/avr/4.6.2/../../../../avr/lib/avrxmega2/libm.a(addsf3x.o) (__fp_pscA)
/home/baxelrod/ARM-H/avr8-gnu-toolchain-linux_x86/bin/../lib/gcc/avr/4.6.2/../../../../avr/lib/avrxmega2/libm.a(fp_pscB.o)
                              /home/baxelrod/ARM-H/avr8-gnu-toolchain-linux_x86/bin/../lib/gcc/avr/4.6.2/../../../../avr/lib/avrxmega2/libm.a(addsf3x.o) (__fp_pscB)
/home/baxelrod/ARM-H/avr8-gnu-toolchain-linux_x86/bin/../lib/gcc/avr/4.6.2/../../../../avr/lib/avrxmega2/libm.a(fp_round.o)
                              /home/baxelrod/ARM-H/avr8-gnu-toolchain-linux_x86/bin/../lib/gcc/avr/4.6.2/../../../../avr/lib/avrxmega2/libm.a(addsf3.o) (__fp_round)
/home/baxelrod/ARM-H/avr8-gnu-toolchain-linux_x86/bin/../lib/gcc/avr/4.6.2/../../../../avr/lib/avrxmega2/libm.a(fp_split3.o)
                              /home/baxelrod/ARM-H/avr8-gnu-toolchain-linux_x86/bin/../lib/gcc/avr/4.6.2/../../../../avr/lib/avrxmega2/libm.a(addsf3x.o) (__fp_split3)
[...]
Memory Configuration

Name             Origin             Length             Attributes
text             0x00000000         0x00100000         xr
data             0x00802000         0x0000ffa0         rw !x
eeprom           0x00810000         0x00010000         rw !x
fuse             0x00820000         0x00000400         rw !x
lock             0x00830000         0x00000400         rw !x
signature        0x00840000         0x00000400         rw !x
*default*        0x00000000         0xffffffff

Linker script and memory map

LOAD /home/baxelrod/ARM-H/avr8-gnu-toolchain-linux_x86/bin/../lib/gcc/avr/4.6.2/../../../../avr/lib/avrxmega2/crtx32a4u.o
LOAD currentADC.o
LOAD daisycomm.o
LOAD hallctrl.o
LOAD PIDcontroller.o
LOAD thermalModel.o
LOAD velcounter.o
LOAD motor.o
LOAD /home/baxelrod/ARM-H/avr8-gnu-toolchain-linux_x86/bin/../lib/gcc/avr/4.6.2/../../../../avr/lib/avrxmega2/libm.a
LOAD /home/baxelrod/ARM-H/avr8-gnu-toolchain-linux_x86/bin/../lib/gcc/avr/4.6.2/avrxmega2/libgcc.a
LOAD /home/baxelrod/ARM-H/avr8-gnu-toolchain-linux_x86/bin/../lib/gcc/avr/4.6.2/../../../../avr/lib/avrxmega2/libc.a
LOAD /home/baxelrod/ARM-H/avr8-gnu-toolchain-linux_x86/bin/../lib/gcc/avr/4.6.2/avrxmega2/libgcc.a

.hash
 *(.hash)

.dynsym
 *(.dynsym)

.dynstr
 *(.dynstr)

.gnu.version
 *(.gnu.version)

.gnu.version_d
 *(.gnu.version_d)

.gnu.version_r
 *(.gnu.version_r)

.rel.init
 *(.rel.init)

.rela.init
 *(.rela.init)

.rel.text
 *(.rel.text)
 *(.rel.text.*)
 *(.rel.gnu.linkonce.t*)

.rela.text
 *(.rela.text)
 *(.rela.text.*)
 *(.rela.gnu.linkonce.t*)

.rel.fini
 *(.rel.fini)

.rela.fini
 *(.rela.fini)

.rel.rodata
 *(.rel.rodata)
 *(.rel.rodata.*)
 *(.rel.gnu.linkonce.r*)

.rela.rodata
 *(.rela.rodata)
 *(.rela.rodata.*)
 *(.rela.gnu.linkonce.r*)

.rel.data
 *(.rel.data)
 *(.rel.data.*)
 *(.rel.gnu.linkonce.d*)

.rela.data
 *(.rela.data)
 *(.rela.data.*)
 *(.rela.gnu.linkonce.d*)

.rel.ctors
 *(.rel.ctors)

.rela.ctors
 *(.rela.ctors)

.rel.dtors
 *(.rel.dtors)

.rela.dtors
 *(.rela.dtors)

.rel.got
 *(.rel.got)

.rela.got
 *(.rela.got)

.rel.bss
 *(.rel.bss)

.rela.bss
 *(.rela.bss)

.rel.plt
 *(.rel.plt)

.rela.plt
 *(.rela.plt)

.text           0x00000000     0x3b2e
 *(.vectors)
 .vectors       0x00000000      0x1fc /home/baxelrod/ARM-H/avr8-gnu-toolchain-linux_x86/bin/../lib/gcc/avr/4.6.2/../../../../avr/lib/avrxmega2/crtx32a4u.o
                0x00000000                __vectors
                0x00000000                __vector_default
 *(.vectors)
 *(.progmem.gcc*)
 .progmem.gcc_fplib
                0x000001fc       0x28 /home/baxelrod/ARM-H/avr8-gnu-toolchain-linux_x86/bin/../lib/gcc/avr/4.6.2/../../../../avr/lib/avrxmega2/libm.a(exp.o)
 .progmem.gcc_fplib
                0x00000224       0x5a /home/baxelrod/ARM-H/avr8-gnu-toolchain-linux_x86/bin/../lib/gcc/avr/4.6.2/../../../../avr/lib/avrxmega2/libm.a(log.o)
 *(.progmem*)
                0x0000027e                . = ALIGN (0x2)
                0x0000027e                __trampolines_start = .
 *(.trampolines)
 .trampolines   0x0000027e        0x0 linker stubs
 *(.trampolines*)
                0x0000027e                __trampolines_end = .
 *(.jumptables)
 *(.jumptables*)
 *(.lowtext)
 *(.lowtext*)
                0x0000027e                __ctors_start = .
 *(.ctors)
                0x0000027e                __ctors_end = .
                0x0000027e                __dtors_start = .
 *(.dtors)
                0x0000027e                __dtors_end = .
 SORT(*)(.ctors)
 SORT(*)(.dtors)
 *(.init0)
 .init0         0x0000027e        0x0 /home/baxelrod/ARM-H/avr8-gnu-toolchain-linux_x86/bin/../lib/gcc/avr/4.6.2/../../../../avr/lib/avrxmega2/crtx32a4u.o
                0x0000027e                __init
 *(.init0)
 *(.init1)
 *(.init1)
 *(.init2)
 .init2         0x0000027e        0xc /home/baxelrod/ARM-H/avr8-gnu-toolchain-linux_x86/bin/../lib/gcc/avr/4.6.2/../../../../avr/lib/avrxmega2/crtx32a4u.o
 *(.init2)
 *(.init3)
 *(.init3)
 *(.init4)
 .init4         0x0000028a       0x16 /home/baxelrod/ARM-H/avr8-gnu-toolchain-linux_x86/bin/../lib/gcc/avr/4.6.2/avrxmega2/libgcc.a(_copy_data.o)
                0x0000028a                __do_copy_data
 .init4         0x000002a0       0x10 /home/baxelrod/ARM-H/avr8-gnu-toolchain-linux_x86/bin/../lib/gcc/avr/4.6.2/avrxmega2/libgcc.a(_clear_bss.o)
                0x000002a0                __do_clear_bss
 *(.init4)
 *(.init5)
 *(.init5)
 *(.init6)
 *(.init6)
 *(.init7)
 *(.init7)
 *(.init8)
 *(.init8)
 *(.init9)
 .init9         0x000002b0        0x8 /home/baxelrod/ARM-H/avr8-gnu-toolchain-linux_x86/bin/../lib/gcc/avr/4.6.2/../../../../avr/lib/avrxmega2/crtx32a4u.o
 *(.init9)
 *(.text)
 .text          0x000002b8        0x4 /home/baxelrod/ARM-H/avr8-gnu-toolchain-linux_x86/bin/../lib/gcc/avr/4.6.2/../../../../avr/lib/avrxmega2/crtx32a4u.o
                0x000002b8                __vector_38
                0x000002b8                __vector_104
                0x000002b8                __vector_22
                0x000002b8                __vector_63
                0x000002b8                __vector_28
                0x000002b8                __vector_67
                0x000002b8                __vector_1
                0x000002b8                __vector_119
                0x000002b8                __vector_32
                0x000002b8                __vector_75
                0x000002b8                __vector_71
                0x000002b8                __vector_34
                0x000002b8                __vector_62
                0x000002b8                __vector_102
                0x000002b8                __vector_24
                0x000002b8                __vector_12
                0x000002b8                __vector_55
                0x000002b8                __vector_69
                0x000002b8                __vector_81
                0x000002b8                __vector_46
                0x000002b8                __bad_interrupt
                0x000002b8                __vector_122
                0x000002b8                __vector_72
                0x000002b8                __vector_114
                0x000002b8                __vector_110
                0x000002b8                __vector_31
                0x000002b8                __vector_92
                0x000002b8                __vector_35
                0x000002b8                __vector_78
                0x000002b8                __vector_74
                0x000002b8                __vector_117
                0x000002b8                __vector_39
                0x000002b8                __vector_107
                0x000002b8                __vector_3
                0x000002b8                __vector_105
                0x000002b8                __vector_98
                0x000002b8                __vector_23
                0x000002b8                __vector_68
                0x000002b8                __vector_30
                0x000002b8                __vector_73
                0x000002b8                __vector_45
                0x000002b8                __vector_25
                0x000002b8                __vector_61
                0x000002b8                __vector_11
                0x000002b8                __vector_54
                0x000002b8                __vector_99
                0x000002b8                __vector_13
                0x000002b8                __vector_17
                0x000002b8                __vector_19
                0x000002b8                __vector_56
                0x000002b8                __vector_125
                0x000002b8                __vector_49
                0x000002b8                __vector_123
                0x000002b8                __vector_41
                0x000002b8                __vector_86
                0x000002b8                __vector_100
                0x000002b8                __vector_101
                0x000002b8                __vector_64
                0x000002b8                __vector_88
                0x000002b8                __vector_109
                0x000002b8                __vector_43
                0x000002b8                __vector_27
                0x000002b8                __vector_5
                0x000002b8                __vector_113
                0x000002b8                __vector_33
                0x000002b8                __vector_76
                0x000002b8                __vector_115
                0x000002b8                __vector_47
                0x000002b8                __vector_52
                0x000002b8                __vector_37
                0x000002b8                __vector_95
                0x000002b8                __vector_103
                0x000002b8                __vector_96
                0x000002b8                __vector_89
                0x000002b8                __vector_108
                0x000002b8                __vector_4
                0x000002b8                __vector_44
                0x000002b8                __vector_82
                0x000002b8                __vector_106
                0x000002b8                __vector_118
                0x000002b8                __vector_51
                0x000002b8                __vector_9
                0x000002b8                __vector_21
                0x000002b8                __vector_15
                0x000002b8                __vector_66
                0x000002b8                __vector_36
                0x000002b8                __vector_79
                0x000002b8                __vector_58
                0x000002b8                __vector_70
                0x000002b8                __vector_83
                0x000002b8                __vector_29
                0x000002b8                __vector_60
                0x000002b8                __vector_121
                0x000002b8                __vector_40
                0x000002b8                __vector_85
                0x000002b8                __vector_94
                0x000002b8                __vector_126
                0x000002b8                __vector_8
                0x000002b8                __vector_26
                0x000002b8                __vector_48
                0x000002b8                __vector_124
                0x000002b8                __vector_116
                0x000002b8                __vector_112
                0x000002b8                __vector_111
                0x000002b8                __vector_80
                0x000002b8                __vector_14
                0x000002b8                __vector_84
                0x000002b8                __vector_57
                0x000002b8                __vector_53
                0x000002b8                __vector_50
                0x000002b8                __vector_16
                0x000002b8                __vector_59
                0x000002b8                __vector_18
                0x000002b8                __vector_97
                0x000002b8                __vector_20
                0x000002b8                __vector_42
                0x000002b8                __vector_87
                0x000002b8                __vector_65
                0x000002b8                __vector_120
 .text          0x000002bc      0x324 currentADC.o
                0x000002bc                configureADC
                0x00000398                readCurrentSignals
 .text          0x000005e0      0x81e daisycomm.o
                0x0000072a                __vector_91
                0x000007c4                __vector_77
                0x000007e2                handleTC
                0x000008ba                __vector_6
                0x00000910                __vector_90
                0x00000954                __vector_93
                0x00000984                __vector_7
                0x000009da                computeChecksum
                0x00000af0                configureDaisyUSART
                0x00000b4a                doDaisyTask
 .text          0x00000dfe      0x37c hallctrl.o
                0x00000dfe                getMotorDirection
                0x00000e04                getOldControlValue
                0x00000e0a                updateMotorVoltage
                0x00000e78                updateMotorDirection
                0x00000e9e                configurePortIO
                0x00000ee2                configurePinInterrupts
                0x00000f08                configureMotorPWMs
                0x00000f38                updateMotor
                0x000010d2                __vector_2
 .text          0x0000117a      0x972 PIDcontroller.o
                0x00001206                resetPIDController
                0x0000122e                positionControl
                0x000013d4                PIDPreset
                0x00001686                configurePIDController
                0x000016c0                runPIDController
 .text          0x00001aec      0x8fe thermalModel.o
                0x00001e88                thermalCheckSetpoint
                0x00001f44                getWindingResistance
                0x00001f62                getPowerSetpoint
                0x00001ff8                updateThermalModel
                0x000022f6                Thermistor_VtoR
                0x00002364                Thermistor_RtoT
 .text          0x000023ea      0x2c4 velcounter.o
                0x000023ea                resetVelocityCounter
                0x00002420                readVelocitySignal
                0x000025c0                configureMotorCounters
                0x000025f8                updateMotorCount
 .text          0x000026ae      0xac6 motor.o
                0x0000274a                __vector_10
                0x0000276a                WriteFloatToEEPROM
                0x000027d0                initializeEEPROM
                0x00002a12                initializeParameters
                0x00002ae4                BootRelay
                0x00002c58                processCommand
                0x00003156                LEDon
                0x00003160                LEDoff
                0x0000316a                LEDtoggle
 .text          0x00003174        0x0 /home/baxelrod/ARM-H/avr8-gnu-toolchain-linux_x86/bin/../lib/gcc/avr/4.6.2/../../../../avr/lib/avrxmega2/libm.a(addsf3.o)
 .text          0x00003174        0x0 /home/baxelrod/ARM-H/avr8-gnu-toolchain-linux_x86/bin/../lib/gcc/avr/4.6.2/../../../../avr/lib/avrxmega2/libm.a(addsf3x.o)
 .text          0x00003174        0x0 /home/baxelrod/ARM-H/avr8-gnu-toolchain-linux_x86/bin/../lib/gcc/avr/4.6.2/../../../../avr/lib/avrxmega2/libm.a(ceil.o)
 .text          0x00003174        0x0 /home/baxelrod/ARM-H/avr8-gnu-toolchain-linux_x86/bin/../lib/gcc/avr/4.6.2/../../../../avr/lib/avrxmega2/libm.a(cmpsf2.o)
 .text          0x00003174        0x0 /home/baxelrod/ARM-H/avr8-gnu-toolchain-linux_x86/bin/../lib/gcc/avr/4.6.2/../../../../avr/lib/avrxmega2/libm.a(divsf3.o)
 .text          0x00003174        0x0 /home/baxelrod/ARM-H/avr8-gnu-toolchain-linux_x86/bin/../lib/gcc/avr/4.6.2/../../../../avr/lib/avrxmega2/libm.a(divsf3x.o)
 .text          0x00003174        0x0 /home/baxelrod/ARM-H/avr8-gnu-toolchain-linux_x86/bin/../lib/gcc/avr/4.6.2/../../../../avr/lib/avrxmega2/libm.a(exp.o)
 .text          0x00003174        0x0 /home/baxelrod/ARM-H/avr8-gnu-toolchain-linux_x86/bin/../lib/gcc/avr/4.6.2/../../../../avr/lib/avrxmega2/libm.a(fixsfsi.o)
 .text          0x00003174        0x0 /home/baxelrod/ARM-H/avr8-gnu-toolchain-linux_x86/bin/../lib/gcc/avr/4.6.2/../../../../avr/lib/avrxmega2/libm.a(fixunssfsi.o)
 .text          0x00003174        0x0 /home/baxelrod/ARM-H/avr8-gnu-toolchain-linux_x86/bin/../lib/gcc/avr/4.6.2/../../../../avr/lib/avrxmega2/libm.a(floatsisf.o)
 .text          0x00003174        0x0 /home/baxelrod/ARM-H/avr8-gnu-toolchain-linux_x86/bin/../lib/gcc/avr/4.6.2/../../../../avr/lib/avrxmega2/libm.a(fp_cmp.o)
 .text          0x00003174        0x0 /home/baxelrod/ARM-H/avr8-gnu-toolchain-linux_x86/bin/../lib/gcc/avr/4.6.2/../../../../avr/lib/avrxmega2/libm.a(fp_inf.o)
 .text          0x00003174        0x0 /home/baxelrod/ARM-H/avr8-gnu-toolchain-linux_x86/bin/../lib/gcc/avr/4.6.2/../../../../avr/lib/avrxmega2/libm.a(fp_mintl.o)
 .text          0x00003174        0x0 /home/baxelrod/ARM-H/avr8-gnu-toolchain-linux_x86/bin/../lib/gcc/avr/4.6.2/../../../../avr/lib/avrxmega2/libm.a(fp_mpack.o)
 .text          0x00003174        0x0 /home/baxelrod/ARM-H/avr8-gnu-toolchain-linux_x86/bin/../lib/gcc/avr/4.6.2/../../../../avr/lib/avrxmega2/libm.a(fp_nan.o)
 .text          0x00003174        0x0 /home/baxelrod/ARM-H/avr8-gnu-toolchain-linux_x86/bin/../lib/gcc/avr/4.6.2/../../../../avr/lib/avrxmega2/libm.a(fp_powser.o)
 .text          0x00003174        0x0 /home/baxelrod/ARM-H/avr8-gnu-toolchain-linux_x86/bin/../lib/gcc/avr/4.6.2/../../../../avr/lib/avrxmega2/libm.a(fp_pscA.o)
 .text          0x00003174        0x0 /home/baxelrod/ARM-H/avr8-gnu-toolchain-linux_x86/bin/../lib/gcc/avr/4.6.2/../../../../avr/lib/avrxmega2/libm.a(fp_pscB.o)
 .text          0x00003174        0x0 /home/baxelrod/ARM-H/avr8-gnu-toolchain-linux_x86/bin/../lib/gcc/avr/4.6.2/../../../../avr/lib/avrxmega2/libm.a(fp_round.o)
 .text          0x00003174        0x0 /home/baxelrod/ARM-H/avr8-gnu-toolchain-linux_x86/bin/../lib/gcc/avr/4.6.2/../../../../avr/lib/avrxmega2/libm.a(fp_split3.o)
 .text          0x00003174        0x0 /home/baxelrod/ARM-H/avr8-gnu-toolchain-linux_x86/bin/../lib/gcc/avr/4.6.2/../../../../avr/lib/avrxmega2/libm.a(fp_trunc.o)
 .text          0x00003174        0x0 /home/baxelrod/ARM-H/avr8-gnu-toolchain-linux_x86/bin/../lib/gcc/avr/4.6.2/../../../../avr/lib/avrxmega2/libm.a(fp_zero.o)
 .text          0x00003174        0x0 /home/baxelrod/ARM-H/avr8-gnu-toolchain-linux_x86/bin/../lib/gcc/avr/4.6.2/../../../../avr/lib/avrxmega2/libm.a(gesf2.o)
 .text          0x00003174        0x0 /home/baxelrod/ARM-H/avr8-gnu-toolchain-linux_x86/bin/../lib/gcc/avr/4.6.2/../../../../avr/lib/avrxmega2/libm.a(inverse.o)
 .text          0x00003174        0x0 /home/baxelrod/ARM-H/avr8-gnu-toolchain-linux_x86/bin/../lib/gcc/avr/4.6.2/../../../../avr/lib/avrxmega2/libm.a(ldexp.o)
 .text          0x00003174        0x0 /home/baxelrod/ARM-H/avr8-gnu-toolchain-linux_x86/bin/../lib/gcc/avr/4.6.2/../../../../avr/lib/avrxmega2/libm.a(log.o)
 .text          0x00003174        0x0 /home/baxelrod/ARM-H/avr8-gnu-toolchain-linux_x86/bin/../lib/gcc/avr/4.6.2/../../../../avr/lib/avrxmega2/libm.a(modf.o)
 .text          0x00003174        0x0 /home/baxelrod/ARM-H/avr8-gnu-toolchain-linux_x86/bin/../lib/gcc/avr/4.6.2/../../../../avr/lib/avrxmega2/libm.a(mulsf3.o)
 .text          0x00003174        0x0 /home/baxelrod/ARM-H/avr8-gnu-toolchain-linux_x86/bin/../lib/gcc/avr/4.6.2/../../../../avr/lib/avrxmega2/libm.a(mulsf3x.o)
 .text          0x00003174        0x0 /home/baxelrod/ARM-H/avr8-gnu-toolchain-linux_x86/bin/../lib/gcc/avr/4.6.2/../../../../avr/lib/avrxmega2/libm.a(round.o)
 .text          0x00003174        0x0 /home/baxelrod/ARM-H/avr8-gnu-toolchain-linux_x86/bin/../lib/gcc/avr/4.6.2/../../../../avr/lib/avrxmega2/libm.a(sqrt.o)
 .text          0x00003174        0x0 /home/baxelrod/ARM-H/avr8-gnu-toolchain-linux_x86/bin/../lib/gcc/avr/4.6.2/../../../../avr/lib/avrxmega2/libm.a(unordsf2.o)
 .text          0x00003174        0x0 /home/baxelrod/ARM-H/avr8-gnu-toolchain-linux_x86/bin/../lib/gcc/avr/4.6.2/../../../../avr/lib/avrxmega2/libm.a(fp_norm2.o)
 .text          0x00003174        0x0 /home/baxelrod/ARM-H/avr8-gnu-toolchain-linux_x86/bin/../lib/gcc/avr/4.6.2/avrxmega2/libgcc.a(_exit.o)
 .text          0x00003174        0x0 /home/baxelrod/ARM-H/avr8-gnu-toolchain-linux_x86/bin/../lib/gcc/avr/4.6.2/avrxmega2/libgcc.a(_copy_data.o)
 .text          0x00003174        0x0 /home/baxelrod/ARM-H/avr8-gnu-toolchain-linux_x86/bin/../lib/gcc/avr/4.6.2/avrxmega2/libgcc.a(_clear_bss.o)
 .text          0x00003174        0x0 /home/baxelrod/ARM-H/avr8-gnu-toolchain-linux_x86/bin/../lib/gcc/avr/4.6.2/../../../../avr/lib/avrxmega2/libc.a(memcpy.o)
 .text          0x00003174        0x0 /home/baxelrod/ARM-H/avr8-gnu-toolchain-linux_x86/bin/../lib/gcc/avr/4.6.2/../../../../avr/lib/avrxmega2/libc.a(eerd_byte_atxmega32a4u.o)
 .text          0x00003174        0x0 /home/baxelrod/ARM-H/avr8-gnu-toolchain-linux_x86/bin/../lib/gcc/avr/4.6.2/../../../../avr/lib/avrxmega2/libc.a(eewr_byte_atxmega32a4u.o)
                0x00003174                . = ALIGN (0x2)
 *(.text.*)
 .text.startup  0x00003174      0x172 motor.o
                0x00003174                main
 .text.avr-libc.fplib
                0x000032e6        0xa /home/baxelrod/ARM-H/avr8-gnu-toolchain-linux_x86/bin/../lib/gcc/avr/4.6.2/../../../../avr/lib/avrxmega2/libm.a(addsf3.o)
                0x000032e6                __subsf3
                0x000032e8                __addsf3
 .text.avr-libc.fplib
                0x000032f0       0xc0 /home/baxelrod/ARM-H/avr8-gnu-toolchain-linux_x86/bin/../lib/gcc/avr/4.6.2/../../../../avr/lib/avrxmega2/libm.a(addsf3x.o)
                0x0000330a                __addsf3x
 .text.avr-libc.fplib
                0x000033b0       0x26 /home/baxelrod/ARM-H/avr8-gnu-toolchain-linux_x86/bin/../lib/gcc/avr/4.6.2/../../../../avr/lib/avrxmega2/libm.a(ceil.o)
                0x000033b0                ceil
 .text.avr-libc.fplib
                0x000033d6        0x8 /home/baxelrod/ARM-H/avr8-gnu-toolchain-linux_x86/bin/../lib/gcc/avr/4.6.2/../../../../avr/lib/avrxmega2/libm.a(cmpsf2.o)
                0x000033d6                __lesf2
                0x000033d6                __nesf2
                0x000033d6                __eqsf2
                0x000033d6                __cmpsf2
                0x000033d6                __ltsf2
 .text.avr-libc.fplib
                0x000033de        0x4 /home/baxelrod/ARM-H/avr8-gnu-toolchain-linux_x86/bin/../lib/gcc/avr/4.6.2/../../../../avr/lib/avrxmega2/libm.a(divsf3.o)
                0x000033de                __divsf3
 .text.avr-libc.fplib
                0x000033e2       0xcc /home/baxelrod/ARM-H/avr8-gnu-toolchain-linux_x86/bin/../lib/gcc/avr/4.6.2/../../../../avr/lib/avrxmega2/libm.a(divsf3x.o)
                0x000033f8                __divsf3x
                0x000033fc                __divsf3_pse
 .text.avr-libc.fplib
                0x000034ae       0x62 /home/baxelrod/ARM-H/avr8-gnu-toolchain-linux_x86/bin/../lib/gcc/avr/4.6.2/../../../../avr/lib/avrxmega2/libm.a(exp.o)
                0x000034b8                exp
 .text.avr-libc.fplib
                0x00003510        0xa /home/baxelrod/ARM-H/avr8-gnu-toolchain-linux_x86/bin/../lib/gcc/avr/4.6.2/../../../../avr/lib/avrxmega2/libm.a(fixsfsi.o)
                0x00003510                __fixsfsi
 .text.avr-libc.fplib
                0x0000351a       0x58 /home/baxelrod/ARM-H/avr8-gnu-toolchain-linux_x86/bin/../lib/gcc/avr/4.6.2/../../../../avr/lib/avrxmega2/libm.a(fixunssfsi.o)
                0x0000351a                __fixunssfsi
 .text.avr-libc.fplib
                0x00003572       0x7a /home/baxelrod/ARM-H/avr8-gnu-toolchain-linux_x86/bin/../lib/gcc/avr/4.6.2/../../../../avr/lib/avrxmega2/libm.a(floatsisf.o)
                0x00003572                __floatunsisf
                0x00003576                __floatsisf
 .text.avr-libc.fplib
                0x000035ec       0x48 /home/baxelrod/ARM-H/avr8-gnu-toolchain-linux_x86/bin/../lib/gcc/avr/4.6.2/../../../../avr/lib/avrxmega2/libm.a(fp_cmp.o)
                0x000035ec                __fp_cmp
 .text.avr-libc.fplib
                0x00003634        0xc /home/baxelrod/ARM-H/avr8-gnu-toolchain-linux_x86/bin/../lib/gcc/avr/4.6.2/../../../../avr/lib/avrxmega2/libm.a(fp_inf.o)
                0x00003634                __fp_inf
 .text.avr-libc.fplib
                0x00003640       0x36 /home/baxelrod/ARM-H/avr8-gnu-toolchain-linux_x86/bin/../lib/gcc/avr/4.6.2/../../../../avr/lib/avrxmega2/libm.a(fp_mintl.o)
                0x00003640                __fp_mintl
 .text.avr-libc.fplib
                0x00003676       0x1c /home/baxelrod/ARM-H/avr8-gnu-toolchain-linux_x86/bin/../lib/gcc/avr/4.6.2/../../../../avr/lib/avrxmega2/libm.a(fp_mpack.o)
                0x00003676                __fp_mpack
                0x0000367a                __fp_mpack_finite
 .text.avr-libc.fplib
                0x00003692        0x6 /home/baxelrod/ARM-H/avr8-gnu-toolchain-linux_x86/bin/../lib/gcc/avr/4.6.2/../../../../avr/lib/avrxmega2/libm.a(fp_nan.o)
                0x00003692                __fp_nan
 .text.avr-libc.fplib
                0x00003698       0x4a /home/baxelrod/ARM-H/avr8-gnu-toolchain-linux_x86/bin/../lib/gcc/avr/4.6.2/../../../../avr/lib/avrxmega2/libm.a(fp_powser.o)
                0x00003698                __fp_powser
 .text.avr-libc.fplib
                0x000036e2        0xe /home/baxelrod/ARM-H/avr8-gnu-toolchain-linux_x86/bin/../lib/gcc/avr/4.6.2/../../../../avr/lib/avrxmega2/libm.a(fp_pscA.o)
                0x000036e2                __fp_pscA
 .text.avr-libc.fplib
                0x000036f0        0xe /home/baxelrod/ARM-H/avr8-gnu-toolchain-linux_x86/bin/../lib/gcc/avr/4.6.2/../../../../avr/lib/avrxmega2/libm.a(fp_pscB.o)
                0x000036f0                __fp_pscB
 .text.avr-libc.fplib
                0x000036fe       0x22 /home/baxelrod/ARM-H/avr8-gnu-toolchain-linux_x86/bin/../lib/gcc/avr/4.6.2/../../../../avr/lib/avrxmega2/libm.a(fp_round.o)
                0x000036fe                __fp_round
 .text.avr-libc.fplib
                0x00003720       0x44 /home/baxelrod/ARM-H/avr8-gnu-toolchain-linux_x86/bin/../lib/gcc/avr/4.6.2/../../../../avr/lib/avrxmega2/libm.a(fp_split3.o)
                0x00003720                __fp_split3
                0x00003730                __fp_splitA
 .text.avr-libc.fplib
                0x00003764       0x2e /home/baxelrod/ARM-H/avr8-gnu-toolchain-linux_x86/bin/../lib/gcc/avr/4.6.2/../../../../avr/lib/avrxmega2/libm.a(fp_trunc.o)
                0x00003764                __fp_trunc
 .text.avr-libc.fplib
                0x00003792        0xe /home/baxelrod/ARM-H/avr8-gnu-toolchain-linux_x86/bin/../lib/gcc/avr/4.6.2/../../../../avr/lib/avrxmega2/libm.a(fp_zero.o)
                0x00003792                __fp_zero
                0x00003794                __fp_szero
 .text.avr-libc.fplib
                0x000037a0        0x8 /home/baxelrod/ARM-H/avr8-gnu-toolchain-linux_x86/bin/../lib/gcc/avr/4.6.2/../../../../avr/lib/avrxmega2/libm.a(gesf2.o)
                0x000037a0                __gtsf2
                0x000037a0                __gesf2
 .text.avr-libc.fplib
                0x000037a8        0xe /home/baxelrod/ARM-H/avr8-gnu-toolchain-linux_x86/bin/../lib/gcc/avr/4.6.2/../../../../avr/lib/avrxmega2/libm.a(inverse.o)
                0x000037a8                inverse
 .text.avr-libc.fplib
                0x000037b6       0x6c /home/baxelrod/ARM-H/avr8-gnu-toolchain-linux_x86/bin/../lib/gcc/avr/4.6.2/../../../../avr/lib/avrxmega2/libm.a(ldexp.o)
                0x000037ba                ldexp
 .text.avr-libc.fplib
                0x00003822       0x8a /home/baxelrod/ARM-H/avr8-gnu-toolchain-linux_x86/bin/../lib/gcc/avr/4.6.2/../../../../avr/lib/avrxmega2/libm.a(log.o)
                0x0000382c                log
 .text.avr-libc.fplib
                0x000038ac       0x66 /home/baxelrod/ARM-H/avr8-gnu-toolchain-linux_x86/bin/../lib/gcc/avr/4.6.2/../../../../avr/lib/avrxmega2/libm.a(modf.o)
                0x000038ac                modff
                0x000038ac                modf
 .text.avr-libc.fplib
                0x00003912        0x4 /home/baxelrod/ARM-H/avr8-gnu-toolchain-linux_x86/bin/../lib/gcc/avr/4.6.2/../../../../avr/lib/avrxmega2/libm.a(mulsf3.o)
                0x00003912                __mulsf3
 .text.avr-libc.fplib
                0x00003916       0xc2 /home/baxelrod/ARM-H/avr8-gnu-toolchain-linux_x86/bin/../lib/gcc/avr/4.6.2/../../../../avr/lib/avrxmega2/libm.a(mulsf3x.o)
                0x0000392a                __mulsf3x
                0x0000392e                __mulsf3_pse
 .text.avr-libc.fplib
                0x000039d8       0x40 /home/baxelrod/ARM-H/avr8-gnu-toolchain-linux_x86/bin/../lib/gcc/avr/4.6.2/../../../../avr/lib/avrxmega2/libm.a(round.o)
                0x000039d8                round
 .text.avr-libc.fplib
                0x00003a18       0x84 /home/baxelrod/ARM-H/avr8-gnu-toolchain-linux_x86/bin/../lib/gcc/avr/4.6.2/../../../../avr/lib/avrxmega2/libm.a(sqrt.o)
                0x00003a20                sqrt
 .text.avr-libc.fplib
                0x00003a9c        0x8 /home/baxelrod/ARM-H/avr8-gnu-toolchain-linux_x86/bin/../lib/gcc/avr/4.6.2/../../../../avr/lib/avrxmega2/libm.a(unordsf2.o)
                0x00003a9c                __unordsf2
 .text.avr-libc.fplib
                0x00003aa4        0xe /home/baxelrod/ARM-H/avr8-gnu-toolchain-linux_x86/bin/../lib/gcc/avr/4.6.2/../../../../avr/lib/avrxmega2/libm.a(fp_norm2.o)
                0x00003aa4                __fp_norm2
 .text.libgcc   0x00003ab2        0x0 /home/baxelrod/ARM-H/avr8-gnu-toolchain-linux_x86/bin/../lib/gcc/avr/4.6.2/avrxmega2/libgcc.a(_exit.o)
 .text.libgcc   0x00003ab2        0x0 /home/baxelrod/ARM-H/avr8-gnu-toolchain-linux_x86/bin/../lib/gcc/avr/4.6.2/avrxmega2/libgcc.a(_copy_data.o)
 .text.libgcc   0x00003ab2        0x0 /home/baxelrod/ARM-H/avr8-gnu-toolchain-linux_x86/bin/../lib/gcc/avr/4.6.2/avrxmega2/libgcc.a(_clear_bss.o)
 .text.avr-libc
                0x00003ab2       0x12 /home/baxelrod/ARM-H/avr8-gnu-toolchain-linux_x86/bin/../lib/gcc/avr/4.6.2/../../../../avr/lib/avrxmega2/libc.a(memcpy.o)
                0x00003ab2                memcpy
 .text.avr-libc
                0x00003ac4       0x20 /home/baxelrod/ARM-H/avr8-gnu-toolchain-linux_x86/bin/../lib/gcc/avr/4.6.2/../../../../avr/lib/avrxmega2/libc.a(eerd_byte_atxmega32a4u.o)
                0x00003ac4                __eerd_byte_x32a4u
                0x00003acc                eeprom_mapen
 .text.avr-libc
                0x00003ae4       0x46 /home/baxelrod/ARM-H/avr8-gnu-toolchain-linux_x86/bin/../lib/gcc/avr/4.6.2/../../../../avr/lib/avrxmega2/libc.a(eewr_byte_atxmega32a4u.o)
                0x00003ae4                __eewr_byte_x32a4u
                0x00003ae6                __eewr_r18_x32a4u
                0x00003b2a                . = ALIGN (0x2)
 *(.fini9)
 .fini9         0x00003b2a        0x0 /home/baxelrod/ARM-H/avr8-gnu-toolchain-linux_x86/bin/../lib/gcc/avr/4.6.2/avrxmega2/libgcc.a(_exit.o)
                0x00003b2a                exit
                0x00003b2a                _exit
 *(.fini9)
 *(.fini8)
 *(.fini8)
 *(.fini7)
 *(.fini7)
 *(.fini6)
 *(.fini6)
 *(.fini5)
 *(.fini5)
 *(.fini4)
 *(.fini4)
 *(.fini3)
 *(.fini3)
 *(.fini2)
 *(.fini2)
 *(.fini1)
 *(.fini1)
 *(.fini0)
 .fini0         0x00003b2a        0x4 /home/baxelrod/ARM-H/avr8-gnu-toolchain-linux_x86/bin/../lib/gcc/avr/4.6.2/avrxmega2/libgcc.a(_exit.o)
 *(.fini0)
                0x00003b2e                _etext = .

.data           0x00802000       0x3a load address 0x00003b2e
                0x00802000                PROVIDE (__data_start, .)
 *(.data)
 .data          0x00802000        0x0 /home/baxelrod/ARM-H/avr8-gnu-toolchain-linux_x86/bin/../lib/gcc/avr/4.6.2/../../../../avr/lib/avrxmega2/crtx32a4u.o
 .data          0x00802000        0x4 currentADC.o
                0x00802000                statorTemperature
 .data          0x00802004        0x1 daisycomm.o
 .data          0x00802005       0x24 hallctrl.o
 .data          0x00802029        0x4 PIDcontroller.o
                0x00802029                maximumOutputCommand
 .data          0x0080202d        0x5 thermalModel.o
                0x0080202d                realWindingResistance
 .data          0x00802032        0x4 velcounter.o
                0x00802032                averagePeriod
 .data          0x00802036        0x4 motor.o
 .data          0x0080203a        0x0 /home/baxelrod/ARM-H/avr8-gnu-toolchain-linux_x86/bin/../lib/gcc/avr/4.6.2/../../../../avr/lib/avrxmega2/libm.a(addsf3.o)
 .data          0x0080203a        0x0 /home/baxelrod/ARM-H/avr8-gnu-toolchain-linux_x86/bin/../lib/gcc/avr/4.6.2/../../../../avr/lib/avrxmega2/libm.a(addsf3x.o)
 .data          0x0080203a        0x0 /home/baxelrod/ARM-H/avr8-gnu-toolchain-linux_x86/bin/../lib/gcc/avr/4.6.2/../../../../avr/lib/avrxmega2/libm.a(ceil.o)
 .data          0x0080203a        0x0 /home/baxelrod/ARM-H/avr8-gnu-toolchain-linux_x86/bin/../lib/gcc/avr/4.6.2/../../../../avr/lib/avrxmega2/libm.a(cmpsf2.o)
 .data          0x0080203a        0x0 /home/baxelrod/ARM-H/avr8-gnu-toolchain-linux_x86/bin/../lib/gcc/avr/4.6.2/../../../../avr/lib/avrxmega2/libm.a(divsf3.o)
 .data          0x0080203a        0x0 /home/baxelrod/ARM-H/avr8-gnu-toolchain-linux_x86/bin/../lib/gcc/avr/4.6.2/../../../../avr/lib/avrxmega2/libm.a(divsf3x.o)
 .data          0x0080203a        0x0 /home/baxelrod/ARM-H/avr8-gnu-toolchain-linux_x86/bin/../lib/gcc/avr/4.6.2/../../../../avr/lib/avrxmega2/libm.a(exp.o)
 .data          0x0080203a        0x0 /home/baxelrod/ARM-H/avr8-gnu-toolchain-linux_x86/bin/../lib/gcc/avr/4.6.2/../../../../avr/lib/avrxmega2/libm.a(fixsfsi.o)
 .data          0x0080203a        0x0 /home/baxelrod/ARM-H/avr8-gnu-toolchain-linux_x86/bin/../lib/gcc/avr/4.6.2/../../../../avr/lib/avrxmega2/libm.a(fixunssfsi.o)
 .data          0x0080203a        0x0 /home/baxelrod/ARM-H/avr8-gnu-toolchain-linux_x86/bin/../lib/gcc/avr/4.6.2/../../../../avr/lib/avrxmega2/libm.a(floatsisf.o)
 .data          0x0080203a        0x0 /home/baxelrod/ARM-H/avr8-gnu-toolchain-linux_x86/bin/../lib/gcc/avr/4.6.2/../../../../avr/lib/avrxmega2/libm.a(fp_cmp.o)
 .data          0x0080203a        0x0 /home/baxelrod/ARM-H/avr8-gnu-toolchain-linux_x86/bin/../lib/gcc/avr/4.6.2/../../../../avr/lib/avrxmega2/libm.a(fp_inf.o)
 .data          0x0080203a        0x0 /home/baxelrod/ARM-H/avr8-gnu-toolchain-linux_x86/bin/../lib/gcc/avr/4.6.2/../../../../avr/lib/avrxmega2/libm.a(fp_mintl.o)
 .data          0x0080203a        0x0 /home/baxelrod/ARM-H/avr8-gnu-toolchain-linux_x86/bin/../lib/gcc/avr/4.6.2/../../../../avr/lib/avrxmega2/libm.a(fp_mpack.o)
 .data          0x0080203a        0x0 /home/baxelrod/ARM-H/avr8-gnu-toolchain-linux_x86/bin/../lib/gcc/avr/4.6.2/../../../../avr/lib/avrxmega2/libm.a(fp_nan.o)
 .data          0x0080203a        0x0 /home/baxelrod/ARM-H/avr8-gnu-toolchain-linux_x86/bin/../lib/gcc/avr/4.6.2/../../../../avr/lib/avrxmega2/libm.a(fp_powser.o)
 .data          0x0080203a        0x0 /home/baxelrod/ARM-H/avr8-gnu-toolchain-linux_x86/bin/../lib/gcc/avr/4.6.2/../../../../avr/lib/avrxmega2/libm.a(fp_pscA.o)
 .data          0x0080203a        0x0 /home/baxelrod/ARM-H/avr8-gnu-toolchain-linux_x86/bin/../lib/gcc/avr/4.6.2/../../../../avr/lib/avrxmega2/libm.a(fp_pscB.o)
 .data          0x0080203a        0x0 /home/baxelrod/ARM-H/avr8-gnu-toolchain-linux_x86/bin/../lib/gcc/avr/4.6.2/../../../../avr/lib/avrxmega2/libm.a(fp_round.o)
 .data          0x0080203a        0x0 /home/baxelrod/ARM-H/avr8-gnu-toolchain-linux_x86/bin/../lib/gcc/avr/4.6.2/../../../../avr/lib/avrxmega2/libm.a(fp_split3.o)
 .data          0x0080203a        0x0 /home/baxelrod/ARM-H/avr8-gnu-toolchain-linux_x86/bin/../lib/gcc/avr/4.6.2/../../../../avr/lib/avrxmega2/libm.a(fp_trunc.o)
 .data          0x0080203a        0x0 /home/baxelrod/ARM-H/avr8-gnu-toolchain-linux_x86/bin/../lib/gcc/avr/4.6.2/../../../../avr/lib/avrxmega2/libm.a(fp_zero.o)
 .data          0x0080203a        0x0 /home/baxelrod/ARM-H/avr8-gnu-toolchain-linux_x86/bin/../lib/gcc/avr/4.6.2/../../../../avr/lib/avrxmega2/libm.a(gesf2.o)
 .data          0x0080203a        0x0 /home/baxelrod/ARM-H/avr8-gnu-toolchain-linux_x86/bin/../lib/gcc/avr/4.6.2/../../../../avr/lib/avrxmega2/libm.a(inverse.o)
 .data          0x0080203a        0x0 /home/baxelrod/ARM-H/avr8-gnu-toolchain-linux_x86/bin/../lib/gcc/avr/4.6.2/../../../../avr/lib/avrxmega2/libm.a(ldexp.o)
 .data          0x0080203a        0x0 /home/baxelrod/ARM-H/avr8-gnu-toolchain-linux_x86/bin/../lib/gcc/avr/4.6.2/../../../../avr/lib/avrxmega2/libm.a(log.o)
 .data          0x0080203a        0x0 /home/baxelrod/ARM-H/avr8-gnu-toolchain-linux_x86/bin/../lib/gcc/avr/4.6.2/../../../../avr/lib/avrxmega2/libm.a(modf.o)
 .data          0x0080203a        0x0 /home/baxelrod/ARM-H/avr8-gnu-toolchain-linux_x86/bin/../lib/gcc/avr/4.6.2/../../../../avr/lib/avrxmega2/libm.a(mulsf3.o)
 .data          0x0080203a        0x0 /home/baxelrod/ARM-H/avr8-gnu-toolchain-linux_x86/bin/../lib/gcc/avr/4.6.2/../../../../avr/lib/avrxmega2/libm.a(mulsf3x.o)
 .data          0x0080203a        0x0 /home/baxelrod/ARM-H/avr8-gnu-toolchain-linux_x86/bin/../lib/gcc/avr/4.6.2/../../../../avr/lib/avrxmega2/libm.a(round.o)
 .data          0x0080203a        0x0 /home/baxelrod/ARM-H/avr8-gnu-toolchain-linux_x86/bin/../lib/gcc/avr/4.6.2/../../../../avr/lib/avrxmega2/libm.a(sqrt.o)
 .data          0x0080203a        0x0 /home/baxelrod/ARM-H/avr8-gnu-toolchain-linux_x86/bin/../lib/gcc/avr/4.6.2/../../../../avr/lib/avrxmega2/libm.a(unordsf2.o)
 .data          0x0080203a        0x0 /home/baxelrod/ARM-H/avr8-gnu-toolchain-linux_x86/bin/../lib/gcc/avr/4.6.2/../../../../avr/lib/avrxmega2/libm.a(fp_norm2.o)
 .data          0x0080203a        0x0 /home/baxelrod/ARM-H/avr8-gnu-toolchain-linux_x86/bin/../lib/gcc/avr/4.6.2/avrxmega2/libgcc.a(_exit.o)
 .data          0x0080203a        0x0 /home/baxelrod/ARM-H/avr8-gnu-toolchain-linux_x86/bin/../lib/gcc/avr/4.6.2/avrxmega2/libgcc.a(_copy_data.o)
 .data          0x0080203a        0x0 /home/baxelrod/ARM-H/avr8-gnu-toolchain-linux_x86/bin/../lib/gcc/avr/4.6.2/avrxmega2/libgcc.a(_clear_bss.o)
 .data          0x0080203a        0x0 /home/baxelrod/ARM-H/avr8-gnu-toolchain-linux_x86/bin/../lib/gcc/avr/4.6.2/../../../../avr/lib/avrxmega2/libc.a(memcpy.o)
 .data          0x0080203a        0x0 /home/baxelrod/ARM-H/avr8-gnu-toolchain-linux_x86/bin/../lib/gcc/avr/4.6.2/../../../../avr/lib/avrxmega2/libc.a(eerd_byte_atxmega32a4u.o)
 .data          0x0080203a        0x0 /home/baxelrod/ARM-H/avr8-gnu-toolchain-linux_x86/bin/../lib/gcc/avr/4.6.2/../../../../avr/lib/avrxmega2/libc.a(eewr_byte_atxmega32a4u.o)
 *(.data*)
 *(.rodata)
 *(.rodata*)
 *(.gnu.linkonce.d*)
                0x0080203a                . = ALIGN (0x2)
                0x0080203a                _edata = .
                0x0080203a                PROVIDE (__data_end, .)

.bss            0x0080203a      0x24c
                0x0080203a                PROVIDE (__bss_start, .)
 *(.bss)
 .bss           0x0080203a        0x0 /home/baxelrod/ARM-H/avr8-gnu-toolchain-linux_x86/bin/../lib/gcc/avr/4.6.2/../../../../avr/lib/avrxmega2/crtx32a4u.o
 .bss           0x0080203a        0xc currentADC.o
                0x0080203a                tension
                0x0080203e                rawMotorCurrent
                0x00802040                motorCurrent
 .bss           0x00802046      0x1ac daisycomm.o
                0x00802046                notifyTC
                0x00802047                notifyDaisy
 .bss           0x008021f2        0x5 hallctrl.o
                0x008021f2                encoder
 .bss           0x008021f7        0x3 PIDcontroller.o
                0x008021f7                PID_runPID
                0x008021f8                positionSetPoint
 .bss           0x008021fa        0x8 thermalModel.o
                0x008021fa                oldDeltaT
 .bss           0x00802202        0xb velcounter.o
                0x00802202                averageRPM
                0x00802204                currentRelativeCount
 .bss           0x0080220d        0x0 motor.o
 .bss           0x0080220d        0x0 /home/baxelrod/ARM-H/avr8-gnu-toolchain-linux_x86/bin/../lib/gcc/avr/4.6.2/../../../../avr/lib/avrxmega2/libm.a(addsf3.o)
 .bss           0x0080220d        0x0 /home/baxelrod/ARM-H/avr8-gnu-toolchain-linux_x86/bin/../lib/gcc/avr/4.6.2/../../../../avr/lib/avrxmega2/libm.a(addsf3x.o)
 .bss           0x0080220d        0x0 /home/baxelrod/ARM-H/avr8-gnu-toolchain-linux_x86/bin/../lib/gcc/avr/4.6.2/../../../../avr/lib/avrxmega2/libm.a(ceil.o)
 .bss           0x0080220d        0x0 /home/baxelrod/ARM-H/avr8-gnu-toolchain-linux_x86/bin/../lib/gcc/avr/4.6.2/../../../../avr/lib/avrxmega2/libm.a(cmpsf2.o)
 .bss           0x0080220d        0x0 /home/baxelrod/ARM-H/avr8-gnu-toolchain-linux_x86/bin/../lib/gcc/avr/4.6.2/../../../../avr/lib/avrxmega2/libm.a(divsf3.o)
 .bss           0x0080220d        0x0 /home/baxelrod/ARM-H/avr8-gnu-toolchain-linux_x86/bin/../lib/gcc/avr/4.6.2/../../../../avr/lib/avrxmega2/libm.a(divsf3x.o)
 .bss           0x0080220d        0x0 /home/baxelrod/ARM-H/avr8-gnu-toolchain-linux_x86/bin/../lib/gcc/avr/4.6.2/../../../../avr/lib/avrxmega2/libm.a(exp.o)
 .bss           0x0080220d        0x0 /home/baxelrod/ARM-H/avr8-gnu-toolchain-linux_x86/bin/../lib/gcc/avr/4.6.2/../../../../avr/lib/avrxmega2/libm.a(fixsfsi.o)
 .bss           0x0080220d        0x0 /home/baxelrod/ARM-H/avr8-gnu-toolchain-linux_x86/bin/../lib/gcc/avr/4.6.2/../../../../avr/lib/avrxmega2/libm.a(fixunssfsi.o)
 .bss           0x0080220d        0x0 /home/baxelrod/ARM-H/avr8-gnu-toolchain-linux_x86/bin/../lib/gcc/avr/4.6.2/../../../../avr/lib/avrxmega2/libm.a(floatsisf.o)
 .bss           0x0080220d        0x0 /home/baxelrod/ARM-H/avr8-gnu-toolchain-linux_x86/bin/../lib/gcc/avr/4.6.2/../../../../avr/lib/avrxmega2/libm.a(fp_cmp.o)
 .bss           0x0080220d        0x0 /home/baxelrod/ARM-H/avr8-gnu-toolchain-linux_x86/bin/../lib/gcc/avr/4.6.2/../../../../avr/lib/avrxmega2/libm.a(fp_inf.o)
 .bss           0x0080220d        0x0 /home/baxelrod/ARM-H/avr8-gnu-toolchain-linux_x86/bin/../lib/gcc/avr/4.6.2/../../../../avr/lib/avrxmega2/libm.a(fp_mintl.o)
 .bss           0x0080220d        0x0 /home/baxelrod/ARM-H/avr8-gnu-toolchain-linux_x86/bin/../lib/gcc/avr/4.6.2/../../../../avr/lib/avrxmega2/libm.a(fp_mpack.o)
 .bss           0x0080220d        0x0 /home/baxelrod/ARM-H/avr8-gnu-toolchain-linux_x86/bin/../lib/gcc/avr/4.6.2/../../../../avr/lib/avrxmega2/libm.a(fp_nan.o)
 .bss           0x0080220d        0x0 /home/baxelrod/ARM-H/avr8-gnu-toolchain-linux_x86/bin/../lib/gcc/avr/4.6.2/../../../../avr/lib/avrxmega2/libm.a(fp_powser.o)
 .bss           0x0080220d        0x0 /home/baxelrod/ARM-H/avr8-gnu-toolchain-linux_x86/bin/../lib/gcc/avr/4.6.2/../../../../avr/lib/avrxmega2/libm.a(fp_pscA.o)
 .bss           0x0080220d        0x0 /home/baxelrod/ARM-H/avr8-gnu-toolchain-linux_x86/bin/../lib/gcc/avr/4.6.2/../../../../avr/lib/avrxmega2/libm.a(fp_pscB.o)
 .bss           0x0080220d        0x0 /home/baxelrod/ARM-H/avr8-gnu-toolchain-linux_x86/bin/../lib/gcc/avr/4.6.2/../../../../avr/lib/avrxmega2/libm.a(fp_round.o)
 .bss           0x0080220d        0x0 /home/baxelrod/ARM-H/avr8-gnu-toolchain-linux_x86/bin/../lib/gcc/avr/4.6.2/../../../../avr/lib/avrxmega2/libm.a(fp_split3.o)
 .bss           0x0080220d        0x0 /home/baxelrod/ARM-H/avr8-gnu-toolchain-linux_x86/bin/../lib/gcc/avr/4.6.2/../../../../avr/lib/avrxmega2/libm.a(fp_trunc.o)
 .bss           0x0080220d        0x0 /home/baxelrod/ARM-H/avr8-gnu-toolchain-linux_x86/bin/../lib/gcc/avr/4.6.2/../../../../avr/lib/avrxmega2/libm.a(fp_zero.o)
 .bss           0x0080220d        0x0 /home/baxelrod/ARM-H/avr8-gnu-toolchain-linux_x86/bin/../lib/gcc/avr/4.6.2/../../../../avr/lib/avrxmega2/libm.a(gesf2.o)
 .bss           0x0080220d        0x0 /home/baxelrod/ARM-H/avr8-gnu-toolchain-linux_x86/bin/../lib/gcc/avr/4.6.2/../../../../avr/lib/avrxmega2/libm.a(inverse.o)
 .bss           0x0080220d        0x0 /home/baxelrod/ARM-H/avr8-gnu-toolchain-linux_x86/bin/../lib/gcc/avr/4.6.2/../../../../avr/lib/avrxmega2/libm.a(ldexp.o)
 .bss           0x0080220d        0x0 /home/baxelrod/ARM-H/avr8-gnu-toolchain-linux_x86/bin/../lib/gcc/avr/4.6.2/../../../../avr/lib/avrxmega2/libm.a(log.o)
 .bss           0x0080220d        0x0 /home/baxelrod/ARM-H/avr8-gnu-toolchain-linux_x86/bin/../lib/gcc/avr/4.6.2/../../../../avr/lib/avrxmega2/libm.a(modf.o)
 .bss           0x0080220d        0x0 /home/baxelrod/ARM-H/avr8-gnu-toolchain-linux_x86/bin/../lib/gcc/avr/4.6.2/../../../../avr/lib/avrxmega2/libm.a(mulsf3.o)
 .bss           0x0080220d        0x0 /home/baxelrod/ARM-H/avr8-gnu-toolchain-linux_x86/bin/../lib/gcc/avr/4.6.2/../../../../avr/lib/avrxmega2/libm.a(mulsf3x.o)
 .bss           0x0080220d        0x0 /home/baxelrod/ARM-H/avr8-gnu-toolchain-linux_x86/bin/../lib/gcc/avr/4.6.2/../../../../avr/lib/avrxmega2/libm.a(round.o)
 .bss           0x0080220d        0x0 /home/baxelrod/ARM-H/avr8-gnu-toolchain-linux_x86/bin/../lib/gcc/avr/4.6.2/../../../../avr/lib/avrxmega2/libm.a(sqrt.o)
 .bss           0x0080220d        0x0 /home/baxelrod/ARM-H/avr8-gnu-toolchain-linux_x86/bin/../lib/gcc/avr/4.6.2/../../../../avr/lib/avrxmega2/libm.a(unordsf2.o)
 .bss           0x0080220d        0x0 /home/baxelrod/ARM-H/avr8-gnu-toolchain-linux_x86/bin/../lib/gcc/avr/4.6.2/../../../../avr/lib/avrxmega2/libm.a(fp_norm2.o)
 .bss           0x0080220d        0x0 /home/baxelrod/ARM-H/avr8-gnu-toolchain-linux_x86/bin/../lib/gcc/avr/4.6.2/avrxmega2/libgcc.a(_exit.o)
 .bss           0x0080220d        0x0 /home/baxelrod/ARM-H/avr8-gnu-toolchain-linux_x86/bin/../lib/gcc/avr/4.6.2/avrxmega2/libgcc.a(_copy_data.o)
 .bss           0x0080220d        0x0 /home/baxelrod/ARM-H/avr8-gnu-toolchain-linux_x86/bin/../lib/gcc/avr/4.6.2/avrxmega2/libgcc.a(_clear_bss.o)
 .bss           0x0080220d        0x0 /home/baxelrod/ARM-H/avr8-gnu-toolchain-linux_x86/bin/../lib/gcc/avr/4.6.2/../../../../avr/lib/avrxmega2/libc.a(memcpy.o)
 .bss           0x0080220d        0x0 /home/baxelrod/ARM-H/avr8-gnu-toolchain-linux_x86/bin/../lib/gcc/avr/4.6.2/../../../../avr/lib/avrxmega2/libc.a(eerd_byte_atxmega32a4u.o)
 .bss           0x0080220d        0x0 /home/baxelrod/ARM-H/avr8-gnu-toolchain-linux_x86/bin/../lib/gcc/avr/4.6.2/../../../../avr/lib/avrxmega2/libc.a(eewr_byte_atxmega32a4u.o)
 *(.bss*)
 *(COMMON)
 COMMON         0x0080220d        0x6 currentADC.o
                0x0080220d                thermistorVoltage
                0x00802211                rawReading
 COMMON         0x00802213        0x4 daisycomm.o
                0x00802213                RxCheckSumErrCnt
 COMMON         0x00802217        0xb PIDcontroller.o
                0x00802217                PID_state
 COMMON         0x00802222       0x64 motor.o
                0x00802222                Parameter
                0x00802286                PROVIDE (__bss_end, .)
                0x00003b2e                __data_load_start = LOADADDR (.data)
                0x00003b68                __data_load_end = (__data_load_start + SIZEOF (.data))

.noinit         0x00802286        0x0
                0x00802286                PROVIDE (__noinit_start, .)
 *(.noinit*)
                0x00802286                PROVIDE (__noinit_end, .)
                0x00802286                _end = .
                0x00802286                PROVIDE (__heap_start, .)

.eeprom         0x00810000        0x0
 *(.eeprom*)
                0x00810000                __eeprom_end = .

.fuse
 *(.fuse)
 *(.lfuse)
 *(.hfuse)
 *(.efuse)

.lock
 *(.lock*)

.signature
 *(.signature*)

.stab           0x00000000      0x6cc
 *(.stab)
 .stab          0x00000000      0x6cc /home/baxelrod/ARM-H/avr8-gnu-toolchain-linux_x86/bin/../lib/gcc/avr/4.6.2/../../../../avr/lib/avrxmega2/crtx32a4u.o

.stabstr        0x00000000       0x85
 *(.stabstr)
 .stabstr       0x00000000       0x85 /home/baxelrod/ARM-H/avr8-gnu-toolchain-linux_x86/bin/../lib/gcc/avr/4.6.2/../../../../avr/lib/avrxmega2/crtx32a4u.o

.stab.excl
 *(.stab.excl)

.stab.exclstr
 *(.stab.exclstr)

.stab.index
 *(.stab.index)

.stab.indexstr
 *(.stab.indexstr)

.comment
 *(.comment)

.debug
 *(.debug)

.line
 *(.line)

.debug_srcinfo
 *(.debug_srcinfo)

.debug_sfnames
 *(.debug_sfnames)

.debug_aranges  0x00000000       0xe8
 *(.debug_aranges)
 .debug_aranges
                0x00000000       0x20 currentADC.o
 .debug_aranges
                0x00000020       0x20 daisycomm.o
 .debug_aranges
                0x00000040       0x20 hallctrl.o
 .debug_aranges
                0x00000060       0x20 PIDcontroller.o
 .debug_aranges
                0x00000080       0x20 thermalModel.o
 .debug_aranges
                0x000000a0       0x20 velcounter.o
 .debug_aranges
                0x000000c0       0x28 motor.o

.debug_pubnames
 *(.debug_pubnames)

.debug_info     0x00000000     0x5d22
 *(.debug_info)
 .debug_info    0x00000000      0xf45 currentADC.o
 .debug_info    0x00000f45     0x1628 daisycomm.o
 .debug_info    0x0000256d      0xc3a hallctrl.o
 .debug_info    0x000031a7      0x619 PIDcontroller.o
 .debug_info    0x000037c0      0x4ae thermalModel.o
 .debug_info    0x00003c6e      0xdfc velcounter.o
 .debug_info    0x00004a6a     0x12b8 motor.o
 *(.gnu.linkonce.wi.*)

.debug_abbrev   0x00000000     0x104f
 *(.debug_abbrev)
 .debug_abbrev  0x00000000      0x1cb currentADC.o
 .debug_abbrev  0x000001cb      0x308 daisycomm.o
 .debug_abbrev  0x000004d3      0x201 hallctrl.o
 .debug_abbrev  0x000006d4      0x1df PIDcontroller.o
 .debug_abbrev  0x000008b3      0x1fe thermalModel.o
 .debug_abbrev  0x00000ab1      0x1c6 velcounter.o
 .debug_abbrev  0x00000c77      0x3d8 motor.o

.debug_line     0x00000000     0x10fb
 *(.debug_line)
 .debug_line    0x00000000      0x18f currentADC.o
 .debug_line    0x0000018f      0x377 daisycomm.o
 .debug_line    0x00000506      0x1e4 hallctrl.o
 .debug_line    0x000006ea      0x230 PIDcontroller.o
 .debug_line    0x0000091a      0x1bc thermalModel.o
 .debug_line    0x00000ad6      0x195 velcounter.o
 .debug_line    0x00000c6b      0x490 motor.o

.debug_frame    0x00000000      0x96c
 *(.debug_frame)
 .debug_frame   0x00000000       0x6c currentADC.o
 .debug_frame   0x0000006c      0x21c daisycomm.o
 .debug_frame   0x00000288      0x120 hallctrl.o
 .debug_frame   0x000003a8      0x1a4 PIDcontroller.o
 .debug_frame   0x0000054c      0x1a4 thermalModel.o
 .debug_frame   0x000006f0       0x80 velcounter.o
 .debug_frame   0x00000770      0x1fc motor.o

.debug_str      0x00000000     0x4305
 *(.debug_str)
 .debug_str     0x00000000     0x1bb1 currentADC.o
                               0x1c17 (size before relaxing)
 .debug_str     0x00001bb1     0x1749 daisycomm.o
                               0x1943 (size before relaxing)
 .debug_str     0x000032fa      0x3e5 hallctrl.o
                                0xab9 (size before relaxing)
 .debug_str     0x000036df      0x35e PIDcontroller.o
                                0x517 (size before relaxing)
 .debug_str     0x00003a3d      0x245 thermalModel.o
                                0x468 (size before relaxing)
 .debug_str     0x00003c82      0x11d velcounter.o
                               0x1564 (size before relaxing)
 .debug_str     0x00003d9f      0x566 motor.o
                                0xa9c (size before relaxing)

.debug_loc      0x00000000     0x29a1
 *(.debug_loc)
 .debug_loc     0x00000000      0x209 currentADC.o
 .debug_loc     0x00000209      0x722 daisycomm.o
 .debug_loc     0x0000092b      0x23d hallctrl.o
 .debug_loc     0x00000b68      0x823 PIDcontroller.o
 .debug_loc     0x0000138b      0x7e4 thermalModel.o
 .debug_loc     0x00001b6f      0x254 velcounter.o
 .debug_loc     0x00001dc3      0xbde motor.o

.debug_macinfo
 *(.debug_macinfo)
OUTPUT(motor.elf elf32-avr)
LOAD linker stubs

.debug_ranges   0x00000000       0x88
 .debug_ranges  0x00000000       0x88 motor.o

Cross Reference Table

Symbol                                            File
BootRelay                                         motor.o
LEDoff                                            motor.o
LEDon                                             motor.o
LEDtoggle                                         motor.o
PIDPreset                                         PIDcontroller.o
                                                  motor.o
                                                  thermalModel.o
PID_runPID                                        PIDcontroller.o
                                                  motor.o
PID_state                                         motor.o
                                                  thermalModel.o
                                                  PIDcontroller.o
Parameter                                         motor.o
                                                  thermalModel.o
                                                  PIDcontroller.o
                                                  hallctrl.o
RxCheckSumErrCnt                                  motor.o
                                                  daisycomm.o
Thermistor_RtoT                                   thermalModel.o
                                                  currentADC.o
Thermistor_VtoR                                   thermalModel.o
                                                  currentADC.o
WriteFloatToEEPROM                                motor.o
__addsf3                                          /home/baxelrod/ARM-H/avr8-gnu-toolchain-linux_x86/bin/../lib/gcc/avr/4.6.2/../../../../avr/lib/avrxmega2/libm.a(addsf3.o)
                                                  /home/baxelrod/ARM-H/avr8-gnu-toolchain-linux_x86/bin/../lib/gcc/avr/4.6.2/../../../../avr/lib/avrxmega2/libm.a(log.o)
                                                  motor.o
                                                  thermalModel.o
                                                  PIDcontroller.o
                                                  currentADC.o
__addsf3x                                         /home/baxelrod/ARM-H/avr8-gnu-toolchain-linux_x86/bin/../lib/gcc/avr/4.6.2/../../../../avr/lib/avrxmega2/libm.a(addsf3x.o)
                                                  /home/baxelrod/ARM-H/avr8-gnu-toolchain-linux_x86/bin/../lib/gcc/avr/4.6.2/../../../../avr/lib/avrxmega2/libm.a(log.o)
                                                  /home/baxelrod/ARM-H/avr8-gnu-toolchain-linux_x86/bin/../lib/gcc/avr/4.6.2/../../../../avr/lib/avrxmega2/libm.a(fp_powser.o)
                                                  /home/baxelrod/ARM-H/avr8-gnu-toolchain-linux_x86/bin/../lib/gcc/avr/4.6.2/../../../../avr/lib/avrxmega2/libm.a(addsf3.o)
__bad_interrupt                                   /home/baxelrod/ARM-H/avr8-gnu-toolchain-linux_x86/bin/../lib/gcc/avr/4.6.2/../../../../avr/lib/avrxmega2/crtx32a4u.o
__bss_end                                         /home/baxelrod/ARM-H/avr8-gnu-toolchain-linux_x86/bin/../lib/gcc/avr/4.6.2/avrxmega2/libgcc.a(_clear_bss.o)
__bss_start                                       /home/baxelrod/ARM-H/avr8-gnu-toolchain-linux_x86/bin/../lib/gcc/avr/4.6.2/avrxmega2/libgcc.a(_clear_bss.o)
__cmpsf2                                          /home/baxelrod/ARM-H/avr8-gnu-toolchain-linux_x86/bin/../lib/gcc/avr/4.6.2/../../../../avr/lib/avrxmega2/libm.a(cmpsf2.o)
__data_end                                        /home/baxelrod/ARM-H/avr8-gnu-toolchain-linux_x86/bin/../lib/gcc/avr/4.6.2/avrxmega2/libgcc.a(_copy_data.o)
__data_load_start                                 /home/baxelrod/ARM-H/avr8-gnu-toolchain-linux_x86/bin/../lib/gcc/avr/4.6.2/avrxmega2/libgcc.a(_copy_data.o)
__data_start                                      /home/baxelrod/ARM-H/avr8-gnu-toolchain-linux_x86/bin/../lib/gcc/avr/4.6.2/avrxmega2/libgcc.a(_copy_data.o)
__divsf3                                          /home/baxelrod/ARM-H/avr8-gnu-toolchain-linux_x86/bin/../lib/gcc/avr/4.6.2/../../../../avr/lib/avrxmega2/libm.a(divsf3.o)
                                                  /home/baxelrod/ARM-H/avr8-gnu-toolchain-linux_x86/bin/../lib/gcc/avr/4.6.2/../../../../avr/lib/avrxmega2/libm.a(inverse.o)
                                                  velcounter.o
                                                  thermalModel.o
                                                  PIDcontroller.o
                                                  currentADC.o
__divsf3_pse                                      /home/baxelrod/ARM-H/avr8-gnu-toolchain-linux_x86/bin/../lib/gcc/avr/4.6.2/../../../../avr/lib/avrxmega2/libm.a(divsf3x.o)
__divsf3x                                         /home/baxelrod/ARM-H/avr8-gnu-toolchain-linux_x86/bin/../lib/gcc/avr/4.6.2/../../../../avr/lib/avrxmega2/libm.a(divsf3x.o)
                                                  /home/baxelrod/ARM-H/avr8-gnu-toolchain-linux_x86/bin/../lib/gcc/avr/4.6.2/../../../../avr/lib/avrxmega2/libm.a(divsf3.o)
__do_clear_bss                                    /home/baxelrod/ARM-H/avr8-gnu-toolchain-linux_x86/bin/../lib/gcc/avr/4.6.2/avrxmega2/libgcc.a(_clear_bss.o)
                                                  motor.o
                                                  velcounter.o
                                                  thermalModel.o
                                                  PIDcontroller.o
                                                  hallctrl.o
                                                  daisycomm.o
                                                  currentADC.o
__do_copy_data                                    /home/baxelrod/ARM-H/avr8-gnu-toolchain-linux_x86/bin/../lib/gcc/avr/4.6.2/avrxmega2/libgcc.a(_copy_data.o)
                                                  motor.o
                                                  velcounter.o
                                                  thermalModel.o
                                                  PIDcontroller.o
                                                  hallctrl.o
                                                  daisycomm.o
                                                  currentADC.o
__eerd_byte_x32a4u                                /home/baxelrod/ARM-H/avr8-gnu-toolchain-linux_x86/bin/../lib/gcc/avr/4.6.2/../../../../avr/lib/avrxmega2/libc.a(eerd_byte_atxmega32a4u.o)
                                                  motor.o
__eewr_byte_x32a4u                                /home/baxelrod/ARM-H/avr8-gnu-toolchain-linux_x86/bin/../lib/gcc/avr/4.6.2/../../../../avr/lib/avrxmega2/libc.a(eewr_byte_atxmega32a4u.o)
                                                  motor.o
__eewr_r18_x32a4u                                 /home/baxelrod/ARM-H/avr8-gnu-toolchain-linux_x86/bin/../lib/gcc/avr/4.6.2/../../../../avr/lib/avrxmega2/libc.a(eewr_byte_atxmega32a4u.o)
__eqsf2                                           /home/baxelrod/ARM-H/avr8-gnu-toolchain-linux_x86/bin/../lib/gcc/avr/4.6.2/../../../../avr/lib/avrxmega2/libm.a(cmpsf2.o)
                                                  PIDcontroller.o
__fixsfsi                                         /home/baxelrod/ARM-H/avr8-gnu-toolchain-linux_x86/bin/../lib/gcc/avr/4.6.2/../../../../avr/lib/avrxmega2/libm.a(fixsfsi.o)
                                                  PIDcontroller.o
                                                  currentADC.o
__fixunssfsi                                      /home/baxelrod/ARM-H/avr8-gnu-toolchain-linux_x86/bin/../lib/gcc/avr/4.6.2/../../../../avr/lib/avrxmega2/libm.a(fixunssfsi.o)
                                                  /home/baxelrod/ARM-H/avr8-gnu-toolchain-linux_x86/bin/../lib/gcc/avr/4.6.2/../../../../avr/lib/avrxmega2/libm.a(fixsfsi.o)
                                                  motor.o
                                                  velcounter.o
                                                  PIDcontroller.o
                                                  hallctrl.o
__floatsisf                                       /home/baxelrod/ARM-H/avr8-gnu-toolchain-linux_x86/bin/../lib/gcc/avr/4.6.2/../../../../avr/lib/avrxmega2/libm.a(floatsisf.o)
                                                  /home/baxelrod/ARM-H/avr8-gnu-toolchain-linux_x86/bin/../lib/gcc/avr/4.6.2/../../../../avr/lib/avrxmega2/libm.a(log.o)
                                                  velcounter.o
                                                  PIDcontroller.o
                                                  hallctrl.o
                                                  currentADC.o
__floatunsisf                                     /home/baxelrod/ARM-H/avr8-gnu-toolchain-linux_x86/bin/../lib/gcc/avr/4.6.2/../../../../avr/lib/avrxmega2/libm.a(floatsisf.o)
                                                  motor.o
                                                  velcounter.o
                                                  thermalModel.o
                                                  PIDcontroller.o
                                                  currentADC.o
__fp_cmp                                          /home/baxelrod/ARM-H/avr8-gnu-toolchain-linux_x86/bin/../lib/gcc/avr/4.6.2/../../../../avr/lib/avrxmega2/libm.a(fp_cmp.o)
                                                  /home/baxelrod/ARM-H/avr8-gnu-toolchain-linux_x86/bin/../lib/gcc/avr/4.6.2/../../../../avr/lib/avrxmega2/libm.a(unordsf2.o)
                                                  /home/baxelrod/ARM-H/avr8-gnu-toolchain-linux_x86/bin/../lib/gcc/avr/4.6.2/../../../../avr/lib/avrxmega2/libm.a(gesf2.o)
                                                  /home/baxelrod/ARM-H/avr8-gnu-toolchain-linux_x86/bin/../lib/gcc/avr/4.6.2/../../../../avr/lib/avrxmega2/libm.a(cmpsf2.o)
__fp_inf                                          /home/baxelrod/ARM-H/avr8-gnu-toolchain-linux_x86/bin/../lib/gcc/avr/4.6.2/../../../../avr/lib/avrxmega2/libm.a(fp_inf.o)
                                                  /home/baxelrod/ARM-H/avr8-gnu-toolchain-linux_x86/bin/../lib/gcc/avr/4.6.2/../../../../avr/lib/avrxmega2/libm.a(mulsf3x.o)
                                                  /home/baxelrod/ARM-H/avr8-gnu-toolchain-linux_x86/bin/../lib/gcc/avr/4.6.2/../../../../avr/lib/avrxmega2/libm.a(log.o)
                                                  /home/baxelrod/ARM-H/avr8-gnu-toolchain-linux_x86/bin/../lib/gcc/avr/4.6.2/../../../../avr/lib/avrxmega2/libm.a(ldexp.o)
                                                  /home/baxelrod/ARM-H/avr8-gnu-toolchain-linux_x86/bin/../lib/gcc/avr/4.6.2/../../../../avr/lib/avrxmega2/libm.a(exp.o)
                                                  /home/baxelrod/ARM-H/avr8-gnu-toolchain-linux_x86/bin/../lib/gcc/avr/4.6.2/../../../../avr/lib/avrxmega2/libm.a(divsf3x.o)
                                                  /home/baxelrod/ARM-H/avr8-gnu-toolchain-linux_x86/bin/../lib/gcc/avr/4.6.2/../../../../avr/lib/avrxmega2/libm.a(addsf3x.o)
__fp_mintl                                        /home/baxelrod/ARM-H/avr8-gnu-toolchain-linux_x86/bin/../lib/gcc/avr/4.6.2/../../../../avr/lib/avrxmega2/libm.a(fp_mintl.o)
                                                  /home/baxelrod/ARM-H/avr8-gnu-toolchain-linux_x86/bin/../lib/gcc/avr/4.6.2/../../../../avr/lib/avrxmega2/libm.a(round.o)
                                                  /home/baxelrod/ARM-H/avr8-gnu-toolchain-linux_x86/bin/../lib/gcc/avr/4.6.2/../../../../avr/lib/avrxmega2/libm.a(ceil.o)
__fp_mpack                                        /home/baxelrod/ARM-H/avr8-gnu-toolchain-linux_x86/bin/../lib/gcc/avr/4.6.2/../../../../avr/lib/avrxmega2/libm.a(fp_mpack.o)
                                                  /home/baxelrod/ARM-H/avr8-gnu-toolchain-linux_x86/bin/../lib/gcc/avr/4.6.2/../../../../avr/lib/avrxmega2/libm.a(sqrt.o)
                                                  /home/baxelrod/ARM-H/avr8-gnu-toolchain-linux_x86/bin/../lib/gcc/avr/4.6.2/../../../../avr/lib/avrxmega2/libm.a(round.o)
                                                  /home/baxelrod/ARM-H/avr8-gnu-toolchain-linux_x86/bin/../lib/gcc/avr/4.6.2/../../../../avr/lib/avrxmega2/libm.a(log.o)
                                                  /home/baxelrod/ARM-H/avr8-gnu-toolchain-linux_x86/bin/../lib/gcc/avr/4.6.2/../../../../avr/lib/avrxmega2/libm.a(ldexp.o)
                                                  /home/baxelrod/ARM-H/avr8-gnu-toolchain-linux_x86/bin/../lib/gcc/avr/4.6.2/../../../../avr/lib/avrxmega2/libm.a(ceil.o)
__fp_mpack_finite                                 /home/baxelrod/ARM-H/avr8-gnu-toolchain-linux_x86/bin/../lib/gcc/avr/4.6.2/../../../../avr/lib/avrxmega2/libm.a(fp_mpack.o)
__fp_nan                                          /home/baxelrod/ARM-H/avr8-gnu-toolchain-linux_x86/bin/../lib/gcc/avr/4.6.2/../../../../avr/lib/avrxmega2/libm.a(fp_nan.o)
                                                  /home/baxelrod/ARM-H/avr8-gnu-toolchain-linux_x86/bin/../lib/gcc/avr/4.6.2/../../../../avr/lib/avrxmega2/libm.a(sqrt.o)
                                                  /home/baxelrod/ARM-H/avr8-gnu-toolchain-linux_x86/bin/../lib/gcc/avr/4.6.2/../../../../avr/lib/avrxmega2/libm.a(mulsf3x.o)
                                                  /home/baxelrod/ARM-H/avr8-gnu-toolchain-linux_x86/bin/../lib/gcc/avr/4.6.2/../../../../avr/lib/avrxmega2/libm.a(log.o)
                                                  /home/baxelrod/ARM-H/avr8-gnu-toolchain-linux_x86/bin/../lib/gcc/avr/4.6.2/../../../../avr/lib/avrxmega2/libm.a(exp.o)
                                                  /home/baxelrod/ARM-H/avr8-gnu-toolchain-linux_x86/bin/../lib/gcc/avr/4.6.2/../../../../avr/lib/avrxmega2/libm.a(divsf3x.o)
                                                  /home/baxelrod/ARM-H/avr8-gnu-toolchain-linux_x86/bin/../lib/gcc/avr/4.6.2/../../../../avr/lib/avrxmega2/libm.a(addsf3x.o)
__fp_norm2                                        /home/baxelrod/ARM-H/avr8-gnu-toolchain-linux_x86/bin/../lib/gcc/avr/4.6.2/../../../../avr/lib/avrxmega2/libm.a(fp_norm2.o)
                                                  /home/baxelrod/ARM-H/avr8-gnu-toolchain-linux_x86/bin/../lib/gcc/avr/4.6.2/../../../../avr/lib/avrxmega2/libm.a(sqrt.o)
__fp_powser                                       /home/baxelrod/ARM-H/avr8-gnu-toolchain-linux_x86/bin/../lib/gcc/avr/4.6.2/../../../../avr/lib/avrxmega2/libm.a(fp_powser.o)
                                                  /home/baxelrod/ARM-H/avr8-gnu-toolchain-linux_x86/bin/../lib/gcc/avr/4.6.2/../../../../avr/lib/avrxmega2/libm.a(log.o)
                                                  /home/baxelrod/ARM-H/avr8-gnu-toolchain-linux_x86/bin/../lib/gcc/avr/4.6.2/../../../../avr/lib/avrxmega2/libm.a(exp.o)
__fp_pscA                                         /home/baxelrod/ARM-H/avr8-gnu-toolchain-linux_x86/bin/../lib/gcc/avr/4.6.2/../../../../avr/lib/avrxmega2/libm.a(fp_pscA.o)
                                                  /home/baxelrod/ARM-H/avr8-gnu-toolchain-linux_x86/bin/../lib/gcc/avr/4.6.2/../../../../avr/lib/avrxmega2/libm.a(mulsf3x.o)
                                                  /home/baxelrod/ARM-H/avr8-gnu-toolchain-linux_x86/bin/../lib/gcc/avr/4.6.2/../../../../avr/lib/avrxmega2/libm.a(divsf3x.o)
                                                  /home/baxelrod/ARM-H/avr8-gnu-toolchain-linux_x86/bin/../lib/gcc/avr/4.6.2/../../../../avr/lib/avrxmega2/libm.a(addsf3x.o)
__fp_pscB                                         /home/baxelrod/ARM-H/avr8-gnu-toolchain-linux_x86/bin/../lib/gcc/avr/4.6.2/../../../../avr/lib/avrxmega2/libm.a(fp_pscB.o)
                                                  /home/baxelrod/ARM-H/avr8-gnu-toolchain-linux_x86/bin/../lib/gcc/avr/4.6.2/../../../../avr/lib/avrxmega2/libm.a(mulsf3x.o)
                                                  /home/baxelrod/ARM-H/avr8-gnu-toolchain-linux_x86/bin/../lib/gcc/avr/4.6.2/../../../../avr/lib/avrxmega2/libm.a(divsf3x.o)
                                                  /home/baxelrod/ARM-H/avr8-gnu-toolchain-linux_x86/bin/../lib/gcc/avr/4.6.2/../../../../avr/lib/avrxmega2/libm.a(addsf3x.o)
__fp_round                                        /home/baxelrod/ARM-H/avr8-gnu-toolchain-linux_x86/bin/../lib/gcc/avr/4.6.2/../../../../avr/lib/avrxmega2/libm.a(fp_round.o)
                                                  /home/baxelrod/ARM-H/avr8-gnu-toolchain-linux_x86/bin/../lib/gcc/avr/4.6.2/../../../../avr/lib/avrxmega2/libm.a(mulsf3.o)
                                                  /home/baxelrod/ARM-H/avr8-gnu-toolchain-linux_x86/bin/../lib/gcc/avr/4.6.2/../../../../avr/lib/avrxmega2/libm.a(log.o)
                                                  /home/baxelrod/ARM-H/avr8-gnu-toolchain-linux_x86/bin/../lib/gcc/avr/4.6.2/../../../../avr/lib/avrxmega2/libm.a(divsf3.o)
                                                  /home/baxelrod/ARM-H/avr8-gnu-toolchain-linux_x86/bin/../lib/gcc/avr/4.6.2/../../../../avr/lib/avrxmega2/libm.a(addsf3.o)
__fp_split3                                       /home/baxelrod/ARM-H/avr8-gnu-toolchain-linux_x86/bin/../lib/gcc/avr/4.6.2/../../../../avr/lib/avrxmega2/libm.a(fp_split3.o)
                                                  /home/baxelrod/ARM-H/avr8-gnu-toolchain-linux_x86/bin/../lib/gcc/avr/4.6.2/../../../../avr/lib/avrxmega2/libm.a(mulsf3x.o)
                                                  /home/baxelrod/ARM-H/avr8-gnu-toolchain-linux_x86/bin/../lib/gcc/avr/4.6.2/../../../../avr/lib/avrxmega2/libm.a(divsf3x.o)
                                                  /home/baxelrod/ARM-H/avr8-gnu-toolchain-linux_x86/bin/../lib/gcc/avr/4.6.2/../../../../avr/lib/avrxmega2/libm.a(addsf3x.o)
__fp_splitA                                       /home/baxelrod/ARM-H/avr8-gnu-toolchain-linux_x86/bin/../lib/gcc/avr/4.6.2/../../../../avr/lib/avrxmega2/libm.a(fp_split3.o)
                                                  /home/baxelrod/ARM-H/avr8-gnu-toolchain-linux_x86/bin/../lib/gcc/avr/4.6.2/../../../../avr/lib/avrxmega2/libm.a(sqrt.o)
                                                  /home/baxelrod/ARM-H/avr8-gnu-toolchain-linux_x86/bin/../lib/gcc/avr/4.6.2/../../../../avr/lib/avrxmega2/libm.a(round.o)
                                                  /home/baxelrod/ARM-H/avr8-gnu-toolchain-linux_x86/bin/../lib/gcc/avr/4.6.2/../../../../avr/lib/avrxmega2/libm.a(log.o)
                                                  /home/baxelrod/ARM-H/avr8-gnu-toolchain-linux_x86/bin/../lib/gcc/avr/4.6.2/../../../../avr/lib/avrxmega2/libm.a(ldexp.o)
                                                  /home/baxelrod/ARM-H/avr8-gnu-toolchain-linux_x86/bin/../lib/gcc/avr/4.6.2/../../../../avr/lib/avrxmega2/libm.a(fp_trunc.o)
                                                  /home/baxelrod/ARM-H/avr8-gnu-toolchain-linux_x86/bin/../lib/gcc/avr/4.6.2/../../../../avr/lib/avrxmega2/libm.a(fixunssfsi.o)
                                                  /home/baxelrod/ARM-H/avr8-gnu-toolchain-linux_x86/bin/../lib/gcc/avr/4.6.2/../../../../avr/lib/avrxmega2/libm.a(exp.o)
__fp_szero                                        /home/baxelrod/ARM-H/avr8-gnu-toolchain-linux_x86/bin/../lib/gcc/avr/4.6.2/../../../../avr/lib/avrxmega2/libm.a(fp_zero.o)
                                                  /home/baxelrod/ARM-H/avr8-gnu-toolchain-linux_x86/bin/../lib/gcc/avr/4.6.2/../../../../avr/lib/avrxmega2/libm.a(round.o)
                                                  /home/baxelrod/ARM-H/avr8-gnu-toolchain-linux_x86/bin/../lib/gcc/avr/4.6.2/../../../../avr/lib/avrxmega2/libm.a(mulsf3x.o)
                                                  /home/baxelrod/ARM-H/avr8-gnu-toolchain-linux_x86/bin/../lib/gcc/avr/4.6.2/../../../../avr/lib/avrxmega2/libm.a(ldexp.o)
                                                  /home/baxelrod/ARM-H/avr8-gnu-toolchain-linux_x86/bin/../lib/gcc/avr/4.6.2/../../../../avr/lib/avrxmega2/libm.a(fixsfsi.o)
                                                  /home/baxelrod/ARM-H/avr8-gnu-toolchain-linux_x86/bin/../lib/gcc/avr/4.6.2/../../../../avr/lib/avrxmega2/libm.a(divsf3x.o)
                                                  /home/baxelrod/ARM-H/avr8-gnu-toolchain-linux_x86/bin/../lib/gcc/avr/4.6.2/../../../../avr/lib/avrxmega2/libm.a(ceil.o)
__fp_trunc                                        /home/baxelrod/ARM-H/avr8-gnu-toolchain-linux_x86/bin/../lib/gcc/avr/4.6.2/../../../../avr/lib/avrxmega2/libm.a(fp_trunc.o)
                                                  /home/baxelrod/ARM-H/avr8-gnu-toolchain-linux_x86/bin/../lib/gcc/avr/4.6.2/../../../../avr/lib/avrxmega2/libm.a(ceil.o)
__fp_zero                                         /home/baxelrod/ARM-H/avr8-gnu-toolchain-linux_x86/bin/../lib/gcc/avr/4.6.2/../../../../avr/lib/avrxmega2/libm.a(fp_zero.o)
                                                  /home/baxelrod/ARM-H/avr8-gnu-toolchain-linux_x86/bin/../lib/gcc/avr/4.6.2/../../../../avr/lib/avrxmega2/libm.a(fixunssfsi.o)
                                                  /home/baxelrod/ARM-H/avr8-gnu-toolchain-linux_x86/bin/../lib/gcc/avr/4.6.2/../../../../avr/lib/avrxmega2/libm.a(exp.o)
                                                  /home/baxelrod/ARM-H/avr8-gnu-toolchain-linux_x86/bin/../lib/gcc/avr/4.6.2/../../../../avr/lib/avrxmega2/libm.a(addsf3x.o)
__gesf2                                           /home/baxelrod/ARM-H/avr8-gnu-toolchain-linux_x86/bin/../lib/gcc/avr/4.6.2/../../../../avr/lib/avrxmega2/libm.a(gesf2.o)
                                                  thermalModel.o
                                                  PIDcontroller.o
__gtsf2                                           /home/baxelrod/ARM-H/avr8-gnu-toolchain-linux_x86/bin/../lib/gcc/avr/4.6.2/../../../../avr/lib/avrxmega2/libm.a(gesf2.o)
                                                  motor.o
                                                  velcounter.o
                                                  thermalModel.o
                                                  PIDcontroller.o
                                                  hallctrl.o
                                                  currentADC.o
__heap_end                                        /home/baxelrod/ARM-H/avr8-gnu-toolchain-linux_x86/bin/../lib/gcc/avr/4.6.2/../../../../avr/lib/avrxmega2/crtx32a4u.o
__init                                            /home/baxelrod/ARM-H/avr8-gnu-toolchain-linux_x86/bin/../lib/gcc/avr/4.6.2/../../../../avr/lib/avrxmega2/crtx32a4u.o
__lesf2                                           /home/baxelrod/ARM-H/avr8-gnu-toolchain-linux_x86/bin/../lib/gcc/avr/4.6.2/../../../../avr/lib/avrxmega2/libm.a(cmpsf2.o)
                                                  thermalModel.o
__ltsf2                                           /home/baxelrod/ARM-H/avr8-gnu-toolchain-linux_x86/bin/../lib/gcc/avr/4.6.2/../../../../avr/lib/avrxmega2/libm.a(cmpsf2.o)
                                                  velcounter.o
                                                  thermalModel.o
                                                  PIDcontroller.o
                                                  currentADC.o
__mulsf3                                          /home/baxelrod/ARM-H/avr8-gnu-toolchain-linux_x86/bin/../lib/gcc/avr/4.6.2/../../../../avr/lib/avrxmega2/libm.a(mulsf3.o)
                                                  motor.o
                                                  velcounter.o
                                                  thermalModel.o
                                                  PIDcontroller.o
                                                  currentADC.o
__mulsf3_pse                                      /home/baxelrod/ARM-H/avr8-gnu-toolchain-linux_x86/bin/../lib/gcc/avr/4.6.2/../../../../avr/lib/avrxmega2/libm.a(mulsf3x.o)
                                                  /home/baxelrod/ARM-H/avr8-gnu-toolchain-linux_x86/bin/../lib/gcc/avr/4.6.2/../../../../avr/lib/avrxmega2/libm.a(exp.o)
__mulsf3x                                         /home/baxelrod/ARM-H/avr8-gnu-toolchain-linux_x86/bin/../lib/gcc/avr/4.6.2/../../../../avr/lib/avrxmega2/libm.a(mulsf3x.o)
                                                  /home/baxelrod/ARM-H/avr8-gnu-toolchain-linux_x86/bin/../lib/gcc/avr/4.6.2/../../../../avr/lib/avrxmega2/libm.a(mulsf3.o)
                                                  /home/baxelrod/ARM-H/avr8-gnu-toolchain-linux_x86/bin/../lib/gcc/avr/4.6.2/../../../../avr/lib/avrxmega2/libm.a(log.o)
                                                  /home/baxelrod/ARM-H/avr8-gnu-toolchain-linux_x86/bin/../lib/gcc/avr/4.6.2/../../../../avr/lib/avrxmega2/libm.a(fp_powser.o)
__nesf2                                           /home/baxelrod/ARM-H/avr8-gnu-toolchain-linux_x86/bin/../lib/gcc/avr/4.6.2/../../../../avr/lib/avrxmega2/libm.a(cmpsf2.o)
__stack                                           /home/baxelrod/ARM-H/avr8-gnu-toolchain-linux_x86/bin/../lib/gcc/avr/4.6.2/../../../../avr/lib/avrxmega2/crtx32a4u.o
__subsf3                                          /home/baxelrod/ARM-H/avr8-gnu-toolchain-linux_x86/bin/../lib/gcc/avr/4.6.2/../../../../avr/lib/avrxmega2/libm.a(addsf3.o)
                                                  /home/baxelrod/ARM-H/avr8-gnu-toolchain-linux_x86/bin/../lib/gcc/avr/4.6.2/../../../../avr/lib/avrxmega2/libm.a(modf.o)
                                                  thermalModel.o
                                                  PIDcontroller.o
                                                  currentADC.o
__unordsf2                                        /home/baxelrod/ARM-H/avr8-gnu-toolchain-linux_x86/bin/../lib/gcc/avr/4.6.2/../../../../avr/lib/avrxmega2/libm.a(unordsf2.o)
                                                  thermalModel.o
__vector_1                                        /home/baxelrod/ARM-H/avr8-gnu-toolchain-linux_x86/bin/../lib/gcc/avr/4.6.2/../../../../avr/lib/avrxmega2/crtx32a4u.o
__vector_10                                       motor.o
                                                  /home/baxelrod/ARM-H/avr8-gnu-toolchain-linux_x86/bin/../lib/gcc/avr/4.6.2/../../../../avr/lib/avrxmega2/crtx32a4u.o
__vector_100                                      /home/baxelrod/ARM-H/avr8-gnu-toolchain-linux_x86/bin/../lib/gcc/avr/4.6.2/../../../../avr/lib/avrxmega2/crtx32a4u.o
__vector_101                                      /home/baxelrod/ARM-H/avr8-gnu-toolchain-linux_x86/bin/../lib/gcc/avr/4.6.2/../../../../avr/lib/avrxmega2/crtx32a4u.o
__vector_102                                      /home/baxelrod/ARM-H/avr8-gnu-toolchain-linux_x86/bin/../lib/gcc/avr/4.6.2/../../../../avr/lib/avrxmega2/crtx32a4u.o
__vector_103                                      /home/baxelrod/ARM-H/avr8-gnu-toolchain-linux_x86/bin/../lib/gcc/avr/4.6.2/../../../../avr/lib/avrxmega2/crtx32a4u.o
__vector_104                                      /home/baxelrod/ARM-H/avr8-gnu-toolchain-linux_x86/bin/../lib/gcc/avr/4.6.2/../../../../avr/lib/avrxmega2/crtx32a4u.o
__vector_105                                      /home/baxelrod/ARM-H/avr8-gnu-toolchain-linux_x86/bin/../lib/gcc/avr/4.6.2/../../../../avr/lib/avrxmega2/crtx32a4u.o
__vector_106                                      /home/baxelrod/ARM-H/avr8-gnu-toolchain-linux_x86/bin/../lib/gcc/avr/4.6.2/../../../../avr/lib/avrxmega2/crtx32a4u.o
__vector_107                                      /home/baxelrod/ARM-H/avr8-gnu-toolchain-linux_x86/bin/../lib/gcc/avr/4.6.2/../../../../avr/lib/avrxmega2/crtx32a4u.o
__vector_108                                      /home/baxelrod/ARM-H/avr8-gnu-toolchain-linux_x86/bin/../lib/gcc/avr/4.6.2/../../../../avr/lib/avrxmega2/crtx32a4u.o
__vector_109                                      /home/baxelrod/ARM-H/avr8-gnu-toolchain-linux_x86/bin/../lib/gcc/avr/4.6.2/../../../../avr/lib/avrxmega2/crtx32a4u.o
__vector_11                                       /home/baxelrod/ARM-H/avr8-gnu-toolchain-linux_x86/bin/../lib/gcc/avr/4.6.2/../../../../avr/lib/avrxmega2/crtx32a4u.o
__vector_110                                      /home/baxelrod/ARM-H/avr8-gnu-toolchain-linux_x86/bin/../lib/gcc/avr/4.6.2/../../../../avr/lib/avrxmega2/crtx32a4u.o
__vector_111                                      /home/baxelrod/ARM-H/avr8-gnu-toolchain-linux_x86/bin/../lib/gcc/avr/4.6.2/../../../../avr/lib/avrxmega2/crtx32a4u.o
__vector_112                                      /home/baxelrod/ARM-H/avr8-gnu-toolchain-linux_x86/bin/../lib/gcc/avr/4.6.2/../../../../avr/lib/avrxmega2/crtx32a4u.o
__vector_113                                      /home/baxelrod/ARM-H/avr8-gnu-toolchain-linux_x86/bin/../lib/gcc/avr/4.6.2/../../../../avr/lib/avrxmega2/crtx32a4u.o
__vector_114                                      /home/baxelrod/ARM-H/avr8-gnu-toolchain-linux_x86/bin/../lib/gcc/avr/4.6.2/../../../../avr/lib/avrxmega2/crtx32a4u.o
__vector_115                                      /home/baxelrod/ARM-H/avr8-gnu-toolchain-linux_x86/bin/../lib/gcc/avr/4.6.2/../../../../avr/lib/avrxmega2/crtx32a4u.o
__vector_116                                      /home/baxelrod/ARM-H/avr8-gnu-toolchain-linux_x86/bin/../lib/gcc/avr/4.6.2/../../../../avr/lib/avrxmega2/crtx32a4u.o
__vector_117                                      /home/baxelrod/ARM-H/avr8-gnu-toolchain-linux_x86/bin/../lib/gcc/avr/4.6.2/../../../../avr/lib/avrxmega2/crtx32a4u.o
__vector_118                                      /home/baxelrod/ARM-H/avr8-gnu-toolchain-linux_x86/bin/../lib/gcc/avr/4.6.2/../../../../avr/lib/avrxmega2/crtx32a4u.o
__vector_119                                      /home/baxelrod/ARM-H/avr8-gnu-toolchain-linux_x86/bin/../lib/gcc/avr/4.6.2/../../../../avr/lib/avrxmega2/crtx32a4u.o
__vector_12                                       /home/baxelrod/ARM-H/avr8-gnu-toolchain-linux_x86/bin/../lib/gcc/avr/4.6.2/../../../../avr/lib/avrxmega2/crtx32a4u.o
__vector_120                                      /home/baxelrod/ARM-H/avr8-gnu-toolchain-linux_x86/bin/../lib/gcc/avr/4.6.2/../../../../avr/lib/avrxmega2/crtx32a4u.o
__vector_121                                      /home/baxelrod/ARM-H/avr8-gnu-toolchain-linux_x86/bin/../lib/gcc/avr/4.6.2/../../../../avr/lib/avrxmega2/crtx32a4u.o
__vector_122                                      /home/baxelrod/ARM-H/avr8-gnu-toolchain-linux_x86/bin/../lib/gcc/avr/4.6.2/../../../../avr/lib/avrxmega2/crtx32a4u.o
__vector_123                                      /home/baxelrod/ARM-H/avr8-gnu-toolchain-linux_x86/bin/../lib/gcc/avr/4.6.2/../../../../avr/lib/avrxmega2/crtx32a4u.o
__vector_124                                      /home/baxelrod/ARM-H/avr8-gnu-toolchain-linux_x86/bin/../lib/gcc/avr/4.6.2/../../../../avr/lib/avrxmega2/crtx32a4u.o
__vector_125                                      /home/baxelrod/ARM-H/avr8-gnu-toolchain-linux_x86/bin/../lib/gcc/avr/4.6.2/../../../../avr/lib/avrxmega2/crtx32a4u.o
__vector_126                                      /home/baxelrod/ARM-H/avr8-gnu-toolchain-linux_x86/bin/../lib/gcc/avr/4.6.2/../../../../avr/lib/avrxmega2/crtx32a4u.o
__vector_13                                       /home/baxelrod/ARM-H/avr8-gnu-toolchain-linux_x86/bin/../lib/gcc/avr/4.6.2/../../../../avr/lib/avrxmega2/crtx32a4u.o
__vector_14                                       /home/baxelrod/ARM-H/avr8-gnu-toolchain-linux_x86/bin/../lib/gcc/avr/4.6.2/../../../../avr/lib/avrxmega2/crtx32a4u.o
__vector_15                                       /home/baxelrod/ARM-H/avr8-gnu-toolchain-linux_x86/bin/../lib/gcc/avr/4.6.2/../../../../avr/lib/avrxmega2/crtx32a4u.o
__vector_16                                       /home/baxelrod/ARM-H/avr8-gnu-toolchain-linux_x86/bin/../lib/gcc/avr/4.6.2/../../../../avr/lib/avrxmega2/crtx32a4u.o
__vector_17                                       /home/baxelrod/ARM-H/avr8-gnu-toolchain-linux_x86/bin/../lib/gcc/avr/4.6.2/../../../../avr/lib/avrxmega2/crtx32a4u.o
__vector_18                                       /home/baxelrod/ARM-H/avr8-gnu-toolchain-linux_x86/bin/../lib/gcc/avr/4.6.2/../../../../avr/lib/avrxmega2/crtx32a4u.o
__vector_19                                       /home/baxelrod/ARM-H/avr8-gnu-toolchain-linux_x86/bin/../lib/gcc/avr/4.6.2/../../../../avr/lib/avrxmega2/crtx32a4u.o
__vector_2                                        hallctrl.o
                                                  /home/baxelrod/ARM-H/avr8-gnu-toolchain-linux_x86/bin/../lib/gcc/avr/4.6.2/../../../../avr/lib/avrxmega2/crtx32a4u.o
__vector_20                                       /home/baxelrod/ARM-H/avr8-gnu-toolchain-linux_x86/bin/../lib/gcc/avr/4.6.2/../../../../avr/lib/avrxmega2/crtx32a4u.o
__vector_21                                       /home/baxelrod/ARM-H/avr8-gnu-toolchain-linux_x86/bin/../lib/gcc/avr/4.6.2/../../../../avr/lib/avrxmega2/crtx32a4u.o
__vector_22                                       /home/baxelrod/ARM-H/avr8-gnu-toolchain-linux_x86/bin/../lib/gcc/avr/4.6.2/../../../../avr/lib/avrxmega2/crtx32a4u.o
__vector_23                                       /home/baxelrod/ARM-H/avr8-gnu-toolchain-linux_x86/bin/../lib/gcc/avr/4.6.2/../../../../avr/lib/avrxmega2/crtx32a4u.o
__vector_24                                       /home/baxelrod/ARM-H/avr8-gnu-toolchain-linux_x86/bin/../lib/gcc/avr/4.6.2/../../../../avr/lib/avrxmega2/crtx32a4u.o
__vector_25                                       /home/baxelrod/ARM-H/avr8-gnu-toolchain-linux_x86/bin/../lib/gcc/avr/4.6.2/../../../../avr/lib/avrxmega2/crtx32a4u.o
__vector_26                                       /home/baxelrod/ARM-H/avr8-gnu-toolchain-linux_x86/bin/../lib/gcc/avr/4.6.2/../../../../avr/lib/avrxmega2/crtx32a4u.o
__vector_27                                       /home/baxelrod/ARM-H/avr8-gnu-toolchain-linux_x86/bin/../lib/gcc/avr/4.6.2/../../../../avr/lib/avrxmega2/crtx32a4u.o
__vector_28                                       /home/baxelrod/ARM-H/avr8-gnu-toolchain-linux_x86/bin/../lib/gcc/avr/4.6.2/../../../../avr/lib/avrxmega2/crtx32a4u.o
__vector_29                                       /home/baxelrod/ARM-H/avr8-gnu-toolchain-linux_x86/bin/../lib/gcc/avr/4.6.2/../../../../avr/lib/avrxmega2/crtx32a4u.o
__vector_3                                        /home/baxelrod/ARM-H/avr8-gnu-toolchain-linux_x86/bin/../lib/gcc/avr/4.6.2/../../../../avr/lib/avrxmega2/crtx32a4u.o
__vector_30                                       /home/baxelrod/ARM-H/avr8-gnu-toolchain-linux_x86/bin/../lib/gcc/avr/4.6.2/../../../../avr/lib/avrxmega2/crtx32a4u.o
__vector_31                                       /home/baxelrod/ARM-H/avr8-gnu-toolchain-linux_x86/bin/../lib/gcc/avr/4.6.2/../../../../avr/lib/avrxmega2/crtx32a4u.o
__vector_32                                       /home/baxelrod/ARM-H/avr8-gnu-toolchain-linux_x86/bin/../lib/gcc/avr/4.6.2/../../../../avr/lib/avrxmega2/crtx32a4u.o
__vector_33                                       /home/baxelrod/ARM-H/avr8-gnu-toolchain-linux_x86/bin/../lib/gcc/avr/4.6.2/../../../../avr/lib/avrxmega2/crtx32a4u.o
__vector_34                                       /home/baxelrod/ARM-H/avr8-gnu-toolchain-linux_x86/bin/../lib/gcc/avr/4.6.2/../../../../avr/lib/avrxmega2/crtx32a4u.o
__vector_35                                       /home/baxelrod/ARM-H/avr8-gnu-toolchain-linux_x86/bin/../lib/gcc/avr/4.6.2/../../../../avr/lib/avrxmega2/crtx32a4u.o
__vector_36                                       /home/baxelrod/ARM-H/avr8-gnu-toolchain-linux_x86/bin/../lib/gcc/avr/4.6.2/../../../../avr/lib/avrxmega2/crtx32a4u.o
__vector_37                                       /home/baxelrod/ARM-H/avr8-gnu-toolchain-linux_x86/bin/../lib/gcc/avr/4.6.2/../../../../avr/lib/avrxmega2/crtx32a4u.o
__vector_38                                       /home/baxelrod/ARM-H/avr8-gnu-toolchain-linux_x86/bin/../lib/gcc/avr/4.6.2/../../../../avr/lib/avrxmega2/crtx32a4u.o
__vector_39                                       /home/baxelrod/ARM-H/avr8-gnu-toolchain-linux_x86/bin/../lib/gcc/avr/4.6.2/../../../../avr/lib/avrxmega2/crtx32a4u.o
__vector_4                                        /home/baxelrod/ARM-H/avr8-gnu-toolchain-linux_x86/bin/../lib/gcc/avr/4.6.2/../../../../avr/lib/avrxmega2/crtx32a4u.o
__vector_40                                       /home/baxelrod/ARM-H/avr8-gnu-toolchain-linux_x86/bin/../lib/gcc/avr/4.6.2/../../../../avr/lib/avrxmega2/crtx32a4u.o
__vector_41                                       /home/baxelrod/ARM-H/avr8-gnu-toolchain-linux_x86/bin/../lib/gcc/avr/4.6.2/../../../../avr/lib/avrxmega2/crtx32a4u.o
__vector_42                                       /home/baxelrod/ARM-H/avr8-gnu-toolchain-linux_x86/bin/../lib/gcc/avr/4.6.2/../../../../avr/lib/avrxmega2/crtx32a4u.o
__vector_43                                       /home/baxelrod/ARM-H/avr8-gnu-toolchain-linux_x86/bin/../lib/gcc/avr/4.6.2/../../../../avr/lib/avrxmega2/crtx32a4u.o
__vector_44                                       /home/baxelrod/ARM-H/avr8-gnu-toolchain-linux_x86/bin/../lib/gcc/avr/4.6.2/../../../../avr/lib/avrxmega2/crtx32a4u.o
__vector_45                                       /home/baxelrod/ARM-H/avr8-gnu-toolchain-linux_x86/bin/../lib/gcc/avr/4.6.2/../../../../avr/lib/avrxmega2/crtx32a4u.o
__vector_46                                       /home/baxelrod/ARM-H/avr8-gnu-toolchain-linux_x86/bin/../lib/gcc/avr/4.6.2/../../../../avr/lib/avrxmega2/crtx32a4u.o
__vector_47                                       /home/baxelrod/ARM-H/avr8-gnu-toolchain-linux_x86/bin/../lib/gcc/avr/4.6.2/../../../../avr/lib/avrxmega2/crtx32a4u.o
__vector_48                                       /home/baxelrod/ARM-H/avr8-gnu-toolchain-linux_x86/bin/../lib/gcc/avr/4.6.2/../../../../avr/lib/avrxmega2/crtx32a4u.o
__vector_49                                       /home/baxelrod/ARM-H/avr8-gnu-toolchain-linux_x86/bin/../lib/gcc/avr/4.6.2/../../../../avr/lib/avrxmega2/crtx32a4u.o
__vector_5                                        /home/baxelrod/ARM-H/avr8-gnu-toolchain-linux_x86/bin/../lib/gcc/avr/4.6.2/../../../../avr/lib/avrxmega2/crtx32a4u.o
__vector_50                                       /home/baxelrod/ARM-H/avr8-gnu-toolchain-linux_x86/bin/../lib/gcc/avr/4.6.2/../../../../avr/lib/avrxmega2/crtx32a4u.o
__vector_51                                       /home/baxelrod/ARM-H/avr8-gnu-toolchain-linux_x86/bin/../lib/gcc/avr/4.6.2/../../../../avr/lib/avrxmega2/crtx32a4u.o
__vector_52                                       /home/baxelrod/ARM-H/avr8-gnu-toolchain-linux_x86/bin/../lib/gcc/avr/4.6.2/../../../../avr/lib/avrxmega2/crtx32a4u.o
__vector_53                                       /home/baxelrod/ARM-H/avr8-gnu-toolchain-linux_x86/bin/../lib/gcc/avr/4.6.2/../../../../avr/lib/avrxmega2/crtx32a4u.o
__vector_54                                       /home/baxelrod/ARM-H/avr8-gnu-toolchain-linux_x86/bin/../lib/gcc/avr/4.6.2/../../../../avr/lib/avrxmega2/crtx32a4u.o
__vector_55                                       /home/baxelrod/ARM-H/avr8-gnu-toolchain-linux_x86/bin/../lib/gcc/avr/4.6.2/../../../../avr/lib/avrxmega2/crtx32a4u.o
__vector_56                                       /home/baxelrod/ARM-H/avr8-gnu-toolchain-linux_x86/bin/../lib/gcc/avr/4.6.2/../../../../avr/lib/avrxmega2/crtx32a4u.o
__vector_57                                       /home/baxelrod/ARM-H/avr8-gnu-toolchain-linux_x86/bin/../lib/gcc/avr/4.6.2/../../../../avr/lib/avrxmega2/crtx32a4u.o
__vector_58                                       /home/baxelrod/ARM-H/avr8-gnu-toolchain-linux_x86/bin/../lib/gcc/avr/4.6.2/../../../../avr/lib/avrxmega2/crtx32a4u.o
__vector_59                                       /home/baxelrod/ARM-H/avr8-gnu-toolchain-linux_x86/bin/../lib/gcc/avr/4.6.2/../../../../avr/lib/avrxmega2/crtx32a4u.o
__vector_6                                        daisycomm.o
                                                  /home/baxelrod/ARM-H/avr8-gnu-toolchain-linux_x86/bin/../lib/gcc/avr/4.6.2/../../../../avr/lib/avrxmega2/crtx32a4u.o
__vector_60                                       /home/baxelrod/ARM-H/avr8-gnu-toolchain-linux_x86/bin/../lib/gcc/avr/4.6.2/../../../../avr/lib/avrxmega2/crtx32a4u.o
__vector_61                                       /home/baxelrod/ARM-H/avr8-gnu-toolchain-linux_x86/bin/../lib/gcc/avr/4.6.2/../../../../avr/lib/avrxmega2/crtx32a4u.o
__vector_62                                       /home/baxelrod/ARM-H/avr8-gnu-toolchain-linux_x86/bin/../lib/gcc/avr/4.6.2/../../../../avr/lib/avrxmega2/crtx32a4u.o
__vector_63                                       /home/baxelrod/ARM-H/avr8-gnu-toolchain-linux_x86/bin/../lib/gcc/avr/4.6.2/../../../../avr/lib/avrxmega2/crtx32a4u.o
__vector_64                                       /home/baxelrod/ARM-H/avr8-gnu-toolchain-linux_x86/bin/../lib/gcc/avr/4.6.2/../../../../avr/lib/avrxmega2/crtx32a4u.o
__vector_65                                       /home/baxelrod/ARM-H/avr8-gnu-toolchain-linux_x86/bin/../lib/gcc/avr/4.6.2/../../../../avr/lib/avrxmega2/crtx32a4u.o
__vector_66                                       /home/baxelrod/ARM-H/avr8-gnu-toolchain-linux_x86/bin/../lib/gcc/avr/4.6.2/../../../../avr/lib/avrxmega2/crtx32a4u.o
__vector_67                                       /home/baxelrod/ARM-H/avr8-gnu-toolchain-linux_x86/bin/../lib/gcc/avr/4.6.2/../../../../avr/lib/avrxmega2/crtx32a4u.o
__vector_68                                       /home/baxelrod/ARM-H/avr8-gnu-toolchain-linux_x86/bin/../lib/gcc/avr/4.6.2/../../../../avr/lib/avrxmega2/crtx32a4u.o
__vector_69                                       /home/baxelrod/ARM-H/avr8-gnu-toolchain-linux_x86/bin/../lib/gcc/avr/4.6.2/../../../../avr/lib/avrxmega2/crtx32a4u.o
__vector_7                                        daisycomm.o
                                                  /home/baxelrod/ARM-H/avr8-gnu-toolchain-linux_x86/bin/../lib/gcc/avr/4.6.2/../../../../avr/lib/avrxmega2/crtx32a4u.o
__vector_70                                       /home/baxelrod/ARM-H/avr8-gnu-toolchain-linux_x86/bin/../lib/gcc/avr/4.6.2/../../../../avr/lib/avrxmega2/crtx32a4u.o
__vector_71                                       /home/baxelrod/ARM-H/avr8-gnu-toolchain-linux_x86/bin/../lib/gcc/avr/4.6.2/../../../../avr/lib/avrxmega2/crtx32a4u.o
__vector_72                                       /home/baxelrod/ARM-H/avr8-gnu-toolchain-linux_x86/bin/../lib/gcc/avr/4.6.2/../../../../avr/lib/avrxmega2/crtx32a4u.o
__vector_73                                       /home/baxelrod/ARM-H/avr8-gnu-toolchain-linux_x86/bin/../lib/gcc/avr/4.6.2/../../../../avr/lib/avrxmega2/crtx32a4u.o
__vector_74                                       /home/baxelrod/ARM-H/avr8-gnu-toolchain-linux_x86/bin/../lib/gcc/avr/4.6.2/../../../../avr/lib/avrxmega2/crtx32a4u.o
__vector_75                                       /home/baxelrod/ARM-H/avr8-gnu-toolchain-linux_x86/bin/../lib/gcc/avr/4.6.2/../../../../avr/lib/avrxmega2/crtx32a4u.o
__vector_76                                       /home/baxelrod/ARM-H/avr8-gnu-toolchain-linux_x86/bin/../lib/gcc/avr/4.6.2/../../../../avr/lib/avrxmega2/crtx32a4u.o
__vector_77                                       daisycomm.o
                                                  /home/baxelrod/ARM-H/avr8-gnu-toolchain-linux_x86/bin/../lib/gcc/avr/4.6.2/../../../../avr/lib/avrxmega2/crtx32a4u.o
__vector_78                                       /home/baxelrod/ARM-H/avr8-gnu-toolchain-linux_x86/bin/../lib/gcc/avr/4.6.2/../../../../avr/lib/avrxmega2/crtx32a4u.o
__vector_79                                       /home/baxelrod/ARM-H/avr8-gnu-toolchain-linux_x86/bin/../lib/gcc/avr/4.6.2/../../../../avr/lib/avrxmega2/crtx32a4u.o