Archive member included because of file (symbol)

/home/baxelrod/ARM-H/avr8-gnu-toolchain-linux_x86/bin/../lib/gcc/avr/4.6.2/avrxmega2/libgcc.a(_exit.o)
                              /home/baxelrod/ARM-H/avr8-gnu-toolchain-linux_x86/bin/../lib/gcc/avr/4.6.2/../../../../avr/lib/avrxmega2/crtx32a4.o (exit)
/home/baxelrod/ARM-H/avr8-gnu-toolchain-linux_x86/bin/../lib/gcc/avr/4.6.2/avrxmega2/libgcc.a(_copy_data.o)
                              adc.o (__do_copy_data)
/home/baxelrod/ARM-H/avr8-gnu-toolchain-linux_x86/bin/../lib/gcc/avr/4.6.2/avrxmega2/libgcc.a(_clear_bss.o)
                              adc.o (__do_clear_bss)
/home/baxelrod/ARM-H/avr8-gnu-toolchain-linux_x86/bin/../lib/gcc/avr/4.6.2/../../../../avr/lib/avrxmega2/libc.a(eerd_byte_atxmega32a4.o)
                              tactile.o (__eerd_byte_x32a4)
/home/baxelrod/ARM-H/avr8-gnu-toolchain-linux_x86/bin/../lib/gcc/avr/4.6.2/../../../../avr/lib/avrxmega2/libc.a(eewr_byte_atxmega32a4.o)
                              tactile.o (__eewr_byte_x32a4)

Allocating common symbols
Common symbol       size              file

testADC             0x8               tactile.o
pressureData        0x60              tactsense.o
pressureCalibrated  0x30              tactsense.o
pressureTempData    0x60              tactsense.o
lastPressure        0x60              tactsense.o
pressureDataOffset  0x60              tactsense.o
adjustedPressure    0x60              tactsense.o
RxCheckSumErrCnt    0x4               daisycomm.o

Memory Configuration

Name             Origin             Length             Attributes
text             0x00000000         0x00100000         xr
data             0x00802000         0x0000ffa0         rw !x
eeprom           0x00810000         0x00010000         rw !x
fuse             0x00820000         0x00000400         rw !x
lock             0x00830000         0x00000400         rw !x
signature        0x00840000         0x00000400         rw !x
*default*        0x00000000         0xffffffff

Linker script and memory map

LOAD /home/baxelrod/ARM-H/avr8-gnu-toolchain-linux_x86/bin/../lib/gcc/avr/4.6.2/../../../../avr/lib/avrxmega2/crtx32a4.o
LOAD adc.o
LOAD daisycomm.o
LOAD portio.o
LOAD tactile.o
LOAD tactsense.o
LOAD /home/baxelrod/ARM-H/avr8-gnu-toolchain-linux_x86/bin/../lib/gcc/avr/4.6.2/../../../../avr/lib/avrxmega2/libm.a
LOAD /home/baxelrod/ARM-H/avr8-gnu-toolchain-linux_x86/bin/../lib/gcc/avr/4.6.2/avrxmega2/libgcc.a
LOAD /home/baxelrod/ARM-H/avr8-gnu-toolchain-linux_x86/bin/../lib/gcc/avr/4.6.2/../../../../avr/lib/avrxmega2/libc.a
LOAD /home/baxelrod/ARM-H/avr8-gnu-toolchain-linux_x86/bin/../lib/gcc/avr/4.6.2/avrxmega2/libgcc.a

.hash
 *(.hash)

.dynsym
 *(.dynsym)

.dynstr
 *(.dynstr)

.gnu.version
 *(.gnu.version)

.gnu.version_d
 *(.gnu.version_d)

.gnu.version_r
 *(.gnu.version_r)

.rel.init
 *(.rel.init)

.rela.init
 *(.rela.init)

.rel.text
 *(.rel.text)
 *(.rel.text.*)
 *(.rel.gnu.linkonce.t*)

.rela.text
 *(.rela.text)
 *(.rela.text.*)
 *(.rela.gnu.linkonce.t*)

.rel.fini
 *(.rel.fini)

.rela.fini
 *(.rela.fini)

.rel.rodata
 *(.rel.rodata)
 *(.rel.rodata.*)
 *(.rel.gnu.linkonce.r*)

.rela.rodata
 *(.rela.rodata)
 *(.rela.rodata.*)
 *(.rela.gnu.linkonce.r*)

.rel.data
 *(.rel.data)
 *(.rel.data.*)
 *(.rel.gnu.linkonce.d*)

.rela.data
 *(.rela.data)
 *(.rela.data.*)
 *(.rela.gnu.linkonce.d*)

.rel.ctors
 *(.rel.ctors)

.rela.ctors
 *(.rela.ctors)

.rel.dtors
 *(.rel.dtors)

.rela.dtors
 *(.rela.dtors)

.rel.got
 *(.rel.got)

.rela.got
 *(.rela.got)

.rel.bss
 *(.rel.bss)

.rela.bss
 *(.rela.bss)

.rel.plt
 *(.rel.plt)

.rela.plt
 *(.rela.plt)

.text           0x00000000      0xfaa
 *(.vectors)
 .vectors       0x00000000      0x178 /home/baxelrod/ARM-H/avr8-gnu-toolchain-linux_x86/bin/../lib/gcc/avr/4.6.2/../../../../avr/lib/avrxmega2/crtx32a4.o
                0x00000000                __vectors
                0x00000000                __vector_default
 *(.vectors)
 *(.progmem.gcc*)
 *(.progmem*)
                0x00000178                . = ALIGN (0x2)
                0x00000178                __trampolines_start = .
 *(.trampolines)
 .trampolines   0x00000178        0x0 linker stubs
 *(.trampolines*)
                0x00000178                __trampolines_end = .
 *(.jumptables)
 *(.jumptables*)
 *(.lowtext)
 *(.lowtext*)
                0x00000178                __ctors_start = .
 *(.ctors)
                0x00000178                __ctors_end = .
                0x00000178                __dtors_start = .
 *(.dtors)
                0x00000178                __dtors_end = .
 SORT(*)(.ctors)
 SORT(*)(.dtors)
 *(.init0)
 .init0         0x00000178        0x0 /home/baxelrod/ARM-H/avr8-gnu-toolchain-linux_x86/bin/../lib/gcc/avr/4.6.2/../../../../avr/lib/avrxmega2/crtx32a4.o
                0x00000178                __init
 *(.init0)
 *(.init1)
 *(.init1)
 *(.init2)
 .init2         0x00000178        0xc /home/baxelrod/ARM-H/avr8-gnu-toolchain-linux_x86/bin/../lib/gcc/avr/4.6.2/../../../../avr/lib/avrxmega2/crtx32a4.o
 *(.init2)
 *(.init3)
 *(.init3)
 *(.init4)
 .init4         0x00000184       0x16 /home/baxelrod/ARM-H/avr8-gnu-toolchain-linux_x86/bin/../lib/gcc/avr/4.6.2/avrxmega2/libgcc.a(_copy_data.o)
                0x00000184                __do_copy_data
 .init4         0x0000019a       0x10 /home/baxelrod/ARM-H/avr8-gnu-toolchain-linux_x86/bin/../lib/gcc/avr/4.6.2/avrxmega2/libgcc.a(_clear_bss.o)
                0x0000019a                __do_clear_bss
 *(.init4)
 *(.init5)
 *(.init5)
 *(.init6)
 *(.init6)
 *(.init7)
 *(.init7)
 *(.init8)
 *(.init8)
 *(.init9)
 .init9         0x000001aa        0x8 /home/baxelrod/ARM-H/avr8-gnu-toolchain-linux_x86/bin/../lib/gcc/avr/4.6.2/../../../../avr/lib/avrxmega2/crtx32a4.o
 *(.init9)
 *(.text)
 .text          0x000001b2        0x4 /home/baxelrod/ARM-H/avr8-gnu-toolchain-linux_x86/bin/../lib/gcc/avr/4.6.2/../../../../avr/lib/avrxmega2/crtx32a4.o
                0x000001b2                __vector_38
                0x000001b2                __vector_22
                0x000001b2                __vector_63
                0x000001b2                __vector_28
                0x000001b2                __vector_67
                0x000001b2                __vector_1
                0x000001b2                __vector_32
                0x000001b2                __vector_75
                0x000001b2                __vector_71
                0x000001b2                __vector_91
                0x000001b2                __vector_34
                0x000001b2                __vector_62
                0x000001b2                __vector_77
                0x000001b2                __vector_24
                0x000001b2                __vector_12
                0x000001b2                __vector_55
                0x000001b2                __vector_69
                0x000001b2                __vector_81
                0x000001b2                __vector_90
                0x000001b2                __vector_46
                0x000001b2                __bad_interrupt
                0x000001b2                __vector_72
                0x000001b2                __vector_31
                0x000001b2                __vector_92
                0x000001b2                __vector_35
                0x000001b2                __vector_78
                0x000001b2                __vector_74
                0x000001b2                __vector_39
                0x000001b2                __vector_3
                0x000001b2                __vector_23
                0x000001b2                __vector_68
                0x000001b2                __vector_30
                0x000001b2                __vector_73
                0x000001b2                __vector_45
                0x000001b2                __vector_25
                0x000001b2                __vector_93
                0x000001b2                __vector_61
                0x000001b2                __vector_11
                0x000001b2                __vector_54
                0x000001b2                __vector_13
                0x000001b2                __vector_17
                0x000001b2                __vector_19
                0x000001b2                __vector_56
                0x000001b2                __vector_7
                0x000001b2                __vector_49
                0x000001b2                __vector_41
                0x000001b2                __vector_86
                0x000001b2                __vector_64
                0x000001b2                __vector_88
                0x000001b2                __vector_43
                0x000001b2                __vector_5
                0x000001b2                __vector_33
                0x000001b2                __vector_76
                0x000001b2                __vector_47
                0x000001b2                __vector_52
                0x000001b2                __vector_37
                0x000001b2                __vector_89
                0x000001b2                __vector_4
                0x000001b2                __vector_44
                0x000001b2                __vector_82
                0x000001b2                __vector_51
                0x000001b2                __vector_9
                0x000001b2                __vector_2
                0x000001b2                __vector_21
                0x000001b2                __vector_15
                0x000001b2                __vector_66
                0x000001b2                __vector_36
                0x000001b2                __vector_79
                0x000001b2                __vector_58
                0x000001b2                __vector_70
                0x000001b2                __vector_83
                0x000001b2                __vector_29
                0x000001b2                __vector_60
                0x000001b2                __vector_40
                0x000001b2                __vector_85
                0x000001b2                __vector_8
                0x000001b2                __vector_26
                0x000001b2                __vector_48
                0x000001b2                __vector_80
                0x000001b2                __vector_84
                0x000001b2                __vector_57
                0x000001b2                __vector_53
                0x000001b2                __vector_10
                0x000001b2                __vector_50
                0x000001b2                __vector_16
                0x000001b2                __vector_59
                0x000001b2                __vector_18
                0x000001b2                __vector_42
                0x000001b2                __vector_87
                0x000001b2                __vector_65
 .text          0x000001b6      0x100 adc.o
                0x000001b6                captureSweep
                0x00000222                configureADC
 .text          0x000002b6      0x3c4 daisycomm.o
                0x00000398                __vector_14
                0x00000440                __vector_6
                0x00000496                __vector_27
                0x000004da                computeChecksum
                0x000004fc                configureDaisyUSART
                0x00000538                doDaisyTask
 .text          0x0000067a       0x3e portio.o
                0x0000067a                configurePortIO
 .text          0x000006b8      0x2ca tactile.o
                0x00000754                LEDon
                0x00000760                LEDoff
                0x0000076c                processCommand
                0x00000978                LEDtoggle
 .text          0x00000982      0x4aa tactsense.o
                0x00000ab8                __vector_20
                0x00000ada                configureSPIModules
                0x00000aee                initTactileModule
                0x00000b44                collectAllCalibrationValues
                0x00000b78                compensatePressure
                0x00000c66                doTactSensors
 .text          0x00000e2c        0x0 /home/baxelrod/ARM-H/avr8-gnu-toolchain-linux_x86/bin/../lib/gcc/avr/4.6.2/avrxmega2/libgcc.a(_exit.o)
 .text          0x00000e2c        0x0 /home/baxelrod/ARM-H/avr8-gnu-toolchain-linux_x86/bin/../lib/gcc/avr/4.6.2/avrxmega2/libgcc.a(_copy_data.o)
 .text          0x00000e2c        0x0 /home/baxelrod/ARM-H/avr8-gnu-toolchain-linux_x86/bin/../lib/gcc/avr/4.6.2/avrxmega2/libgcc.a(_clear_bss.o)
 .text          0x00000e2c        0x0 /home/baxelrod/ARM-H/avr8-gnu-toolchain-linux_x86/bin/../lib/gcc/avr/4.6.2/../../../../avr/lib/avrxmega2/libc.a(eerd_byte_atxmega32a4.o)
 .text          0x00000e2c        0x0 /home/baxelrod/ARM-H/avr8-gnu-toolchain-linux_x86/bin/../lib/gcc/avr/4.6.2/../../../../avr/lib/avrxmega2/libc.a(eewr_byte_atxmega32a4.o)
                0x00000e2c                . = ALIGN (0x2)
 *(.text.*)
 .text.startup  0x00000e2c      0x114 tactile.o
                0x00000e2c                main
 .text.libgcc   0x00000f40        0x0 /home/baxelrod/ARM-H/avr8-gnu-toolchain-linux_x86/bin/../lib/gcc/avr/4.6.2/avrxmega2/libgcc.a(_exit.o)
 .text.libgcc   0x00000f40        0x0 /home/baxelrod/ARM-H/avr8-gnu-toolchain-linux_x86/bin/../lib/gcc/avr/4.6.2/avrxmega2/libgcc.a(_copy_data.o)
 .text.libgcc   0x00000f40        0x0 /home/baxelrod/ARM-H/avr8-gnu-toolchain-linux_x86/bin/../lib/gcc/avr/4.6.2/avrxmega2/libgcc.a(_clear_bss.o)
 .text.avr-libc
                0x00000f40       0x20 /home/baxelrod/ARM-H/avr8-gnu-toolchain-linux_x86/bin/../lib/gcc/avr/4.6.2/../../../../avr/lib/avrxmega2/libc.a(eerd_byte_atxmega32a4.o)
                0x00000f40                __eerd_byte_x32a4
                0x00000f48                eeprom_mapen
 .text.avr-libc
                0x00000f60       0x46 /home/baxelrod/ARM-H/avr8-gnu-toolchain-linux_x86/bin/../lib/gcc/avr/4.6.2/../../../../avr/lib/avrxmega2/libc.a(eewr_byte_atxmega32a4.o)
                0x00000f60                __eewr_byte_x32a4
                0x00000f62                __eewr_r18_x32a4
                0x00000fa6                . = ALIGN (0x2)
 *(.fini9)
 .fini9         0x00000fa6        0x0 /home/baxelrod/ARM-H/avr8-gnu-toolchain-linux_x86/bin/../lib/gcc/avr/4.6.2/avrxmega2/libgcc.a(_exit.o)
                0x00000fa6                exit
                0x00000fa6                _exit
 *(.fini9)
 *(.fini8)
 *(.fini8)
 *(.fini7)
 *(.fini7)
 *(.fini6)
 *(.fini6)
 *(.fini5)
 *(.fini5)
 *(.fini4)
 *(.fini4)
 *(.fini3)
 *(.fini3)
 *(.fini2)
 *(.fini2)
 *(.fini1)
 *(.fini1)
 *(.fini0)
 .fini0         0x00000fa6        0x4 /home/baxelrod/ARM-H/avr8-gnu-toolchain-linux_x86/bin/../lib/gcc/avr/4.6.2/avrxmega2/libgcc.a(_exit.o)
 *(.fini0)
                0x00000faa                _etext = .

.data           0x00802000        0x0 load address 0x00000faa
                0x00802000                PROVIDE (__data_start, .)
 *(.data)
 .data          0x00802000        0x0 /home/baxelrod/ARM-H/avr8-gnu-toolchain-linux_x86/bin/../lib/gcc/avr/4.6.2/../../../../avr/lib/avrxmega2/crtx32a4.o
 .data          0x00802000        0x0 adc.o
 .data          0x00802000        0x0 daisycomm.o
 .data          0x00802000        0x0 portio.o
 .data          0x00802000        0x0 tactile.o
 .data          0x00802000        0x0 tactsense.o
 .data          0x00802000        0x0 /home/baxelrod/ARM-H/avr8-gnu-toolchain-linux_x86/bin/../lib/gcc/avr/4.6.2/avrxmega2/libgcc.a(_exit.o)
 .data          0x00802000        0x0 /home/baxelrod/ARM-H/avr8-gnu-toolchain-linux_x86/bin/../lib/gcc/avr/4.6.2/avrxmega2/libgcc.a(_copy_data.o)
 .data          0x00802000        0x0 /home/baxelrod/ARM-H/avr8-gnu-toolchain-linux_x86/bin/../lib/gcc/avr/4.6.2/avrxmega2/libgcc.a(_clear_bss.o)
 .data          0x00802000        0x0 /home/baxelrod/ARM-H/avr8-gnu-toolchain-linux_x86/bin/../lib/gcc/avr/4.6.2/../../../../avr/lib/avrxmega2/libc.a(eerd_byte_atxmega32a4.o)
 .data          0x00802000        0x0 /home/baxelrod/ARM-H/avr8-gnu-toolchain-linux_x86/bin/../lib/gcc/avr/4.6.2/../../../../avr/lib/avrxmega2/libc.a(eewr_byte_atxmega32a4.o)
 *(.data*)
 *(.rodata)
 *(.rodata*)
 *(.gnu.linkonce.d*)
                0x00802000                . = ALIGN (0x2)
                0x00802000                _edata = .
                0x00802000                PROVIDE (__data_end, .)

.bss            0x00802000      0x2f5
                0x00802000                PROVIDE (__bss_start, .)
 *(.bss)
 .bss           0x00802000        0x0 /home/baxelrod/ARM-H/avr8-gnu-toolchain-linux_x86/bin/../lib/gcc/avr/4.6.2/../../../../avr/lib/avrxmega2/crtx32a4.o
 .bss           0x00802000        0x0 adc.o
 .bss           0x00802000       0xd7 daisycomm.o
                0x00802000                notifyDaisy
 .bss           0x008020d7        0x0 portio.o
 .bss           0x008020d7        0x0 tactile.o
 .bss           0x008020d7        0x2 tactsense.o
                0x008020d7                activeSensor
                0x008020d8                tactReady
 .bss           0x008020d9        0x0 /home/baxelrod/ARM-H/avr8-gnu-toolchain-linux_x86/bin/../lib/gcc/avr/4.6.2/avrxmega2/libgcc.a(_exit.o)
 .bss           0x008020d9        0x0 /home/baxelrod/ARM-H/avr8-gnu-toolchain-linux_x86/bin/../lib/gcc/avr/4.6.2/avrxmega2/libgcc.a(_copy_data.o)
 .bss           0x008020d9        0x0 /home/baxelrod/ARM-H/avr8-gnu-toolchain-linux_x86/bin/../lib/gcc/avr/4.6.2/avrxmega2/libgcc.a(_clear_bss.o)
 .bss           0x008020d9        0x0 /home/baxelrod/ARM-H/avr8-gnu-toolchain-linux_x86/bin/../lib/gcc/avr/4.6.2/../../../../avr/lib/avrxmega2/libc.a(eerd_byte_atxmega32a4.o)
 .bss           0x008020d9        0x0 /home/baxelrod/ARM-H/avr8-gnu-toolchain-linux_x86/bin/../lib/gcc/avr/4.6.2/../../../../avr/lib/avrxmega2/libc.a(eewr_byte_atxmega32a4.o)
 *(.bss*)
 *(COMMON)
 COMMON         0x008020d9        0x4 daisycomm.o
                0x008020d9                RxCheckSumErrCnt
 COMMON         0x008020dd        0x8 tactile.o
                0x008020dd                testADC
 COMMON         0x008020e5      0x210 tactsense.o
                0x008020e5                pressureData
                0x00802145                pressureCalibrated
                0x00802175                pressureTempData
                0x008021d5                lastPressure
                0x00802235                pressureDataOffset
                0x00802295                adjustedPressure
                0x008022f5                PROVIDE (__bss_end, .)
                0x00000faa                __data_load_start = LOADADDR (.data)
                0x00000faa                __data_load_end = (__data_load_start + SIZEOF (.data))

.noinit         0x008022f5        0x0
                0x008022f5                PROVIDE (__noinit_start, .)
 *(.noinit*)
                0x008022f5                PROVIDE (__noinit_end, .)
                0x008022f5                _end = .
                0x008022f5                PROVIDE (__heap_start, .)

.eeprom         0x00810000        0x0
 *(.eeprom*)
                0x00810000                __eeprom_end = .

.fuse
 *(.fuse)
 *(.lfuse)
 *(.hfuse)
 *(.efuse)

.lock
 *(.lock*)

.signature
 *(.signature*)

.stab           0x00000000      0x6cc
 *(.stab)
 .stab          0x00000000      0x6cc /home/baxelrod/ARM-H/avr8-gnu-toolchain-linux_x86/bin/../lib/gcc/avr/4.6.2/../../../../avr/lib/avrxmega2/crtx32a4.o

.stabstr        0x00000000       0x85
 *(.stabstr)
 .stabstr       0x00000000       0x85 /home/baxelrod/ARM-H/avr8-gnu-toolchain-linux_x86/bin/../lib/gcc/avr/4.6.2/../../../../avr/lib/avrxmega2/crtx32a4.o

.stab.excl
 *(.stab.excl)

.stab.exclstr
 *(.stab.exclstr)

.stab.index
 *(.stab.index)

.stab.indexstr
 *(.stab.indexstr)

.comment
 *(.comment)

.debug
 *(.debug)

.line
 *(.line)

.debug_srcinfo
 *(.debug_srcinfo)

.debug_sfnames
 *(.debug_sfnames)

.debug_aranges  0x00000000       0xa8
 *(.debug_aranges)
 .debug_aranges
                0x00000000       0x20 adc.o
 .debug_aranges
                0x00000020       0x20 daisycomm.o
 .debug_aranges
                0x00000040       0x20 portio.o
 .debug_aranges
                0x00000060       0x28 tactile.o
 .debug_aranges
                0x00000088       0x20 tactsense.o

.debug_pubnames
 *(.debug_pubnames)

.debug_info     0x00000000     0x3ab2
 *(.debug_info)
 .debug_info    0x00000000      0xd09 adc.o
 .debug_info    0x00000d09     0x153a daisycomm.o
 .debug_info    0x00002243      0x1f9 portio.o
 .debug_info    0x0000243c      0x95b tactile.o
 .debug_info    0x00002d97      0xd1b tactsense.o
 *(.gnu.linkonce.wi.*)

.debug_abbrev   0x00000000      0xa37
 *(.debug_abbrev)
 .debug_abbrev  0x00000000      0x190 adc.o
 .debug_abbrev  0x00000190      0x2c9 daisycomm.o
 .debug_abbrev  0x00000459       0x80 portio.o
 .debug_abbrev  0x000004d9      0x273 tactile.o
 .debug_abbrev  0x0000074c      0x2eb tactsense.o

.debug_line     0x00000000      0x968
 *(.debug_line)
 .debug_line    0x00000000      0x15c adc.o
 .debug_line    0x0000015c      0x2a3 daisycomm.o
 .debug_line    0x000003ff       0xbc portio.o
 .debug_line    0x000004bb      0x280 tactile.o
 .debug_line    0x0000073b      0x22d tactsense.o

.debug_frame    0x00000000      0x418
 *(.debug_frame)
 .debug_frame   0x00000000       0x40 adc.o
 .debug_frame   0x00000040      0x138 daisycomm.o
 .debug_frame   0x00000178       0x24 portio.o
 .debug_frame   0x0000019c      0x128 tactile.o
 .debug_frame   0x000002c4      0x154 tactsense.o

.debug_str      0x00000000     0x3632
 *(.debug_str)
 .debug_str     0x00000000     0x188a adc.o
                               0x18e8 (size before relaxing)
 .debug_str     0x0000188a     0x16ff daisycomm.o
                               0x189e (size before relaxing)
 .debug_str     0x00002f89       0x19 portio.o
                                0x184 (size before relaxing)
 .debug_str     0x00002fa2      0x334 tactile.o
                                0x541 (size before relaxing)
 .debug_str     0x000032d6      0x35c tactsense.o
                                0xaa7 (size before relaxing)

.debug_loc      0x00000000      0xd08
 *(.debug_loc)
 .debug_loc     0x00000000       0x95 adc.o
 .debug_loc     0x00000095      0x3cd daisycomm.o
 .debug_loc     0x00000462      0x4f8 tactile.o
 .debug_loc     0x0000095a      0x3ae tactsense.o

.debug_macinfo
 *(.debug_macinfo)
OUTPUT(tactile.elf elf32-avr)
LOAD linker stubs

.debug_ranges   0x00000000       0x18
 .debug_ranges  0x00000000       0x18 tactile.o

Cross Reference Table

Symbol                                            File
LEDoff                                            tactile.o
LEDon                                             tactile.o
LEDtoggle                                         tactile.o
RxCheckSumErrCnt                                  tactile.o
                                                  daisycomm.o
__bad_interrupt                                   /home/baxelrod/ARM-H/avr8-gnu-toolchain-linux_x86/bin/../lib/gcc/avr/4.6.2/../../../../avr/lib/avrxmega2/crtx32a4.o
__bss_end                                         /home/baxelrod/ARM-H/avr8-gnu-toolchain-linux_x86/bin/../lib/gcc/avr/4.6.2/avrxmega2/libgcc.a(_clear_bss.o)
__bss_start                                       /home/baxelrod/ARM-H/avr8-gnu-toolchain-linux_x86/bin/../lib/gcc/avr/4.6.2/avrxmega2/libgcc.a(_clear_bss.o)
__data_end                                        /home/baxelrod/ARM-H/avr8-gnu-toolchain-linux_x86/bin/../lib/gcc/avr/4.6.2/avrxmega2/libgcc.a(_copy_data.o)
__data_load_start                                 /home/baxelrod/ARM-H/avr8-gnu-toolchain-linux_x86/bin/../lib/gcc/avr/4.6.2/avrxmega2/libgcc.a(_copy_data.o)
__data_start                                      /home/baxelrod/ARM-H/avr8-gnu-toolchain-linux_x86/bin/../lib/gcc/avr/4.6.2/avrxmega2/libgcc.a(_copy_data.o)
__do_clear_bss                                    /home/baxelrod/ARM-H/avr8-gnu-toolchain-linux_x86/bin/../lib/gcc/avr/4.6.2/avrxmega2/libgcc.a(_clear_bss.o)
                                                  tactsense.o
                                                  tactile.o
                                                  portio.o
                                                  daisycomm.o
                                                  adc.o
__do_copy_data                                    /home/baxelrod/ARM-H/avr8-gnu-toolchain-linux_x86/bin/../lib/gcc/avr/4.6.2/avrxmega2/libgcc.a(_copy_data.o)
                                                  tactsense.o
                                                  tactile.o
                                                  portio.o
                                                  daisycomm.o
                                                  adc.o
__eerd_byte_x32a4                                 /home/baxelrod/ARM-H/avr8-gnu-toolchain-linux_x86/bin/../lib/gcc/avr/4.6.2/../../../../avr/lib/avrxmega2/libc.a(eerd_byte_atxmega32a4.o)
                                                  tactile.o
__eewr_byte_x32a4                                 /home/baxelrod/ARM-H/avr8-gnu-toolchain-linux_x86/bin/../lib/gcc/avr/4.6.2/../../../../avr/lib/avrxmega2/libc.a(eewr_byte_atxmega32a4.o)
                                                  tactile.o
__eewr_r18_x32a4                                  /home/baxelrod/ARM-H/avr8-gnu-toolchain-linux_x86/bin/../lib/gcc/avr/4.6.2/../../../../avr/lib/avrxmega2/libc.a(eewr_byte_atxmega32a4.o)
__heap_end                                        /home/baxelrod/ARM-H/avr8-gnu-toolchain-linux_x86/bin/../lib/gcc/avr/4.6.2/../../../../avr/lib/avrxmega2/crtx32a4.o
__init                                            /home/baxelrod/ARM-H/avr8-gnu-toolchain-linux_x86/bin/../lib/gcc/avr/4.6.2/../../../../avr/lib/avrxmega2/crtx32a4.o
__stack                                           /home/baxelrod/ARM-H/avr8-gnu-toolchain-linux_x86/bin/../lib/gcc/avr/4.6.2/../../../../avr/lib/avrxmega2/crtx32a4.o
__vector_1                                        /home/baxelrod/ARM-H/avr8-gnu-toolchain-linux_x86/bin/../lib/gcc/avr/4.6.2/../../../../avr/lib/avrxmega2/crtx32a4.o
__vector_10                                       /home/baxelrod/ARM-H/avr8-gnu-toolchain-linux_x86/bin/../lib/gcc/avr/4.6.2/../../../../avr/lib/avrxmega2/crtx32a4.o
__vector_11                                       /home/baxelrod/ARM-H/avr8-gnu-toolchain-linux_x86/bin/../lib/gcc/avr/4.6.2/../../../../avr/lib/avrxmega2/crtx32a4.o
__vector_12                                       /home/baxelrod/ARM-H/avr8-gnu-toolchain-linux_x86/bin/../lib/gcc/avr/4.6.2/../../../../avr/lib/avrxmega2/crtx32a4.o
__vector_13                                       /home/baxelrod/ARM-H/avr8-gnu-toolchain-linux_x86/bin/../lib/gcc/avr/4.6.2/../../../../avr/lib/avrxmega2/crtx32a4.o
__vector_14                                       daisycomm.o
                                                  /home/baxelrod/ARM-H/avr8-gnu-toolchain-linux_x86/bin/../lib/gcc/avr/4.6.2/../../../../avr/lib/avrxmega2/crtx32a4.o
__vector_15                                       /home/baxelrod/ARM-H/avr8-gnu-toolchain-linux_x86/bin/../lib/gcc/avr/4.6.2/../../../../avr/lib/avrxmega2/crtx32a4.o
__vector_16                                       /home/baxelrod/ARM-H/avr8-gnu-toolchain-linux_x86/bin/../lib/gcc/avr/4.6.2/../../../../avr/lib/avrxmega2/crtx32a4.o
__vector_17                                       /home/baxelrod/ARM-H/avr8-gnu-toolchain-linux_x86/bin/../lib/gcc/avr/4.6.2/../../../../avr/lib/avrxmega2/crtx32a4.o
__vector_18                                       /home/baxelrod/ARM-H/avr8-gnu-toolchain-linux_x86/bin/../lib/gcc/avr/4.6.2/../../../../avr/lib/avrxmega2/crtx32a4.o
__vector_19                                       /home/baxelrod/ARM-H/avr8-gnu-toolchain-linux_x86/bin/../lib/gcc/avr/4.6.2/../../../../avr/lib/avrxmega2/crtx32a4.o
__vector_2                                        /home/baxelrod/ARM-H/avr8-gnu-toolchain-linux_x86/bin/../lib/gcc/avr/4.6.2/../../../../avr/lib/avrxmega2/crtx32a4.o
__vector_20                                       tactsense.o
                                                  /home/baxelrod/ARM-H/avr8-gnu-toolchain-linux_x86/bin/../lib/gcc/avr/4.6.2/../../../../avr/lib/avrxmega2/crtx32a4.o
__vector_21                                       /home/baxelrod/ARM-H/avr8-gnu-toolchain-linux_x86/bin/../lib/gcc/avr/4.6.2/../../../../avr/lib/avrxmega2/crtx32a4.o
__vector_22                                       /home/baxelrod/ARM-H/avr8-gnu-toolchain-linux_x86/bin/../lib/gcc/avr/4.6.2/../../../../avr/lib/avrxmega2/crtx32a4.o
__vector_23                                       /home/baxelrod/ARM-H/avr8-gnu-toolchain-linux_x86/bin/../lib/gcc/avr/4.6.2/../../../../avr/lib/avrxmega2/crtx32a4.o
__vector_24                                       /home/baxelrod/ARM-H/avr8-gnu-toolchain-linux_x86/bin/../lib/gcc/avr/4.6.2/../../../../avr/lib/avrxmega2/crtx32a4.o
__vector_25                                       /home/baxelrod/ARM-H/avr8-gnu-toolchain-linux_x86/bin/../lib/gcc/avr/4.6.2/../../../../avr/lib/avrxmega2/crtx32a4.o
__vector_26                                       /home/baxelrod/ARM-H/avr8-gnu-toolchain-linux_x86/bin/../lib/gcc/avr/4.6.2/../../../../avr/lib/avrxmega2/crtx32a4.o
__vector_27                                       daisycomm.o
                                                  /home/baxelrod/ARM-H/avr8-gnu-toolchain-linux_x86/bin/../lib/gcc/avr/4.6.2/../../../../avr/lib/avrxmega2/crtx32a4.o
__vector_28                                       /home/baxelrod/ARM-H/avr8-gnu-toolchain-linux_x86/bin/../lib/gcc/avr/4.6.2/../../../../avr/lib/avrxmega2/crtx32a4.o
__vector_29                                       /home/baxelrod/ARM-H/avr8-gnu-toolchain-linux_x86/bin/../lib/gcc/avr/4.6.2/../../../../avr/lib/avrxmega2/crtx32a4.o
__vector_3                                        /home/baxelrod/ARM-H/avr8-gnu-toolchain-linux_x86/bin/../lib/gcc/avr/4.6.2/../../../../avr/lib/avrxmega2/crtx32a4.o
__vector_30                                       /home/baxelrod/ARM-H/avr8-gnu-toolchain-linux_x86/bin/../lib/gcc/avr/4.6.2/../../../../avr/lib/avrxmega2/crtx32a4.o
__vector_31                                       /home/baxelrod/ARM-H/avr8-gnu-toolchain-linux_x86/bin/../lib/gcc/avr/4.6.2/../../../../avr/lib/avrxmega2/crtx32a4.o
__vector_32                                       /home/baxelrod/ARM-H/avr8-gnu-toolchain-linux_x86/bin/../lib/gcc/avr/4.6.2/../../../../avr/lib/avrxmega2/crtx32a4.o
__vector_33                                       /home/baxelrod/ARM-H/avr8-gnu-toolchain-linux_x86/bin/../lib/gcc/avr/4.6.2/../../../../avr/lib/avrxmega2/crtx32a4.o
__vector_34                                       /home/baxelrod/ARM-H/avr8-gnu-toolchain-linux_x86/bin/../lib/gcc/avr/4.6.2/../../../../avr/lib/avrxmega2/crtx32a4.o
__vector_35                                       /home/baxelrod/ARM-H/avr8-gnu-toolchain-linux_x86/bin/../lib/gcc/avr/4.6.2/../../../../avr/lib/avrxmega2/crtx32a4.o
__vector_36                                       /home/baxelrod/ARM-H/avr8-gnu-toolchain-linux_x86/bin/../lib/gcc/avr/4.6.2/../../../../avr/lib/avrxmega2/crtx32a4.o
__vector_37                                       /home/baxelrod/ARM-H/avr8-gnu-toolchain-linux_x86/bin/../lib/gcc/avr/4.6.2/../../../../avr/lib/avrxmega2/crtx32a4.o
__vector_38                                       /home/baxelrod/ARM-H/avr8-gnu-toolchain-linux_x86/bin/../lib/gcc/avr/4.6.2/../../../../avr/lib/avrxmega2/crtx32a4.o
__vector_39                                       /home/baxelrod/ARM-H/avr8-gnu-toolchain-linux_x86/bin/../lib/gcc/avr/4.6.2/../../../../avr/lib/avrxmega2/crtx32a4.o
__vector_4                                        /home/baxelrod/ARM-H/avr8-gnu-toolchain-linux_x86/bin/../lib/gcc/avr/4.6.2/../../../../avr/lib/avrxmega2/crtx32a4.o
__vector_40                                       /home/baxelrod/ARM-H/avr8-gnu-toolchain-linux_x86/bin/../lib/gcc/avr/4.6.2/../../../../avr/lib/avrxmega2/crtx32a4.o
__vector_41                                       /home/baxelrod/ARM-H/avr8-gnu-toolchain-linux_x86/bin/../lib/gcc/avr/4.6.2/../../../../avr/lib/avrxmega2/crtx32a4.o
__vector_42                                       /home/baxelrod/ARM-H/avr8-gnu-toolchain-linux_x86/bin/../lib/gcc/avr/4.6.2/../../../../avr/lib/avrxmega2/crtx32a4.o
__vector_43                                       /home/baxelrod/ARM-H/avr8-gnu-toolchain-linux_x86/bin/../lib/gcc/avr/4.6.2/../../../../avr/lib/avrxmega2/crtx32a4.o
__vector_44                                       /home/baxelrod/ARM-H/avr8-gnu-toolchain-linux_x86/bin/../lib/gcc/avr/4.6.2/../../../../avr/lib/avrxmega2/crtx32a4.o
__vector_45                                       /home/baxelrod/ARM-H/avr8-gnu-toolchain-linux_x86/bin/../lib/gcc/avr/4.6.2/../../../../avr/lib/avrxmega2/crtx32a4.o
__vector_46                                       /home/baxelrod/ARM-H/avr8-gnu-toolchain-linux_x86/bin/../lib/gcc/avr/4.6.2/../../../../avr/lib/avrxmega2/crtx32a4.o
__vector_47                                       /home/baxelrod/ARM-H/avr8-gnu-toolchain-linux_x86/bin/../lib/gcc/avr/4.6.2/../../../../avr/lib/avrxmega2/crtx32a4.o
__vector_48                                       /home/baxelrod/ARM-H/avr8-gnu-toolchain-linux_x86/bin/../lib/gcc/avr/4.6.2/../../../../avr/lib/avrxmega2/crtx32a4.o
__vector_49                                       /home/baxelrod/ARM-H/avr8-gnu-toolchain-linux_x86/bin/../lib/gcc/avr/4.6.2/../../../../avr/lib/avrxmega2/crtx32a4.o
__vector_5                                        /home/baxelrod/ARM-H/avr8-gnu-toolchain-linux_x86/bin/../lib/gcc/avr/4.6.2/../../../../avr/lib/avrxmega2/crtx32a4.o
__vector_50                                       /home/baxelrod/ARM-H/avr8-gnu-toolchain-linux_x86/bin/../lib/gcc/avr/4.6.2/../../../../avr/lib/avrxmega2/crtx32a4.o
__vector_51                                       /home/baxelrod/ARM-H/avr8-gnu-toolchain-linux_x86/bin/../lib/gcc/avr/4.6.2/../../../../avr/lib/avrxmega2/crtx32a4.o
__vector_52                                       /home/baxelrod/ARM-H/avr8-gnu-toolchain-linux_x86/bin/../lib/gcc/avr/4.6.2/../../../../avr/lib/avrxmega2/crtx32a4.o
__vector_53                                       /home/baxelrod/ARM-H/avr8-gnu-toolchain-linux_x86/bin/../lib/gcc/avr/4.6.2/../../../../avr/lib/avrxmega2/crtx32a4.o
__vector_54                                       /home/baxelrod/ARM-H/avr8-gnu-toolchain-linux_x86/bin/../lib/gcc/avr/4.6.2/../../../../avr/lib/avrxmega2/crtx32a4.o
__vector_55                                       /home/baxelrod/ARM-H/avr8-gnu-toolchain-linux_x86/bin/../lib/gcc/avr/4.6.2/../../../../avr/lib/avrxmega2/crtx32a4.o
__vector_56                                       /home/baxelrod/ARM-H/avr8-gnu-toolchain-linux_x86/bin/../lib/gcc/avr/4.6.2/../../../../avr/lib/avrxmega2/crtx32a4.o
__vector_57                                       /home/baxelrod/ARM-H/avr8-gnu-toolchain-linux_x86/bin/../lib/gcc/avr/4.6.2/../../../../avr/lib/avrxmega2/crtx32a4.o
__vector_58                                       /home/baxelrod/ARM-H/avr8-gnu-toolchain-linux_x86/bin/../lib/gcc/avr/4.6.2/../../../../avr/lib/avrxmega2/crtx32a4.o
__vector_59                                       /home/baxelrod/ARM-H/avr8-gnu-toolchain-linux_x86/bin/../lib/gcc/avr/4.6.2/../../../../avr/lib/avrxmega2/crtx32a4.o
__vector_6                                        daisycomm.o
                                                  /home/baxelrod/ARM-H/avr8-gnu-toolchain-linux_x86/bin/../lib/gcc/avr/4.6.2/../../../../avr/lib/avrxmega2/crtx32a4.o
__vector_60                                       /home/baxelrod/ARM-H/avr8-gnu-toolchain-linux_x86/bin/../lib/gcc/avr/4.6.2/../../../../avr/lib/avrxmega2/crtx32a4.o
__vector_61                                       /home/baxelrod/ARM-H/avr8-gnu-toolchain-linux_x86/bin/../lib/gcc/avr/4.6.2/../../../../avr/lib/avrxmega2/crtx32a4.o
__vector_62                                       /home/baxelrod/ARM-H/avr8-gnu-toolchain-linux_x86/bin/../lib/gcc/avr/4.6.2/../../../../avr/lib/avrxmega2/crtx32a4.o
__vector_63                                       /home/baxelrod/ARM-H/avr8-gnu-toolchain-linux_x86/bin/../lib/gcc/avr/4.6.2/../../../../avr/lib/avrxmega2/crtx32a4.o
__vector_64                                       /home/baxelrod/ARM-H/avr8-gnu-toolchain-linux_x86/bin/../lib/gcc/avr/4.6.2/../../../../avr/lib/avrxmega2/crtx32a4.o
__vector_65                                       /home/baxelrod/ARM-H/avr8-gnu-toolchain-linux_x86/bin/../lib/gcc/avr/4.6.2/../../../../avr/lib/avrxmega2/crtx32a4.o
__vector_66                                       /home/baxelrod/ARM-H/avr8-gnu-toolchain-linux_x86/bin/../lib/gcc/avr/4.6.2/../../../../avr/lib/avrxmega2/crtx32a4.o
__vector_67                                       /home/baxelrod/ARM-H/avr8-gnu-toolchain-linux_x86/bin/../lib/gcc/avr/4.6.2/../../../../avr/lib/avrxmega2/crtx32a4.o
__vector_68                                       /home/baxelrod/ARM-H/avr8-gnu-toolchain-linux_x86/bin/../lib/gcc/avr/4.6.2/../../../../avr/lib/avrxmega2/crtx32a4.o
__vector_69                                       /home/baxelrod/ARM-H/avr8-gnu-toolchain-linux_x86/bin/../lib/gcc/avr/4.6.2/../../../../avr/lib/avrxmega2/crtx32a4.o
__vector_7                                        /home/baxelrod/ARM-H/avr8-gnu-toolchain-linux_x86/bin/../lib/gcc/avr/4.6.2/../../../../avr/lib/avrxmega2/crtx32a4.o
__vector_70                                       /home/baxelrod/ARM-H/avr8-gnu-toolchain-linux_x86/bin/../lib/gcc/avr/4.6.2/../../../../avr/lib/avrxmega2/crtx32a4.o
__vector_71                                       /home/baxelrod/ARM-H/avr8-gnu-toolchain-linux_x86/bin/../lib/gcc/avr/4.6.2/../../../../avr/lib/avrxmega2/crtx32a4.o
__vector_72                                       /home/baxelrod/ARM-H/avr8-gnu-toolchain-linux_x86/bin/../lib/gcc/avr/4.6.2/../../../../avr/lib/avrxmega2/crtx32a4.o
__vector_73                                       /home/baxelrod/ARM-H/avr8-gnu-toolchain-linux_x86/bin/../lib/gcc/avr/4.6.2/../../../../avr/lib/avrxmega2/crtx32a4.o
__vector_74                                       /home/baxelrod/ARM-H/avr8-gnu-toolchain-linux_x86/bin/../lib/gcc/avr/4.6.2/../../../../avr/lib/avrxmega2/crtx32a4.o
__vector_75                                       /home/baxelrod/ARM-H/avr8-gnu-toolchain-linux_x86/bin/../lib/gcc/avr/4.6.2/../../../../avr/lib/avrxmega2/crtx32a4.o
__vector_76                                       /home/baxelrod/ARM-H/avr8-gnu-toolchain-linux_x86/bin/../lib/gcc/avr/4.6.2/../../../../avr/lib/avrxmega2/crtx32a4.o
__vector_77                                       /home/baxelrod/ARM-H/avr8-gnu-toolchain-linux_x86/bin/../lib/gcc/avr/4.6.2/../../../../avr/lib/avrxmega2/crtx32a4.o
__vector_78                                       /home/baxelrod/ARM-H/avr8-gnu-toolchain-linux_x86/bin/../lib/gcc/avr/4.6.2/../../../../avr/lib/avrxmega2/crtx32a4.o
__vector_79                                       /home/baxelrod/ARM-H/avr8-gnu-toolchain-linux_x86/bin/../lib/gcc/avr/4.6.2/../../../../avr/lib/avrxmega2/crtx32a4.o
__vector_8                                        /home/baxelrod/ARM-H/avr8-gnu-toolchain-linux_x86/bin/../lib/gcc/avr/4.6.2/../../../../avr/lib/avrxmega2/crtx32a4.o
__vector_80                                       /home/baxelrod/ARM-H/avr8-gnu-toolchain-linux_x86/bin/../lib/gcc/avr/4.6.2/../../../../avr/lib/avrxmega2/crtx32a4.o
__vector_81                                       /home/baxelrod/ARM-H/avr8-gnu-toolchain-linux_x86/bin/../lib/gcc/avr/4.6.2/../../../../avr/lib/avrxmega2/crtx32a4.o
__vector_82                                       /home/baxelrod/ARM-H/avr8-gnu-toolchain-linux_x86/bin/../lib/gcc/avr/4.6.2/../../../../avr/lib/avrxmega2/crtx32a4.o
__vector_83                                       /home/baxelrod/ARM-H/avr8-gnu-toolchain-linux_x86/bin/../lib/gcc/avr/4.6.2/../../../../avr/lib/avrxmega2/crtx32a4.o
__vector_84                                       /home/baxelrod/ARM-H/avr8-gnu-toolchain-linux_x86/bin/../lib/gcc/avr/4.6.2/../../../../avr/lib/avrxmega2/crtx32a4.o
__vector_85                                       /home/baxelrod/ARM-H/avr8-gnu-toolchain-linux_x86/bin/../lib/gcc/avr/4.6.2/../../../../avr/lib/avrxmega2/crtx32a4.o
__vector_86                                       /home/baxelrod/ARM-H/avr8-gnu-toolchain-linux_x86/bin/../lib/gcc/avr/4.6.2/../../../../avr/lib/avrxmega2/crtx32a4.o
__vector_87                                       /home/baxelrod/ARM-H/avr8-gnu-toolchain-linux_x86/bin/../lib/gcc/avr/4.6.2/../../../../avr/lib/avrxmega2/crtx32a4.o
__vector_88                                       /home/baxelrod/ARM-H/avr8-gnu-toolchain-linux_x86/bin/../lib/gcc/avr/4.6.2/../../../../avr/lib/avrxmega2/crtx32a4.o
__vector_89                                       /home/baxelrod/ARM-H/avr8-gnu-toolchain-linux_x86/bin/../lib/gcc/avr/4.6.2/../../../../avr/lib/avrxmega2/crtx32a4.o
__vector_9                                        /home/baxelrod/ARM-H/avr8-gnu-toolchain-linux_x86/bin/../lib/gcc/avr/4.6.2/../../../../avr/lib/avrxmega2/crtx32a4.o
__vector_90                                       /home/baxelrod/ARM-H/avr8-gnu-toolchain-linux_x86/bin/../lib/gcc/avr/4.6.2/../../../../avr/lib/avrxmega2/crtx32a4.o
__vector_91                                       /home/baxelrod/ARM-H/avr8-gnu-toolchain-linux_x86/bin/../lib/gcc/avr/4.6.2/../../../../avr/lib/avrxmega2/crtx32a4.o
__vector_92                                       /home/baxelrod/ARM-H/avr8-gnu-toolchain-linux_x86/bin/../lib/gcc/avr/4.6.2/../../../../avr/lib/avrxmega2/crtx32a4.o
__vector_93                                       /home/baxelrod/ARM-H/avr8-gnu-toolchain-linux_x86/bin/../lib/gcc/avr/4.6.2/../../../../avr/lib/avrxmega2/crtx32a4.o
__vector_default                                  /home/baxelrod/ARM-H/avr8-gnu-toolchain-linux_x86/bin/../lib/gcc/avr/4.6.2/../../../../avr/lib/avrxmega2/crtx32a4.o
__vectors                                         /home/baxelrod/ARM-H/avr8-gnu-toolchain-linux_x86/bin/../lib/gcc/avr/4.6.2/../../../../avr/lib/avrxmega2/crtx32a4.o
_exit                                             /home/baxelrod/ARM-H/avr8-gnu-toolchain-linux_x86/bin/../lib/gcc/avr/4.6.2/avrxmega2/libgcc.a(_exit.o)
activeSensor                                      tactsense.o
adjustedPressure                                  tactsense.o
captureSweep                                      adc.o
                                                  tactile.o
collectAllCalibrationValues                       tactsense.o
                                                  tactile.o
compensatePressure                                tactsense.o
computeChecksum                                   daisycomm.o
                                                  tactile.o
configureADC                                      adc.o
                                                  tactile.o
configureDaisyUSART                               daisycomm.o
                                                  tactile.o
configurePortIO                                   portio.o
                                                  tactile.o
configureSPIModules                               tactsense.o
                                                  tactile.o
doDaisyTask                                       daisycomm.o
                                                  tactile.o
doTactSensors                                     tactsense.o
                                                  tactile.o
eeprom_mapen                                      /home/baxelrod/ARM-H/avr8-gnu-toolchain-linux_x86/bin/../lib/gcc/avr/4.6.2/../../../../avr/lib/avrxmega2/libc.a(eerd_byte_atxmega32a4.o)
exit                                              /home/baxelrod/ARM-H/avr8-gnu-toolchain-linux_x86/bin/../lib/gcc/avr/4.6.2/avrxmega2/libgcc.a(_exit.o)
                                                  /home/baxelrod/ARM-H/avr8-gnu-toolchain-linux_x86/bin/../lib/gcc/avr/4.6.2/../../../../avr/lib/avrxmega2/crtx32a4.o
initTactileModule                                 tactsense.o
                                                  tactile.o
lastPressure                                      tactsense.o
main                                              tactile.o
                                                  /home/baxelrod/ARM-H/avr8-gnu-toolchain-linux_x86/bin/../lib/gcc/avr/4.6.2/../../../../avr/lib/avrxmega2/crtx32a4.o
notifyDaisy                                       daisycomm.o
                                                  tactile.o
pressureCalibrated                                tactsense.o
pressureData                                      tactsense.o
                                                  tactile.o
pressureDataOffset                                tactsense.o
                                                  tactile.o
pressureTempData                                  tactsense.o
                                                  tactile.o
processCommand                                    tactile.o
                                                  daisycomm.o
tactReady                                         tactsense.o
                                                  tactile.o
testADC                                           tactile.o
