Archive member included because of file (symbol)

/home/baxelrod/ARM-H/avr8-gnu-toolchain-linux_x86/bin/../lib/gcc/avr/4.6.2/../../../../avr/lib/avrxmega7/libm.a(addsf3.o)
                              adc.o (__subsf3)
/home/baxelrod/ARM-H/avr8-gnu-toolchain-linux_x86/bin/../lib/gcc/avr/4.6.2/../../../../avr/lib/avrxmega7/libm.a(addsf3x.o)
                              /home/baxelrod/ARM-H/avr8-gnu-toolchain-linux_x86/bin/../lib/gcc/avr/4.6.2/../../../../avr/lib/avrxmega7/libm.a(addsf3.o) (__addsf3x)
/home/baxelrod/ARM-H/avr8-gnu-toolchain-linux_x86/bin/../lib/gcc/avr/4.6.2/../../../../avr/lib/avrxmega7/libm.a(divsf3.o)
                              adc.o (__divsf3)
/home/baxelrod/ARM-H/avr8-gnu-toolchain-linux_x86/bin/../lib/gcc/avr/4.6.2/../../../../avr/lib/avrxmega7/libm.a(divsf3x.o)
                              /home/baxelrod/ARM-H/avr8-gnu-toolchain-linux_x86/bin/../lib/gcc/avr/4.6.2/../../../../avr/lib/avrxmega7/libm.a(divsf3.o) (__divsf3x)
/home/baxelrod/ARM-H/avr8-gnu-toolchain-linux_x86/bin/../lib/gcc/avr/4.6.2/../../../../avr/lib/avrxmega7/libm.a(fixunssfsi.o)
                              palm.o (__fixunssfsi)
/home/baxelrod/ARM-H/avr8-gnu-toolchain-linux_x86/bin/../lib/gcc/avr/4.6.2/../../../../avr/lib/avrxmega7/libm.a(floatsisf.o)
                              palm.o (__floatsisf)
/home/baxelrod/ARM-H/avr8-gnu-toolchain-linux_x86/bin/../lib/gcc/avr/4.6.2/../../../../avr/lib/avrxmega7/libm.a(fp_inf.o)
                              /home/baxelrod/ARM-H/avr8-gnu-toolchain-linux_x86/bin/../lib/gcc/avr/4.6.2/../../../../avr/lib/avrxmega7/libm.a(addsf3x.o) (__fp_inf)
/home/baxelrod/ARM-H/avr8-gnu-toolchain-linux_x86/bin/../lib/gcc/avr/4.6.2/../../../../avr/lib/avrxmega7/libm.a(fp_nan.o)
                              /home/baxelrod/ARM-H/avr8-gnu-toolchain-linux_x86/bin/../lib/gcc/avr/4.6.2/../../../../avr/lib/avrxmega7/libm.a(addsf3x.o) (__fp_nan)
/home/baxelrod/ARM-H/avr8-gnu-toolchain-linux_x86/bin/../lib/gcc/avr/4.6.2/../../../../avr/lib/avrxmega7/libm.a(fp_pscA.o)
                              /home/baxelrod/ARM-H/avr8-gnu-toolchain-linux_x86/bin/../lib/gcc/avr/4.6.2/../../../../avr/lib/avrxmega7/libm.a(addsf3x.o) (__fp_pscA)
/home/baxelrod/ARM-H/avr8-gnu-toolchain-linux_x86/bin/../lib/gcc/avr/4.6.2/../../../../avr/lib/avrxmega7/libm.a(fp_pscB.o)
                              /home/baxelrod/ARM-H/avr8-gnu-toolchain-linux_x86/bin/../lib/gcc/avr/4.6.2/../../../../avr/lib/avrxmega7/libm.a(addsf3x.o) (__fp_pscB)
/home/baxelrod/ARM-H/avr8-gnu-toolchain-linux_x86/bin/../lib/gcc/avr/4.6.2/../../../../avr/lib/avrxmega7/libm.a(fp_round.o)
                              /home/baxelrod/ARM-H/avr8-gnu-toolchain-linux_x86/bin/../lib/gcc/avr/4.6.2/../../../../avr/lib/avrxmega7/libm.a(addsf3.o) (__fp_round)
/home/baxelrod/ARM-H/avr8-gnu-toolchain-linux_x86/bin/../lib/gcc/avr/4.6.2/../../../../avr/lib/avrxmega7/libm.a(fp_split3.o)
                              /home/baxelrod/ARM-H/avr8-gnu-toolchain-linux_x86/bin/../lib/gcc/avr/4.6.2/../../../../avr/lib/avrxmega7/libm.a(addsf3x.o) (__fp_split3)
/home/baxelrod/ARM-H/avr8-gnu-toolchain-linux_x86/bin/../lib/gcc/avr/4.6.2/../../../../avr/lib/avrxmega7/libm.a(fp_zero.o)
                              /home/baxelrod/ARM-H/avr8-gnu-toolchain-linux_x86/bin/../lib/gcc/avr/4.6.2/../../../../avr/lib/avrxmega7/libm.a(addsf3x.o) (__fp_zero)
/home/baxelrod/ARM-H/avr8-gnu-toolchain-linux_x86/bin/../lib/gcc/avr/4.6.2/../../../../avr/lib/avrxmega7/libm.a(log.o)
                              adc.o (log)
/home/baxelrod/ARM-H/avr8-gnu-toolchain-linux_x86/bin/../lib/gcc/avr/4.6.2/../../../../avr/lib/avrxmega7/libm.a(mulsf3.o)
                              adc.o (__mulsf3)
/home/baxelrod/ARM-H/avr8-gnu-toolchain-linux_x86/bin/../lib/gcc/avr/4.6.2/../../../../avr/lib/avrxmega7/libm.a(mulsf3x.o)
                              /home/baxelrod/ARM-H/avr8-gnu-toolchain-linux_x86/bin/../lib/gcc/avr/4.6.2/../../../../avr/lib/avrxmega7/libm.a(log.o) (__mulsf3x)
/home/baxelrod/ARM-H/avr8-gnu-toolchain-linux_x86/bin/../lib/gcc/avr/4.6.2/../../../../avr/lib/avrxmega7/libm.a(round.o)
                              palm.o (round)
/home/baxelrod/ARM-H/avr8-gnu-toolchain-linux_x86/bin/../lib/gcc/avr/4.6.2/../../../../avr/lib/avrxmega7/libm.a(fp_mintl.o)
                              /home/baxelrod/ARM-H/avr8-gnu-toolchain-linux_x86/bin/../lib/gcc/avr/4.6.2/../../../../avr/lib/avrxmega7/libm.a(round.o) (__fp_mintl)
/home/baxelrod/ARM-H/avr8-gnu-toolchain-linux_x86/bin/../lib/gcc/avr/4.6.2/../../../../avr/lib/avrxmega7/libm.a(fp_mpack.o)
                              /home/baxelrod/ARM-H/avr8-gnu-toolchain-linux_x86/bin/../lib/gcc/avr/4.6.2/../../../../avr/lib/avrxmega7/libm.a(log.o) (__fp_mpack)
/home/baxelrod/ARM-H/avr8-gnu-toolchain-linux_x86/bin/../lib/gcc/avr/4.6.2/../../../../avr/lib/avrxmega7/libm.a(fp_powser.o)
                              /home/baxelrod/ARM-H/avr8-gnu-toolchain-linux_x86/bin/../lib/gcc/avr/4.6.2/../../../../avr/lib/avrxmega7/libm.a(log.o) (__fp_powser)
/home/baxelrod/ARM-H/avr8-gnu-toolchain-linux_x86/bin/../lib/gcc/avr/4.6.2/avrxmega7/libgcc.a(_exit.o)
                              /home/baxelrod/ARM-H/avr8-gnu-toolchain-linux_x86/bin/../lib/gcc/avr/4.6.2/../../../../avr/lib/avrxmega7/crtx128a1.o (exit)
/home/baxelrod/ARM-H/avr8-gnu-toolchain-linux_x86/bin/../lib/gcc/avr/4.6.2/avrxmega7/libgcc.a(_copy_data.o)
                              adc.o (__do_copy_data)
/home/baxelrod/ARM-H/avr8-gnu-toolchain-linux_x86/bin/../lib/gcc/avr/4.6.2/avrxmega7/libgcc.a(_clear_bss.o)
                              adc.o (__do_clear_bss)
/home/baxelrod/ARM-H/avr8-gnu-toolchain-linux_x86/bin/../lib/gcc/avr/4.6.2/../../../../avr/lib/avrxmega7/libc.a(memcpy.o)
                              router.o (memcpy)
/home/baxelrod/ARM-H/avr8-gnu-toolchain-linux_x86/bin/../lib/gcc/avr/4.6.2/../../../../avr/lib/avrxmega7/libc.a(eerd_byte_atxmega128a1.o)
                              palm.o (__eerd_byte_x128a1)
/home/baxelrod/ARM-H/avr8-gnu-toolchain-linux_x86/bin/../lib/gcc/avr/4.6.2/../../../../avr/lib/avrxmega7/libc.a(eewr_byte_atxmega128a1.o)
                              palm.o (__eewr_byte_x128a1)

Allocating common symbols
Common symbol       size              file

RxCheckSumErrCnt    0xe               router.o

Memory Configuration

Name             Origin             Length             Attributes
text             0x00000000         0x00100000         xr
data             0x00802000         0x0000ffa0         rw !x
eeprom           0x00810000         0x00010000         rw !x
fuse             0x00820000         0x00000400         rw !x
lock             0x00830000         0x00000400         rw !x
signature        0x00840000         0x00000400         rw !x
*default*        0x00000000         0xffffffff

Linker script and memory map

LOAD /home/baxelrod/ARM-H/avr8-gnu-toolchain-linux_x86/bin/../lib/gcc/avr/4.6.2/../../../../avr/lib/avrxmega7/crtx128a1.o
LOAD adc.o
LOAD dac.o
LOAD encoder.o
LOAD portio.o
LOAD router.o
LOAD palm.o
LOAD /home/baxelrod/ARM-H/avr8-gnu-toolchain-linux_x86/bin/../lib/gcc/avr/4.6.2/../../../../avr/lib/avrxmega7/libm.a
LOAD /home/baxelrod/ARM-H/avr8-gnu-toolchain-linux_x86/bin/../lib/gcc/avr/4.6.2/avrxmega7/libgcc.a
LOAD /home/baxelrod/ARM-H/avr8-gnu-toolchain-linux_x86/bin/../lib/gcc/avr/4.6.2/../../../../avr/lib/avrxmega7/libc.a
LOAD /home/baxelrod/ARM-H/avr8-gnu-toolchain-linux_x86/bin/../lib/gcc/avr/4.6.2/avrxmega7/libgcc.a

.hash
 *(.hash)

.dynsym
 *(.dynsym)

.dynstr
 *(.dynstr)

.gnu.version
 *(.gnu.version)

.gnu.version_d
 *(.gnu.version_d)

.gnu.version_r
 *(.gnu.version_r)

.rel.init
 *(.rel.init)

.rela.init
 *(.rela.init)

.rel.text
 *(.rel.text)
 *(.rel.text.*)
 *(.rel.gnu.linkonce.t*)

.rela.text
 *(.rela.text)
 *(.rela.text.*)
 *(.rela.gnu.linkonce.t*)

.rel.fini
 *(.rel.fini)

.rela.fini
 *(.rela.fini)

.rel.rodata
 *(.rel.rodata)
 *(.rel.rodata.*)
 *(.rel.gnu.linkonce.r*)

.rela.rodata
 *(.rela.rodata)
 *(.rela.rodata.*)
 *(.rela.gnu.linkonce.r*)

.rel.data
 *(.rel.data)
 *(.rel.data.*)
 *(.rel.gnu.linkonce.d*)

.rela.data
 *(.rela.data)
 *(.rela.data.*)
 *(.rela.gnu.linkonce.d*)

.rel.ctors
 *(.rel.ctors)

.rela.ctors
 *(.rela.ctors)

.rel.dtors
 *(.rel.dtors)

.rela.dtors
 *(.rela.dtors)

.rel.got
 *(.rel.got)

.rela.got
 *(.rela.got)

.rel.bss
 *(.rel.bss)

.rela.bss
 *(.rela.bss)

.rel.plt
 *(.rel.plt)

.rela.plt
 *(.rela.plt)

.text           0x00000000     0x2ada
 *(.vectors)
 .vectors       0x00000000      0x1f4 /home/baxelrod/ARM-H/avr8-gnu-toolchain-linux_x86/bin/../lib/gcc/avr/4.6.2/../../../../avr/lib/avrxmega7/crtx128a1.o
                0x00000000                __vectors
                0x00000000                __vector_default
 *(.vectors)
 *(.progmem.gcc*)
 .progmem.gcc_fplib
                0x000001f4       0x5a /home/baxelrod/ARM-H/avr8-gnu-toolchain-linux_x86/bin/../lib/gcc/avr/4.6.2/../../../../avr/lib/avrxmega7/libm.a(log.o)
 *(.progmem*)
                0x0000024e                . = ALIGN (0x2)
                0x0000024e                __trampolines_start = .
 *(.trampolines)
 .trampolines   0x0000024e        0x0 linker stubs
 *(.trampolines*)
                0x0000024e                __trampolines_end = .
 *(.jumptables)
 *(.jumptables*)
 *(.lowtext)
 *(.lowtext*)
                0x0000024e                __ctors_start = .
 *(.ctors)
                0x0000024e                __ctors_end = .
                0x0000024e                __dtors_start = .
 *(.dtors)
                0x0000024e                __dtors_end = .
 SORT(*)(.ctors)
 SORT(*)(.dtors)
 *(.init0)
 .init0         0x0000024e        0x0 /home/baxelrod/ARM-H/avr8-gnu-toolchain-linux_x86/bin/../lib/gcc/avr/4.6.2/../../../../avr/lib/avrxmega7/crtx128a1.o
                0x0000024e                __init
 *(.init0)
 *(.init1)
 *(.init1)
 *(.init2)
 .init2         0x0000024e       0x18 /home/baxelrod/ARM-H/avr8-gnu-toolchain-linux_x86/bin/../lib/gcc/avr/4.6.2/../../../../avr/lib/avrxmega7/crtx128a1.o
 *(.init2)
 *(.init3)
 *(.init3)
 *(.init4)
 .init4         0x00000266       0x1c /home/baxelrod/ARM-H/avr8-gnu-toolchain-linux_x86/bin/../lib/gcc/avr/4.6.2/avrxmega7/libgcc.a(_copy_data.o)
                0x00000266                __do_copy_data
 .init4         0x00000282       0x10 /home/baxelrod/ARM-H/avr8-gnu-toolchain-linux_x86/bin/../lib/gcc/avr/4.6.2/avrxmega7/libgcc.a(_clear_bss.o)
                0x00000282                __do_clear_bss
 *(.init4)
 *(.init5)
 *(.init5)
 *(.init6)
 *(.init6)
 *(.init7)
 *(.init7)
 *(.init8)
 *(.init8)
 *(.init9)
 .init9         0x00000292        0x8 /home/baxelrod/ARM-H/avr8-gnu-toolchain-linux_x86/bin/../lib/gcc/avr/4.6.2/../../../../avr/lib/avrxmega7/crtx128a1.o
 *(.init9)
 *(.text)
 .text          0x0000029a        0x4 /home/baxelrod/ARM-H/avr8-gnu-toolchain-linux_x86/bin/../lib/gcc/avr/4.6.2/../../../../avr/lib/avrxmega7/crtx128a1.o
                0x0000029a                __vector_38
                0x0000029a                __vector_104
                0x0000029a                __vector_22
                0x0000029a                __vector_67
                0x0000029a                __vector_1
                0x0000029a                __vector_32
                0x0000029a                __vector_75
                0x0000029a                __vector_71
                0x0000029a                __vector_34
                0x0000029a                __vector_62
                0x0000029a                __vector_102
                0x0000029a                __vector_24
                0x0000029a                __vector_12
                0x0000029a                __vector_55
                0x0000029a                __vector_69
                0x0000029a                __vector_81
                0x0000029a                __vector_46
                0x0000029a                __bad_interrupt
                0x0000029a                __vector_122
                0x0000029a                __vector_72
                0x0000029a                __vector_114
                0x0000029a                __vector_110
                0x0000029a                __vector_31
                0x0000029a                __vector_92
                0x0000029a                __vector_35
                0x0000029a                __vector_78
                0x0000029a                __vector_74
                0x0000029a                __vector_117
                0x0000029a                __vector_39
                0x0000029a                __vector_107
                0x0000029a                __vector_3
                0x0000029a                __vector_105
                0x0000029a                __vector_98
                0x0000029a                __vector_23
                0x0000029a                __vector_68
                0x0000029a                __vector_73
                0x0000029a                __vector_45
                0x0000029a                __vector_11
                0x0000029a                __vector_54
                0x0000029a                __vector_99
                0x0000029a                __vector_13
                0x0000029a                __vector_17
                0x0000029a                __vector_19
                0x0000029a                __vector_56
                0x0000029a                __vector_49
                0x0000029a                __vector_123
                0x0000029a                __vector_41
                0x0000029a                __vector_86
                0x0000029a                __vector_100
                0x0000029a                __vector_101
                0x0000029a                __vector_64
                0x0000029a                __vector_109
                0x0000029a                __vector_43
                0x0000029a                __vector_5
                0x0000029a                __vector_113
                0x0000029a                __vector_33
                0x0000029a                __vector_76
                0x0000029a                __vector_115
                0x0000029a                __vector_47
                0x0000029a                __vector_52
                0x0000029a                __vector_37
                0x0000029a                __vector_95
                0x0000029a                __vector_103
                0x0000029a                __vector_96
                0x0000029a                __vector_89
                0x0000029a                __vector_108
                0x0000029a                __vector_4
                0x0000029a                __vector_44
                0x0000029a                __vector_82
                0x0000029a                __vector_106
                0x0000029a                __vector_118
                0x0000029a                __vector_51
                0x0000029a                __vector_2
                0x0000029a                __vector_21
                0x0000029a                __vector_15
                0x0000029a                __vector_66
                0x0000029a                __vector_36
                0x0000029a                __vector_79
                0x0000029a                __vector_70
                0x0000029a                __vector_83
                0x0000029a                __vector_29
                0x0000029a                __vector_121
                0x0000029a                __vector_40
                0x0000029a                __vector_85
                0x0000029a                __vector_94
                0x0000029a                __vector_26
                0x0000029a                __vector_48
                0x0000029a                __vector_124
                0x0000029a                __vector_116
                0x0000029a                __vector_112
                0x0000029a                __vector_111
                0x0000029a                __vector_80
                0x0000029a                __vector_84
                0x0000029a                __vector_57
                0x0000029a                __vector_53
                0x0000029a                __vector_10
                0x0000029a                __vector_50
                0x0000029a                __vector_16
                0x0000029a                __vector_59
                0x0000029a                __vector_18
                0x0000029a                __vector_97
                0x0000029a                __vector_20
                0x0000029a                __vector_42
                0x0000029a                __vector_87
                0x0000029a                __vector_65
                0x0000029a                __vector_120
 .text          0x0000029e      0x1e8 adc.o
                0x0000029e                Thermistor_RtoT
                0x00000324                Thermistor_VtoR
                0x00000392                captureSweep
                0x00000414                configureADC
 .text          0x00000486       0x18 dac.o
                0x00000486                configureDAC
 .text          0x0000049e      0x110 encoder.o
                0x0000049e                configureSPIModulesEncoder
                0x000004aa                readEncoder
 .text          0x000005ae       0x64 portio.o
                0x000005ae                configurePortIO
 .text          0x00000612     0x1598 router.o
                0x000007ec                __vector_77
                0x000008ba                __vector_119
                0x00000984                __vector_25
                0x000009ec                __vector_91
                0x00000a54                __vector_28
                0x00000abc                __vector_88
                0x00000b24                __vector_58
                0x00000b8e                __vector_61
                0x00000bf8                __vector_27
                0x00000c3e                __vector_93
                0x00000c84                __vector_30
                0x00000cca                __vector_90
                0x00000d10                __vector_60
                0x00000d56                __vector_63
                0x00000d9c                __vector_6
                0x00000e00                __vector_7
                0x00000e64                __vector_8
                0x00000ec8                __vector_9
                0x00000f2c                computeChecksum
                0x000010c4                startChain
                0x000011dc                startMtrChain
                0x00001260                configureRouterUSARTs
                0x0000137c                tendDMAchain
                0x0000150c                tendMTRchain
                0x00001616                doBroadcast
                0x0000197c                doFreerunTask
                0x000019e6                doRouterTask
 .text          0x00001baa      0x788 palm.o
                0x00001cdc                __vector_14
                0x00001d02                BootRelay
                0x00001e64                processCommand
                0x00002314                LEDon
                0x0000231e                LEDoff
                0x00002328                LEDtoggle
 .text          0x00002332        0x0 /home/baxelrod/ARM-H/avr8-gnu-toolchain-linux_x86/bin/../lib/gcc/avr/4.6.2/../../../../avr/lib/avrxmega7/libm.a(addsf3.o)
 .text          0x00002332        0x0 /home/baxelrod/ARM-H/avr8-gnu-toolchain-linux_x86/bin/../lib/gcc/avr/4.6.2/../../../../avr/lib/avrxmega7/libm.a(addsf3x.o)
 .text          0x00002332        0x0 /home/baxelrod/ARM-H/avr8-gnu-toolchain-linux_x86/bin/../lib/gcc/avr/4.6.2/../../../../avr/lib/avrxmega7/libm.a(divsf3.o)
 .text          0x00002332        0x0 /home/baxelrod/ARM-H/avr8-gnu-toolchain-linux_x86/bin/../lib/gcc/avr/4.6.2/../../../../avr/lib/avrxmega7/libm.a(divsf3x.o)
 .text          0x00002332        0x0 /home/baxelrod/ARM-H/avr8-gnu-toolchain-linux_x86/bin/../lib/gcc/avr/4.6.2/../../../../avr/lib/avrxmega7/libm.a(fixunssfsi.o)
 .text          0x00002332        0x0 /home/baxelrod/ARM-H/avr8-gnu-toolchain-linux_x86/bin/../lib/gcc/avr/4.6.2/../../../../avr/lib/avrxmega7/libm.a(floatsisf.o)
 .text          0x00002332        0x0 /home/baxelrod/ARM-H/avr8-gnu-toolchain-linux_x86/bin/../lib/gcc/avr/4.6.2/../../../../avr/lib/avrxmega7/libm.a(fp_inf.o)
 .text          0x00002332        0x0 /home/baxelrod/ARM-H/avr8-gnu-toolchain-linux_x86/bin/../lib/gcc/avr/4.6.2/../../../../avr/lib/avrxmega7/libm.a(fp_nan.o)
 .text          0x00002332        0x0 /home/baxelrod/ARM-H/avr8-gnu-toolchain-linux_x86/bin/../lib/gcc/avr/4.6.2/../../../../avr/lib/avrxmega7/libm.a(fp_pscA.o)
 .text          0x00002332        0x0 /home/baxelrod/ARM-H/avr8-gnu-toolchain-linux_x86/bin/../lib/gcc/avr/4.6.2/../../../../avr/lib/avrxmega7/libm.a(fp_pscB.o)
 .text          0x00002332        0x0 /home/baxelrod/ARM-H/avr8-gnu-toolchain-linux_x86/bin/../lib/gcc/avr/4.6.2/../../../../avr/lib/avrxmega7/libm.a(fp_round.o)
 .text          0x00002332        0x0 /home/baxelrod/ARM-H/avr8-gnu-toolchain-linux_x86/bin/../lib/gcc/avr/4.6.2/../../../../avr/lib/avrxmega7/libm.a(fp_split3.o)
 .text          0x00002332        0x0 /home/baxelrod/ARM-H/avr8-gnu-toolchain-linux_x86/bin/../lib/gcc/avr/4.6.2/../../../../avr/lib/avrxmega7/libm.a(fp_zero.o)
 .text          0x00002332        0x0 /home/baxelrod/ARM-H/avr8-gnu-toolchain-linux_x86/bin/../lib/gcc/avr/4.6.2/../../../../avr/lib/avrxmega7/libm.a(log.o)
 .text          0x00002332        0x0 /home/baxelrod/ARM-H/avr8-gnu-toolchain-linux_x86/bin/../lib/gcc/avr/4.6.2/../../../../avr/lib/avrxmega7/libm.a(mulsf3.o)
 .text          0x00002332        0x0 /home/baxelrod/ARM-H/avr8-gnu-toolchain-linux_x86/bin/../lib/gcc/avr/4.6.2/../../../../avr/lib/avrxmega7/libm.a(mulsf3x.o)
 .text          0x00002332        0x0 /home/baxelrod/ARM-H/avr8-gnu-toolchain-linux_x86/bin/../lib/gcc/avr/4.6.2/../../../../avr/lib/avrxmega7/libm.a(round.o)
 .text          0x00002332        0x0 /home/baxelrod/ARM-H/avr8-gnu-toolchain-linux_x86/bin/../lib/gcc/avr/4.6.2/../../../../avr/lib/avrxmega7/libm.a(fp_mintl.o)
 .text          0x00002332        0x0 /home/baxelrod/ARM-H/avr8-gnu-toolchain-linux_x86/bin/../lib/gcc/avr/4.6.2/../../../../avr/lib/avrxmega7/libm.a(fp_mpack.o)
 .text          0x00002332        0x0 /home/baxelrod/ARM-H/avr8-gnu-toolchain-linux_x86/bin/../lib/gcc/avr/4.6.2/../../../../avr/lib/avrxmega7/libm.a(fp_powser.o)
 .text          0x00002332        0x0 /home/baxelrod/ARM-H/avr8-gnu-toolchain-linux_x86/bin/../lib/gcc/avr/4.6.2/avrxmega7/libgcc.a(_exit.o)
 .text          0x00002332        0x0 /home/baxelrod/ARM-H/avr8-gnu-toolchain-linux_x86/bin/../lib/gcc/avr/4.6.2/avrxmega7/libgcc.a(_copy_data.o)
 .text          0x00002332        0x0 /home/baxelrod/ARM-H/avr8-gnu-toolchain-linux_x86/bin/../lib/gcc/avr/4.6.2/avrxmega7/libgcc.a(_clear_bss.o)
 .text          0x00002332        0x0 /home/baxelrod/ARM-H/avr8-gnu-toolchain-linux_x86/bin/../lib/gcc/avr/4.6.2/../../../../avr/lib/avrxmega7/libc.a(memcpy.o)
 .text          0x00002332        0x0 /home/baxelrod/ARM-H/avr8-gnu-toolchain-linux_x86/bin/../lib/gcc/avr/4.6.2/../../../../avr/lib/avrxmega7/libc.a(eerd_byte_atxmega128a1.o)
 .text          0x00002332        0x0 /home/baxelrod/ARM-H/avr8-gnu-toolchain-linux_x86/bin/../lib/gcc/avr/4.6.2/../../../../avr/lib/avrxmega7/libc.a(eewr_byte_atxmega128a1.o)
                0x00002332                . = ALIGN (0x2)
 *(.text.*)
 .text.startup  0x00002332      0x1f2 palm.o
                0x00002332                main
 .text.avr-libc.fplib
                0x00002524        0xa /home/baxelrod/ARM-H/avr8-gnu-toolchain-linux_x86/bin/../lib/gcc/avr/4.6.2/../../../../avr/lib/avrxmega7/libm.a(addsf3.o)
                0x00002524                __subsf3
                0x00002526                __addsf3
 .text.avr-libc.fplib
                0x0000252e       0xc0 /home/baxelrod/ARM-H/avr8-gnu-toolchain-linux_x86/bin/../lib/gcc/avr/4.6.2/../../../../avr/lib/avrxmega7/libm.a(addsf3x.o)
                0x00002548                __addsf3x
 .text.avr-libc.fplib
                0x000025ee        0x4 /home/baxelrod/ARM-H/avr8-gnu-toolchain-linux_x86/bin/../lib/gcc/avr/4.6.2/../../../../avr/lib/avrxmega7/libm.a(divsf3.o)
                0x000025ee                __divsf3
 .text.avr-libc.fplib
                0x000025f2       0xcc /home/baxelrod/ARM-H/avr8-gnu-toolchain-linux_x86/bin/../lib/gcc/avr/4.6.2/../../../../avr/lib/avrxmega7/libm.a(divsf3x.o)
                0x00002608                __divsf3x
                0x0000260c                __divsf3_pse
 .text.avr-libc.fplib
                0x000026be       0x58 /home/baxelrod/ARM-H/avr8-gnu-toolchain-linux_x86/bin/../lib/gcc/avr/4.6.2/../../../../avr/lib/avrxmega7/libm.a(fixunssfsi.o)
                0x000026be                __fixunssfsi
 .text.avr-libc.fplib
                0x00002716       0x7a /home/baxelrod/ARM-H/avr8-gnu-toolchain-linux_x86/bin/../lib/gcc/avr/4.6.2/../../../../avr/lib/avrxmega7/libm.a(floatsisf.o)
                0x00002716                __floatunsisf
                0x0000271a                __floatsisf
 .text.avr-libc.fplib
                0x00002790        0xc /home/baxelrod/ARM-H/avr8-gnu-toolchain-linux_x86/bin/../lib/gcc/avr/4.6.2/../../../../avr/lib/avrxmega7/libm.a(fp_inf.o)
                0x00002790                __fp_inf
 .text.avr-libc.fplib
                0x0000279c        0x6 /home/baxelrod/ARM-H/avr8-gnu-toolchain-linux_x86/bin/../lib/gcc/avr/4.6.2/../../../../avr/lib/avrxmega7/libm.a(fp_nan.o)
                0x0000279c                __fp_nan
 .text.avr-libc.fplib
                0x000027a2        0xe /home/baxelrod/ARM-H/avr8-gnu-toolchain-linux_x86/bin/../lib/gcc/avr/4.6.2/../../../../avr/lib/avrxmega7/libm.a(fp_pscA.o)
                0x000027a2                __fp_pscA
 .text.avr-libc.fplib
                0x000027b0        0xe /home/baxelrod/ARM-H/avr8-gnu-toolchain-linux_x86/bin/../lib/gcc/avr/4.6.2/../../../../avr/lib/avrxmega7/libm.a(fp_pscB.o)
                0x000027b0                __fp_pscB
 .text.avr-libc.fplib
                0x000027be       0x22 /home/baxelrod/ARM-H/avr8-gnu-toolchain-linux_x86/bin/../lib/gcc/avr/4.6.2/../../../../avr/lib/avrxmega7/libm.a(fp_round.o)
                0x000027be                __fp_round
 .text.avr-libc.fplib
                0x000027e0       0x44 /home/baxelrod/ARM-H/avr8-gnu-toolchain-linux_x86/bin/../lib/gcc/avr/4.6.2/../../../../avr/lib/avrxmega7/libm.a(fp_split3.o)
                0x000027e0                __fp_split3
                0x000027f0                __fp_splitA
 .text.avr-libc.fplib
                0x00002824        0xe /home/baxelrod/ARM-H/avr8-gnu-toolchain-linux_x86/bin/../lib/gcc/avr/4.6.2/../../../../avr/lib/avrxmega7/libm.a(fp_zero.o)
                0x00002824                __fp_zero
                0x00002826                __fp_szero
 .text.avr-libc.fplib
                0x00002832       0x8a /home/baxelrod/ARM-H/avr8-gnu-toolchain-linux_x86/bin/../lib/gcc/avr/4.6.2/../../../../avr/lib/avrxmega7/libm.a(log.o)
                0x0000283c                log
 .text.avr-libc.fplib
                0x000028bc        0x4 /home/baxelrod/ARM-H/avr8-gnu-toolchain-linux_x86/bin/../lib/gcc/avr/4.6.2/../../../../avr/lib/avrxmega7/libm.a(mulsf3.o)
                0x000028bc                __mulsf3
 .text.avr-libc.fplib
                0x000028c0       0xc2 /home/baxelrod/ARM-H/avr8-gnu-toolchain-linux_x86/bin/../lib/gcc/avr/4.6.2/../../../../avr/lib/avrxmega7/libm.a(mulsf3x.o)
                0x000028d4                __mulsf3x
                0x000028d8                __mulsf3_pse
 .text.avr-libc.fplib
                0x00002982       0x40 /home/baxelrod/ARM-H/avr8-gnu-toolchain-linux_x86/bin/../lib/gcc/avr/4.6.2/../../../../avr/lib/avrxmega7/libm.a(round.o)
                0x00002982                round
 .text.avr-libc.fplib
                0x000029c2       0x36 /home/baxelrod/ARM-H/avr8-gnu-toolchain-linux_x86/bin/../lib/gcc/avr/4.6.2/../../../../avr/lib/avrxmega7/libm.a(fp_mintl.o)
                0x000029c2                __fp_mintl
 .text.avr-libc.fplib
                0x000029f8       0x1c /home/baxelrod/ARM-H/avr8-gnu-toolchain-linux_x86/bin/../lib/gcc/avr/4.6.2/../../../../avr/lib/avrxmega7/libm.a(fp_mpack.o)
                0x000029f8                __fp_mpack
                0x000029fc                __fp_mpack_finite
 .text.avr-libc.fplib
                0x00002a14       0x4a /home/baxelrod/ARM-H/avr8-gnu-toolchain-linux_x86/bin/../lib/gcc/avr/4.6.2/../../../../avr/lib/avrxmega7/libm.a(fp_powser.o)
                0x00002a14                __fp_powser
 .text.libgcc   0x00002a5e        0x0 /home/baxelrod/ARM-H/avr8-gnu-toolchain-linux_x86/bin/../lib/gcc/avr/4.6.2/avrxmega7/libgcc.a(_exit.o)
 .text.libgcc   0x00002a5e        0x0 /home/baxelrod/ARM-H/avr8-gnu-toolchain-linux_x86/bin/../lib/gcc/avr/4.6.2/avrxmega7/libgcc.a(_copy_data.o)
 .text.libgcc   0x00002a5e        0x0 /home/baxelrod/ARM-H/avr8-gnu-toolchain-linux_x86/bin/../lib/gcc/avr/4.6.2/avrxmega7/libgcc.a(_clear_bss.o)
 .text.avr-libc
                0x00002a5e       0x12 /home/baxelrod/ARM-H/avr8-gnu-toolchain-linux_x86/bin/../lib/gcc/avr/4.6.2/../../../../avr/lib/avrxmega7/libc.a(memcpy.o)
                0x00002a5e                memcpy
 .text.avr-libc
                0x00002a70       0x20 /home/baxelrod/ARM-H/avr8-gnu-toolchain-linux_x86/bin/../lib/gcc/avr/4.6.2/../../../../avr/lib/avrxmega7/libc.a(eerd_byte_atxmega128a1.o)
                0x00002a70                __eerd_byte_x128a1
                0x00002a78                eeprom_mapen
 .text.avr-libc
                0x00002a90       0x46 /home/baxelrod/ARM-H/avr8-gnu-toolchain-linux_x86/bin/../lib/gcc/avr/4.6.2/../../../../avr/lib/avrxmega7/libc.a(eewr_byte_atxmega128a1.o)
                0x00002a90                __eewr_byte_x128a1
                0x00002a92                __eewr_r18_x128a1
                0x00002ad6                . = ALIGN (0x2)
 *(.fini9)
 .fini9         0x00002ad6        0x0 /home/baxelrod/ARM-H/avr8-gnu-toolchain-linux_x86/bin/../lib/gcc/avr/4.6.2/avrxmega7/libgcc.a(_exit.o)
                0x00002ad6                exit
                0x00002ad6                _exit
 *(.fini9)
 *(.fini8)
 *(.fini8)
 *(.fini7)
 *(.fini7)
 *(.fini6)
 *(.fini6)
 *(.fini5)
 *(.fini5)
 *(.fini4)
 *(.fini4)
 *(.fini3)
 *(.fini3)
 *(.fini2)
 *(.fini2)
 *(.fini1)
 *(.fini1)
 *(.fini0)
 .fini0         0x00002ad6        0x4 /home/baxelrod/ARM-H/avr8-gnu-toolchain-linux_x86/bin/../lib/gcc/avr/4.6.2/avrxmega7/libgcc.a(_exit.o)
 *(.fini0)
                0x00002ada                _etext = .

.data           0x00802000       0x5a load address 0x00002ada
                0x00802000                PROVIDE (__data_start, .)
 *(.data)
 .data          0x00802000        0x0 /home/baxelrod/ARM-H/avr8-gnu-toolchain-linux_x86/bin/../lib/gcc/avr/4.6.2/../../../../avr/lib/avrxmega7/crtx128a1.o
 .data          0x00802000        0x0 adc.o
 .data          0x00802000        0x0 dac.o
 .data          0x00802000        0x0 encoder.o
 .data          0x00802000        0x0 portio.o
 .data          0x00802000       0x59 router.o
                0x00802000                chainMask
                0x00802001                sampleArgument
                0x00802003                samplePeriod
 .data          0x00802059        0x0 palm.o
 .data          0x00802059        0x0 /home/baxelrod/ARM-H/avr8-gnu-toolchain-linux_x86/bin/../lib/gcc/avr/4.6.2/../../../../avr/lib/avrxmega7/libm.a(addsf3.o)
 .data          0x00802059        0x0 /home/baxelrod/ARM-H/avr8-gnu-toolchain-linux_x86/bin/../lib/gcc/avr/4.6.2/../../../../avr/lib/avrxmega7/libm.a(addsf3x.o)
 .data          0x00802059        0x0 /home/baxelrod/ARM-H/avr8-gnu-toolchain-linux_x86/bin/../lib/gcc/avr/4.6.2/../../../../avr/lib/avrxmega7/libm.a(divsf3.o)
 .data          0x00802059        0x0 /home/baxelrod/ARM-H/avr8-gnu-toolchain-linux_x86/bin/../lib/gcc/avr/4.6.2/../../../../avr/lib/avrxmega7/libm.a(divsf3x.o)
 .data          0x00802059        0x0 /home/baxelrod/ARM-H/avr8-gnu-toolchain-linux_x86/bin/../lib/gcc/avr/4.6.2/../../../../avr/lib/avrxmega7/libm.a(fixunssfsi.o)
 .data          0x00802059        0x0 /home/baxelrod/ARM-H/avr8-gnu-toolchain-linux_x86/bin/../lib/gcc/avr/4.6.2/../../../../avr/lib/avrxmega7/libm.a(floatsisf.o)
 .data          0x00802059        0x0 /home/baxelrod/ARM-H/avr8-gnu-toolchain-linux_x86/bin/../lib/gcc/avr/4.6.2/../../../../avr/lib/avrxmega7/libm.a(fp_inf.o)
 .data          0x00802059        0x0 /home/baxelrod/ARM-H/avr8-gnu-toolchain-linux_x86/bin/../lib/gcc/avr/4.6.2/../../../../avr/lib/avrxmega7/libm.a(fp_nan.o)
 .data          0x00802059        0x0 /home/baxelrod/ARM-H/avr8-gnu-toolchain-linux_x86/bin/../lib/gcc/avr/4.6.2/../../../../avr/lib/avrxmega7/libm.a(fp_pscA.o)
 .data          0x00802059        0x0 /home/baxelrod/ARM-H/avr8-gnu-toolchain-linux_x86/bin/../lib/gcc/avr/4.6.2/../../../../avr/lib/avrxmega7/libm.a(fp_pscB.o)
 .data          0x00802059        0x0 /home/baxelrod/ARM-H/avr8-gnu-toolchain-linux_x86/bin/../lib/gcc/avr/4.6.2/../../../../avr/lib/avrxmega7/libm.a(fp_round.o)
 .data          0x00802059        0x0 /home/baxelrod/ARM-H/avr8-gnu-toolchain-linux_x86/bin/../lib/gcc/avr/4.6.2/../../../../avr/lib/avrxmega7/libm.a(fp_split3.o)
 .data          0x00802059        0x0 /home/baxelrod/ARM-H/avr8-gnu-toolchain-linux_x86/bin/../lib/gcc/avr/4.6.2/../../../../avr/lib/avrxmega7/libm.a(fp_zero.o)
 .data          0x00802059        0x0 /home/baxelrod/ARM-H/avr8-gnu-toolchain-linux_x86/bin/../lib/gcc/avr/4.6.2/../../../../avr/lib/avrxmega7/libm.a(log.o)
 .data          0x00802059        0x0 /home/baxelrod/ARM-H/avr8-gnu-toolchain-linux_x86/bin/../lib/gcc/avr/4.6.2/../../../../avr/lib/avrxmega7/libm.a(mulsf3.o)
 .data          0x00802059        0x0 /home/baxelrod/ARM-H/avr8-gnu-toolchain-linux_x86/bin/../lib/gcc/avr/4.6.2/../../../../avr/lib/avrxmega7/libm.a(mulsf3x.o)
 .data          0x00802059        0x0 /home/baxelrod/ARM-H/avr8-gnu-toolchain-linux_x86/bin/../lib/gcc/avr/4.6.2/../../../../avr/lib/avrxmega7/libm.a(round.o)
 .data          0x00802059        0x0 /home/baxelrod/ARM-H/avr8-gnu-toolchain-linux_x86/bin/../lib/gcc/avr/4.6.2/../../../../avr/lib/avrxmega7/libm.a(fp_mintl.o)
 .data          0x00802059        0x0 /home/baxelrod/ARM-H/avr8-gnu-toolchain-linux_x86/bin/../lib/gcc/avr/4.6.2/../../../../avr/lib/avrxmega7/libm.a(fp_mpack.o)
 .data          0x00802059        0x0 /home/baxelrod/ARM-H/avr8-gnu-toolchain-linux_x86/bin/../lib/gcc/avr/4.6.2/../../../../avr/lib/avrxmega7/libm.a(fp_powser.o)
 .data          0x00802059        0x0 /home/baxelrod/ARM-H/avr8-gnu-toolchain-linux_x86/bin/../lib/gcc/avr/4.6.2/avrxmega7/libgcc.a(_exit.o)
 .data          0x00802059        0x0 /home/baxelrod/ARM-H/avr8-gnu-toolchain-linux_x86/bin/../lib/gcc/avr/4.6.2/avrxmega7/libgcc.a(_copy_data.o)
 .data          0x00802059        0x0 /home/baxelrod/ARM-H/avr8-gnu-toolchain-linux_x86/bin/../lib/gcc/avr/4.6.2/avrxmega7/libgcc.a(_clear_bss.o)
 .data          0x00802059        0x0 /home/baxelrod/ARM-H/avr8-gnu-toolchain-linux_x86/bin/../lib/gcc/avr/4.6.2/../../../../avr/lib/avrxmega7/libc.a(memcpy.o)
 .data          0x00802059        0x0 /home/baxelrod/ARM-H/avr8-gnu-toolchain-linux_x86/bin/../lib/gcc/avr/4.6.2/../../../../avr/lib/avrxmega7/libc.a(eerd_byte_atxmega128a1.o)
 .data          0x00802059        0x0 /home/baxelrod/ARM-H/avr8-gnu-toolchain-linux_x86/bin/../lib/gcc/avr/4.6.2/../../../../avr/lib/avrxmega7/libc.a(eewr_byte_atxmega128a1.o)
 *(.data*)
 *(.rodata)
 *(.rodata*)
 *(.gnu.linkonce.d*)
                0x0080205a                . = ALIGN (0x2)
 *fill*         0x00802059        0x1 00
                0x0080205a                _edata = .
                0x0080205a                PROVIDE (__data_end, .)

.bss            0x0080205a     0x1112
                0x0080205a                PROVIDE (__bss_start, .)
 *(.bss)
 .bss           0x0080205a        0x0 /home/baxelrod/ARM-H/avr8-gnu-toolchain-linux_x86/bin/../lib/gcc/avr/4.6.2/../../../../avr/lib/avrxmega7/crtx128a1.o
 .bss           0x0080205a        0x0 adc.o
 .bss           0x0080205a        0x0 dac.o
 .bss           0x0080205a        0x7 encoder.o
                0x0080205a                rawEncoder
                0x0080205c                encoderInitialized
                0x0080205d                adjustedEncoder
                0x0080205f                lastEncoder
 .bss           0x00802061        0x0 portio.o
 .bss           0x00802061     0x10f5 router.o
                0x00802061                commandReady
                0x00802062                activePingPong
 .bss           0x00803156        0x8 palm.o
                0x00803156                spreadP
                0x00803158                spreadDeadband
                0x0080315a                targetEncoder
                0x0080315c                spreadMotorMode
                0x0080315d                freerun_flag
 .bss           0x0080315e        0x0 /home/baxelrod/ARM-H/avr8-gnu-toolchain-linux_x86/bin/../lib/gcc/avr/4.6.2/../../../../avr/lib/avrxmega7/libm.a(addsf3.o)
 .bss           0x0080315e        0x0 /home/baxelrod/ARM-H/avr8-gnu-toolchain-linux_x86/bin/../lib/gcc/avr/4.6.2/../../../../avr/lib/avrxmega7/libm.a(addsf3x.o)
 .bss           0x0080315e        0x0 /home/baxelrod/ARM-H/avr8-gnu-toolchain-linux_x86/bin/../lib/gcc/avr/4.6.2/../../../../avr/lib/avrxmega7/libm.a(divsf3.o)
 .bss           0x0080315e        0x0 /home/baxelrod/ARM-H/avr8-gnu-toolchain-linux_x86/bin/../lib/gcc/avr/4.6.2/../../../../avr/lib/avrxmega7/libm.a(divsf3x.o)
 .bss           0x0080315e        0x0 /home/baxelrod/ARM-H/avr8-gnu-toolchain-linux_x86/bin/../lib/gcc/avr/4.6.2/../../../../avr/lib/avrxmega7/libm.a(fixunssfsi.o)
 .bss           0x0080315e        0x0 /home/baxelrod/ARM-H/avr8-gnu-toolchain-linux_x86/bin/../lib/gcc/avr/4.6.2/../../../../avr/lib/avrxmega7/libm.a(floatsisf.o)
 .bss           0x0080315e        0x0 /home/baxelrod/ARM-H/avr8-gnu-toolchain-linux_x86/bin/../lib/gcc/avr/4.6.2/../../../../avr/lib/avrxmega7/libm.a(fp_inf.o)
 .bss           0x0080315e        0x0 /home/baxelrod/ARM-H/avr8-gnu-toolchain-linux_x86/bin/../lib/gcc/avr/4.6.2/../../../../avr/lib/avrxmega7/libm.a(fp_nan.o)
 .bss           0x0080315e        0x0 /home/baxelrod/ARM-H/avr8-gnu-toolchain-linux_x86/bin/../lib/gcc/avr/4.6.2/../../../../avr/lib/avrxmega7/libm.a(fp_pscA.o)
 .bss           0x0080315e        0x0 /home/baxelrod/ARM-H/avr8-gnu-toolchain-linux_x86/bin/../lib/gcc/avr/4.6.2/../../../../avr/lib/avrxmega7/libm.a(fp_pscB.o)
 .bss           0x0080315e        0x0 /home/baxelrod/ARM-H/avr8-gnu-toolchain-linux_x86/bin/../lib/gcc/avr/4.6.2/../../../../avr/lib/avrxmega7/libm.a(fp_round.o)
 .bss           0x0080315e        0x0 /home/baxelrod/ARM-H/avr8-gnu-toolchain-linux_x86/bin/../lib/gcc/avr/4.6.2/../../../../avr/lib/avrxmega7/libm.a(fp_split3.o)
 .bss           0x0080315e        0x0 /home/baxelrod/ARM-H/avr8-gnu-toolchain-linux_x86/bin/../lib/gcc/avr/4.6.2/../../../../avr/lib/avrxmega7/libm.a(fp_zero.o)
 .bss           0x0080315e        0x0 /home/baxelrod/ARM-H/avr8-gnu-toolchain-linux_x86/bin/../lib/gcc/avr/4.6.2/../../../../avr/lib/avrxmega7/libm.a(log.o)
 .bss           0x0080315e        0x0 /home/baxelrod/ARM-H/avr8-gnu-toolchain-linux_x86/bin/../lib/gcc/avr/4.6.2/../../../../avr/lib/avrxmega7/libm.a(mulsf3.o)
 .bss           0x0080315e        0x0 /home/baxelrod/ARM-H/avr8-gnu-toolchain-linux_x86/bin/../lib/gcc/avr/4.6.2/../../../../avr/lib/avrxmega7/libm.a(mulsf3x.o)
 .bss           0x0080315e        0x0 /home/baxelrod/ARM-H/avr8-gnu-toolchain-linux_x86/bin/../lib/gcc/avr/4.6.2/../../../../avr/lib/avrxmega7/libm.a(round.o)
 .bss           0x0080315e        0x0 /home/baxelrod/ARM-H/avr8-gnu-toolchain-linux_x86/bin/../lib/gcc/avr/4.6.2/../../../../avr/lib/avrxmega7/libm.a(fp_mintl.o)
 .bss           0x0080315e        0x0 /home/baxelrod/ARM-H/avr8-gnu-toolchain-linux_x86/bin/../lib/gcc/avr/4.6.2/../../../../avr/lib/avrxmega7/libm.a(fp_mpack.o)
 .bss           0x0080315e        0x0 /home/baxelrod/ARM-H/avr8-gnu-toolchain-linux_x86/bin/../lib/gcc/avr/4.6.2/../../../../avr/lib/avrxmega7/libm.a(fp_powser.o)
 .bss           0x0080315e        0x0 /home/baxelrod/ARM-H/avr8-gnu-toolchain-linux_x86/bin/../lib/gcc/avr/4.6.2/avrxmega7/libgcc.a(_exit.o)
 .bss           0x0080315e        0x0 /home/baxelrod/ARM-H/avr8-gnu-toolchain-linux_x86/bin/../lib/gcc/avr/4.6.2/avrxmega7/libgcc.a(_copy_data.o)
 .bss           0x0080315e        0x0 /home/baxelrod/ARM-H/avr8-gnu-toolchain-linux_x86/bin/../lib/gcc/avr/4.6.2/avrxmega7/libgcc.a(_clear_bss.o)
 .bss           0x0080315e        0x0 /home/baxelrod/ARM-H/avr8-gnu-toolchain-linux_x86/bin/../lib/gcc/avr/4.6.2/../../../../avr/lib/avrxmega7/libc.a(memcpy.o)
 .bss           0x0080315e        0x0 /home/baxelrod/ARM-H/avr8-gnu-toolchain-linux_x86/bin/../lib/gcc/avr/4.6.2/../../../../avr/lib/avrxmega7/libc.a(eerd_byte_atxmega128a1.o)
 .bss           0x0080315e        0x0 /home/baxelrod/ARM-H/avr8-gnu-toolchain-linux_x86/bin/../lib/gcc/avr/4.6.2/../../../../avr/lib/avrxmega7/libc.a(eewr_byte_atxmega128a1.o)
 *(.bss*)
 *(COMMON)
 COMMON         0x0080315e        0xe router.o
                0x0080315e                RxCheckSumErrCnt
                0x0080316c                PROVIDE (__bss_end, .)
                0x00002ada                __data_load_start = LOADADDR (.data)
                0x00002b34                __data_load_end = (__data_load_start + SIZEOF (.data))

.noinit         0x0080316c        0x0
                0x0080316c                PROVIDE (__noinit_start, .)
 *(.noinit*)
                0x0080316c                PROVIDE (__noinit_end, .)
                0x0080316c                _end = .
                0x0080316c                PROVIDE (__heap_start, .)

.eeprom         0x00810000        0x0
 *(.eeprom*)
                0x00810000                __eeprom_end = .

.fuse
 *(.fuse)
 *(.lfuse)
 *(.hfuse)
 *(.efuse)

.lock
 *(.lock*)

.signature
 *(.signature*)

.stab           0x00000000      0x714
 *(.stab)
 .stab          0x00000000      0x714 /home/baxelrod/ARM-H/avr8-gnu-toolchain-linux_x86/bin/../lib/gcc/avr/4.6.2/../../../../avr/lib/avrxmega7/crtx128a1.o

.stabstr        0x00000000       0x85
 *(.stabstr)
 .stabstr       0x00000000       0x85 /home/baxelrod/ARM-H/avr8-gnu-toolchain-linux_x86/bin/../lib/gcc/avr/4.6.2/../../../../avr/lib/avrxmega7/crtx128a1.o

.stab.excl
 *(.stab.excl)

.stab.exclstr
 *(.stab.exclstr)

.stab.index
 *(.stab.index)

.stab.indexstr
 *(.stab.indexstr)

.comment
 *(.comment)

.debug
 *(.debug)

.line
 *(.line)

.debug_srcinfo
 *(.debug_srcinfo)

.debug_sfnames
 *(.debug_sfnames)

.debug_aranges  0x00000000       0xc8
 *(.debug_aranges)
 .debug_aranges
                0x00000000       0x20 adc.o
 .debug_aranges
                0x00000020       0x20 dac.o
 .debug_aranges
                0x00000040       0x20 encoder.o
 .debug_aranges
                0x00000060       0x20 portio.o
 .debug_aranges
                0x00000080       0x20 router.o
 .debug_aranges
                0x000000a0       0x28 palm.o

.debug_pubnames
 *(.debug_pubnames)

.debug_info     0x00000000     0x4ffe
 *(.debug_info)
 .debug_info    0x00000000      0x81e adc.o
 .debug_info    0x0000081e      0x37a dac.o
 .debug_info    0x00000b98      0x45f encoder.o
 .debug_info    0x00000ff7      0x1f9 portio.o
 .debug_info    0x000011f0     0x2162 router.o
 .debug_info    0x00003352     0x1cac palm.o
 *(.gnu.linkonce.wi.*)

.debug_abbrev   0x00000000      0xc2b
 *(.debug_abbrev)
 .debug_abbrev  0x00000000      0x1bf adc.o
 .debug_abbrev  0x000001bf       0xc0 dac.o
 .debug_abbrev  0x0000027f      0x17d encoder.o
 .debug_abbrev  0x000003fc       0x80 portio.o
 .debug_abbrev  0x0000047c      0x396 router.o
 .debug_abbrev  0x00000812      0x419 palm.o

.debug_line     0x00000000      0xcd9
 *(.debug_line)
 .debug_line    0x00000000      0x16d adc.o
 .debug_line    0x0000016d       0xad dac.o
 .debug_line    0x0000021a      0x1be encoder.o
 .debug_line    0x000003d8       0xd3 portio.o
 .debug_line    0x000004ab      0x486 router.o
 .debug_line    0x00000931      0x3a8 palm.o

.debug_frame    0x00000000      0xa28
 *(.debug_frame)
 .debug_frame   0x00000000       0x9c adc.o
 .debug_frame   0x0000009c       0x24 dac.o
 .debug_frame   0x000000c0       0x34 encoder.o
 .debug_frame   0x000000f4       0x24 portio.o
 .debug_frame   0x00000118      0x778 router.o
 .debug_frame   0x00000890      0x198 palm.o

.debug_str      0x00000000     0x308c
 *(.debug_str)
 .debug_str     0x00000000      0x9b7 adc.o
                                0xa15 (size before relaxing)
 .debug_str     0x000009b7      0x3be dac.o
                                0x4ad (size before relaxing)
 .debug_str     0x00000d75      0x289 encoder.o
                                0x37b (size before relaxing)
 .debug_str     0x00000ffe       0x19 portio.o
                                0x181 (size before relaxing)
 .debug_str     0x00001017     0x1aa0 router.o
                               0x1d6c (size before relaxing)
 .debug_str     0x00002ab7      0x5d5 palm.o
                                0xfe5 (size before relaxing)

.debug_loc      0x00000000     0x21ab
 *(.debug_loc)
 .debug_loc     0x00000000      0x20d adc.o
 .debug_loc     0x0000020d       0x8e encoder.o
 .debug_loc     0x0000029b     0x15a5 router.o
 .debug_loc     0x00001840      0x96b palm.o

.debug_macinfo
 *(.debug_macinfo)
OUTPUT(palm.elf elf32-avr)
LOAD linker stubs

.debug_ranges   0x00000000       0xa8
 .debug_ranges  0x00000000       0x30 router.o
 .debug_ranges  0x00000030       0x78 palm.o

Cross Reference Table

Symbol                                            File
BootRelay                                         palm.o
LEDoff                                            palm.o
LEDon                                             palm.o
LEDtoggle                                         palm.o
RxCheckSumErrCnt                                  palm.o
                                                  router.o
Thermistor_RtoT                                   adc.o
                                                  palm.o
Thermistor_VtoR                                   adc.o
                                                  palm.o
__addsf3                                          /home/baxelrod/ARM-H/avr8-gnu-toolchain-linux_x86/bin/../lib/gcc/avr/4.6.2/../../../../avr/lib/avrxmega7/libm.a(addsf3.o)
                                                  /home/baxelrod/ARM-H/avr8-gnu-toolchain-linux_x86/bin/../lib/gcc/avr/4.6.2/../../../../avr/lib/avrxmega7/libm.a(log.o)
                                                  adc.o
__addsf3x                                         /home/baxelrod/ARM-H/avr8-gnu-toolchain-linux_x86/bin/../lib/gcc/avr/4.6.2/../../../../avr/lib/avrxmega7/libm.a(addsf3x.o)
                                                  /home/baxelrod/ARM-H/avr8-gnu-toolchain-linux_x86/bin/../lib/gcc/avr/4.6.2/../../../../avr/lib/avrxmega7/libm.a(fp_powser.o)
                                                  /home/baxelrod/ARM-H/avr8-gnu-toolchain-linux_x86/bin/../lib/gcc/avr/4.6.2/../../../../avr/lib/avrxmega7/libm.a(log.o)
                                                  /home/baxelrod/ARM-H/avr8-gnu-toolchain-linux_x86/bin/../lib/gcc/avr/4.6.2/../../../../avr/lib/avrxmega7/libm.a(addsf3.o)
__bad_interrupt                                   /home/baxelrod/ARM-H/avr8-gnu-toolchain-linux_x86/bin/../lib/gcc/avr/4.6.2/../../../../avr/lib/avrxmega7/crtx128a1.o
__bss_end                                         /home/baxelrod/ARM-H/avr8-gnu-toolchain-linux_x86/bin/../lib/gcc/avr/4.6.2/avrxmega7/libgcc.a(_clear_bss.o)
__bss_start                                       /home/baxelrod/ARM-H/avr8-gnu-toolchain-linux_x86/bin/../lib/gcc/avr/4.6.2/avrxmega7/libgcc.a(_clear_bss.o)
__data_end                                        /home/baxelrod/ARM-H/avr8-gnu-toolchain-linux_x86/bin/../lib/gcc/avr/4.6.2/avrxmega7/libgcc.a(_copy_data.o)
__data_load_start                                 /home/baxelrod/ARM-H/avr8-gnu-toolchain-linux_x86/bin/../lib/gcc/avr/4.6.2/avrxmega7/libgcc.a(_copy_data.o)
__data_start                                      /home/baxelrod/ARM-H/avr8-gnu-toolchain-linux_x86/bin/../lib/gcc/avr/4.6.2/avrxmega7/libgcc.a(_copy_data.o)
__divsf3                                          /home/baxelrod/ARM-H/avr8-gnu-toolchain-linux_x86/bin/../lib/gcc/avr/4.6.2/../../../../avr/lib/avrxmega7/libm.a(divsf3.o)
                                                  adc.o
__divsf3_pse                                      /home/baxelrod/ARM-H/avr8-gnu-toolchain-linux_x86/bin/../lib/gcc/avr/4.6.2/../../../../avr/lib/avrxmega7/libm.a(divsf3x.o)
__divsf3x                                         /home/baxelrod/ARM-H/avr8-gnu-toolchain-linux_x86/bin/../lib/gcc/avr/4.6.2/../../../../avr/lib/avrxmega7/libm.a(divsf3x.o)
                                                  /home/baxelrod/ARM-H/avr8-gnu-toolchain-linux_x86/bin/../lib/gcc/avr/4.6.2/../../../../avr/lib/avrxmega7/libm.a(divsf3.o)
__do_clear_bss                                    /home/baxelrod/ARM-H/avr8-gnu-toolchain-linux_x86/bin/../lib/gcc/avr/4.6.2/avrxmega7/libgcc.a(_clear_bss.o)
                                                  palm.o
                                                  router.o
                                                  portio.o
                                                  encoder.o
                                                  dac.o
                                                  adc.o
__do_copy_data                                    /home/baxelrod/ARM-H/avr8-gnu-toolchain-linux_x86/bin/../lib/gcc/avr/4.6.2/avrxmega7/libgcc.a(_copy_data.o)
                                                  palm.o
                                                  router.o
                                                  portio.o
                                                  encoder.o
                                                  dac.o
                                                  adc.o
__eerd_byte_x128a1                                /home/baxelrod/ARM-H/avr8-gnu-toolchain-linux_x86/bin/../lib/gcc/avr/4.6.2/../../../../avr/lib/avrxmega7/libc.a(eerd_byte_atxmega128a1.o)
                                                  palm.o
__eewr_byte_x128a1                                /home/baxelrod/ARM-H/avr8-gnu-toolchain-linux_x86/bin/../lib/gcc/avr/4.6.2/../../../../avr/lib/avrxmega7/libc.a(eewr_byte_atxmega128a1.o)
                                                  palm.o
__eewr_r18_x128a1                                 /home/baxelrod/ARM-H/avr8-gnu-toolchain-linux_x86/bin/../lib/gcc/avr/4.6.2/../../../../avr/lib/avrxmega7/libc.a(eewr_byte_atxmega128a1.o)
__fixunssfsi                                      /home/baxelrod/ARM-H/avr8-gnu-toolchain-linux_x86/bin/../lib/gcc/avr/4.6.2/../../../../avr/lib/avrxmega7/libm.a(fixunssfsi.o)
                                                  palm.o
__floatsisf                                       /home/baxelrod/ARM-H/avr8-gnu-toolchain-linux_x86/bin/../lib/gcc/avr/4.6.2/../../../../avr/lib/avrxmega7/libm.a(floatsisf.o)
                                                  /home/baxelrod/ARM-H/avr8-gnu-toolchain-linux_x86/bin/../lib/gcc/avr/4.6.2/../../../../avr/lib/avrxmega7/libm.a(log.o)
                                                  palm.o
__floatunsisf                                     /home/baxelrod/ARM-H/avr8-gnu-toolchain-linux_x86/bin/../lib/gcc/avr/4.6.2/../../../../avr/lib/avrxmega7/libm.a(floatsisf.o)
__fp_inf                                          /home/baxelrod/ARM-H/avr8-gnu-toolchain-linux_x86/bin/../lib/gcc/avr/4.6.2/../../../../avr/lib/avrxmega7/libm.a(fp_inf.o)
                                                  /home/baxelrod/ARM-H/avr8-gnu-toolchain-linux_x86/bin/../lib/gcc/avr/4.6.2/../../../../avr/lib/avrxmega7/libm.a(mulsf3x.o)
                                                  /home/baxelrod/ARM-H/avr8-gnu-toolchain-linux_x86/bin/../lib/gcc/avr/4.6.2/../../../../avr/lib/avrxmega7/libm.a(log.o)
                                                  /home/baxelrod/ARM-H/avr8-gnu-toolchain-linux_x86/bin/../lib/gcc/avr/4.6.2/../../../../avr/lib/avrxmega7/libm.a(divsf3x.o)
                                                  /home/baxelrod/ARM-H/avr8-gnu-toolchain-linux_x86/bin/../lib/gcc/avr/4.6.2/../../../../avr/lib/avrxmega7/libm.a(addsf3x.o)
__fp_mintl                                        /home/baxelrod/ARM-H/avr8-gnu-toolchain-linux_x86/bin/../lib/gcc/avr/4.6.2/../../../../avr/lib/avrxmega7/libm.a(fp_mintl.o)
                                                  /home/baxelrod/ARM-H/avr8-gnu-toolchain-linux_x86/bin/../lib/gcc/avr/4.6.2/../../../../avr/lib/avrxmega7/libm.a(round.o)
__fp_mpack                                        /home/baxelrod/ARM-H/avr8-gnu-toolchain-linux_x86/bin/../lib/gcc/avr/4.6.2/../../../../avr/lib/avrxmega7/libm.a(fp_mpack.o)
                                                  /home/baxelrod/ARM-H/avr8-gnu-toolchain-linux_x86/bin/../lib/gcc/avr/4.6.2/../../../../avr/lib/avrxmega7/libm.a(round.o)
                                                  /home/baxelrod/ARM-H/avr8-gnu-toolchain-linux_x86/bin/../lib/gcc/avr/4.6.2/../../../../avr/lib/avrxmega7/libm.a(log.o)
__fp_mpack_finite                                 /home/baxelrod/ARM-H/avr8-gnu-toolchain-linux_x86/bin/../lib/gcc/avr/4.6.2/../../../../avr/lib/avrxmega7/libm.a(fp_mpack.o)
__fp_nan                                          /home/baxelrod/ARM-H/avr8-gnu-toolchain-linux_x86/bin/../lib/gcc/avr/4.6.2/../../../../avr/lib/avrxmega7/libm.a(fp_nan.o)
                                                  /home/baxelrod/ARM-H/avr8-gnu-toolchain-linux_x86/bin/../lib/gcc/avr/4.6.2/../../../../avr/lib/avrxmega7/libm.a(mulsf3x.o)
                                                  /home/baxelrod/ARM-H/avr8-gnu-toolchain-linux_x86/bin/../lib/gcc/avr/4.6.2/../../../../avr/lib/avrxmega7/libm.a(log.o)
                                                  /home/baxelrod/ARM-H/avr8-gnu-toolchain-linux_x86/bin/../lib/gcc/avr/4.6.2/../../../../avr/lib/avrxmega7/libm.a(divsf3x.o)
                                                  /home/baxelrod/ARM-H/avr8-gnu-toolchain-linux_x86/bin/../lib/gcc/avr/4.6.2/../../../../avr/lib/avrxmega7/libm.a(addsf3x.o)
__fp_powser                                       /home/baxelrod/ARM-H/avr8-gnu-toolchain-linux_x86/bin/../lib/gcc/avr/4.6.2/../../../../avr/lib/avrxmega7/libm.a(fp_powser.o)
                                                  /home/baxelrod/ARM-H/avr8-gnu-toolchain-linux_x86/bin/../lib/gcc/avr/4.6.2/../../../../avr/lib/avrxmega7/libm.a(log.o)
__fp_pscA                                         /home/baxelrod/ARM-H/avr8-gnu-toolchain-linux_x86/bin/../lib/gcc/avr/4.6.2/../../../../avr/lib/avrxmega7/libm.a(fp_pscA.o)
                                                  /home/baxelrod/ARM-H/avr8-gnu-toolchain-linux_x86/bin/../lib/gcc/avr/4.6.2/../../../../avr/lib/avrxmega7/libm.a(mulsf3x.o)
                                                  /home/baxelrod/ARM-H/avr8-gnu-toolchain-linux_x86/bin/../lib/gcc/avr/4.6.2/../../../../avr/lib/avrxmega7/libm.a(divsf3x.o)
                                                  /home/baxelrod/ARM-H/avr8-gnu-toolchain-linux_x86/bin/../lib/gcc/avr/4.6.2/../../../../avr/lib/avrxmega7/libm.a(addsf3x.o)
__fp_pscB                                         /home/baxelrod/ARM-H/avr8-gnu-toolchain-linux_x86/bin/../lib/gcc/avr/4.6.2/../../../../avr/lib/avrxmega7/libm.a(fp_pscB.o)
                                                  /home/baxelrod/ARM-H/avr8-gnu-toolchain-linux_x86/bin/../lib/gcc/avr/4.6.2/../../../../avr/lib/avrxmega7/libm.a(mulsf3x.o)
                                                  /home/baxelrod/ARM-H/avr8-gnu-toolchain-linux_x86/bin/../lib/gcc/avr/4.6.2/../../../../avr/lib/avrxmega7/libm.a(divsf3x.o)
                                                  /home/baxelrod/ARM-H/avr8-gnu-toolchain-linux_x86/bin/../lib/gcc/avr/4.6.2/../../../../avr/lib/avrxmega7/libm.a(addsf3x.o)
__fp_round                                        /home/baxelrod/ARM-H/avr8-gnu-toolchain-linux_x86/bin/../lib/gcc/avr/4.6.2/../../../../avr/lib/avrxmega7/libm.a(fp_round.o)
                                                  /home/baxelrod/ARM-H/avr8-gnu-toolchain-linux_x86/bin/../lib/gcc/avr/4.6.2/../../../../avr/lib/avrxmega7/libm.a(mulsf3.o)
                                                  /home/baxelrod/ARM-H/avr8-gnu-toolchain-linux_x86/bin/../lib/gcc/avr/4.6.2/../../../../avr/lib/avrxmega7/libm.a(log.o)
                                                  /home/baxelrod/ARM-H/avr8-gnu-toolchain-linux_x86/bin/../lib/gcc/avr/4.6.2/../../../../avr/lib/avrxmega7/libm.a(divsf3.o)
                                                  /home/baxelrod/ARM-H/avr8-gnu-toolchain-linux_x86/bin/../lib/gcc/avr/4.6.2/../../../../avr/lib/avrxmega7/libm.a(addsf3.o)
__fp_split3                                       /home/baxelrod/ARM-H/avr8-gnu-toolchain-linux_x86/bin/../lib/gcc/avr/4.6.2/../../../../avr/lib/avrxmega7/libm.a(fp_split3.o)
                                                  /home/baxelrod/ARM-H/avr8-gnu-toolchain-linux_x86/bin/../lib/gcc/avr/4.6.2/../../../../avr/lib/avrxmega7/libm.a(mulsf3x.o)
                                                  /home/baxelrod/ARM-H/avr8-gnu-toolchain-linux_x86/bin/../lib/gcc/avr/4.6.2/../../../../avr/lib/avrxmega7/libm.a(divsf3x.o)
                                                  /home/baxelrod/ARM-H/avr8-gnu-toolchain-linux_x86/bin/../lib/gcc/avr/4.6.2/../../../../avr/lib/avrxmega7/libm.a(addsf3x.o)
__fp_splitA                                       /home/baxelrod/ARM-H/avr8-gnu-toolchain-linux_x86/bin/../lib/gcc/avr/4.6.2/../../../../avr/lib/avrxmega7/libm.a(fp_split3.o)
                                                  /home/baxelrod/ARM-H/avr8-gnu-toolchain-linux_x86/bin/../lib/gcc/avr/4.6.2/../../../../avr/lib/avrxmega7/libm.a(round.o)
                                                  /home/baxelrod/ARM-H/avr8-gnu-toolchain-linux_x86/bin/../lib/gcc/avr/4.6.2/../../../../avr/lib/avrxmega7/libm.a(log.o)
                                                  /home/baxelrod/ARM-H/avr8-gnu-toolchain-linux_x86/bin/../lib/gcc/avr/4.6.2/../../../../avr/lib/avrxmega7/libm.a(fixunssfsi.o)
__fp_szero                                        /home/baxelrod/ARM-H/avr8-gnu-toolchain-linux_x86/bin/../lib/gcc/avr/4.6.2/../../../../avr/lib/avrxmega7/libm.a(fp_zero.o)
                                                  /home/baxelrod/ARM-H/avr8-gnu-toolchain-linux_x86/bin/../lib/gcc/avr/4.6.2/../../../../avr/lib/avrxmega7/libm.a(round.o)
                                                  /home/baxelrod/ARM-H/avr8-gnu-toolchain-linux_x86/bin/../lib/gcc/avr/4.6.2/../../../../avr/lib/avrxmega7/libm.a(mulsf3x.o)
                                                  /home/baxelrod/ARM-H/avr8-gnu-toolchain-linux_x86/bin/../lib/gcc/avr/4.6.2/../../../../avr/lib/avrxmega7/libm.a(divsf3x.o)
__fp_zero                                         /home/baxelrod/ARM-H/avr8-gnu-toolchain-linux_x86/bin/../lib/gcc/avr/4.6.2/../../../../avr/lib/avrxmega7/libm.a(fp_zero.o)
                                                  /home/baxelrod/ARM-H/avr8-gnu-toolchain-linux_x86/bin/../lib/gcc/avr/4.6.2/../../../../avr/lib/avrxmega7/libm.a(fixunssfsi.o)
                                                  /home/baxelrod/ARM-H/avr8-gnu-toolchain-linux_x86/bin/../lib/gcc/avr/4.6.2/../../../../avr/lib/avrxmega7/libm.a(addsf3x.o)
__heap_end                                        /home/baxelrod/ARM-H/avr8-gnu-toolchain-linux_x86/bin/../lib/gcc/avr/4.6.2/../../../../avr/lib/avrxmega7/crtx128a1.o
__init                                            /home/baxelrod/ARM-H/avr8-gnu-toolchain-linux_x86/bin/../lib/gcc/avr/4.6.2/../../../../avr/lib/avrxmega7/crtx128a1.o
__mulsf3                                          /home/baxelrod/ARM-H/avr8-gnu-toolchain-linux_x86/bin/../lib/gcc/avr/4.6.2/../../../../avr/lib/avrxmega7/libm.a(mulsf3.o)
                                                  palm.o
                                                  adc.o
__mulsf3_pse                                      /home/baxelrod/ARM-H/avr8-gnu-toolchain-linux_x86/bin/../lib/gcc/avr/4.6.2/../../../../avr/lib/avrxmega7/libm.a(mulsf3x.o)
__mulsf3x                                         /home/baxelrod/ARM-H/avr8-gnu-toolchain-linux_x86/bin/../lib/gcc/avr/4.6.2/../../../../avr/lib/avrxmega7/libm.a(mulsf3x.o)
                                                  /home/baxelrod/ARM-H/avr8-gnu-toolchain-linux_x86/bin/../lib/gcc/avr/4.6.2/../../../../avr/lib/avrxmega7/libm.a(fp_powser.o)
                                                  /home/baxelrod/ARM-H/avr8-gnu-toolchain-linux_x86/bin/../lib/gcc/avr/4.6.2/../../../../avr/lib/avrxmega7/libm.a(mulsf3.o)
                                                  /home/baxelrod/ARM-H/avr8-gnu-toolchain-linux_x86/bin/../lib/gcc/avr/4.6.2/../../../../avr/lib/avrxmega7/libm.a(log.o)
__stack                                           /home/baxelrod/ARM-H/avr8-gnu-toolchain-linux_x86/bin/../lib/gcc/avr/4.6.2/../../../../avr/lib/avrxmega7/crtx128a1.o
__subsf3                                          /home/baxelrod/ARM-H/avr8-gnu-toolchain-linux_x86/bin/../lib/gcc/avr/4.6.2/../../../../avr/lib/avrxmega7/libm.a(addsf3.o)
                                                  adc.o
__vector_1                                        /home/baxelrod/ARM-H/avr8-gnu-toolchain-linux_x86/bin/../lib/gcc/avr/4.6.2/../../../../avr/lib/avrxmega7/crtx128a1.o
__vector_10                                       /home/baxelrod/ARM-H/avr8-gnu-toolchain-linux_x86/bin/../lib/gcc/avr/4.6.2/../../../../avr/lib/avrxmega7/crtx128a1.o
__vector_100                                      /home/baxelrod/ARM-H/avr8-gnu-toolchain-linux_x86/bin/../lib/gcc/avr/4.6.2/../../../../avr/lib/avrxmega7/crtx128a1.o
__vector_101                                      /home/baxelrod/ARM-H/avr8-gnu-toolchain-linux_x86/bin/../lib/gcc/avr/4.6.2/../../../../avr/lib/avrxmega7/crtx128a1.o
__vector_102                                      /home/baxelrod/ARM-H/avr8-gnu-toolchain-linux_x86/bin/../lib/gcc/avr/4.6.2/../../../../avr/lib/avrxmega7/crtx128a1.o
__vector_103                                      /home/baxelrod/ARM-H/avr8-gnu-toolchain-linux_x86/bin/../lib/gcc/avr/4.6.2/../../../../avr/lib/avrxmega7/crtx128a1.o
__vector_104                                      /home/baxelrod/ARM-H/avr8-gnu-toolchain-linux_x86/bin/../lib/gcc/avr/4.6.2/../../../../avr/lib/avrxmega7/crtx128a1.o
__vector_105                                      /home/baxelrod/ARM-H/avr8-gnu-toolchain-linux_x86/bin/../lib/gcc/avr/4.6.2/../../../../avr/lib/avrxmega7/crtx128a1.o
__vector_106                                      /home/baxelrod/ARM-H/avr8-gnu-toolchain-linux_x86/bin/../lib/gcc/avr/4.6.2/../../../../avr/lib/avrxmega7/crtx128a1.o
__vector_107                                      /home/baxelrod/ARM-H/avr8-gnu-toolchain-linux_x86/bin/../lib/gcc/avr/4.6.2/../../../../avr/lib/avrxmega7/crtx128a1.o
__vector_108                                      /home/baxelrod/ARM-H/avr8-gnu-toolchain-linux_x86/bin/../lib/gcc/avr/4.6.2/../../../../avr/lib/avrxmega7/crtx128a1.o
__vector_109                                      /home/baxelrod/ARM-H/avr8-gnu-toolchain-linux_x86/bin/../lib/gcc/avr/4.6.2/../../../../avr/lib/avrxmega7/crtx128a1.o
__vector_11                                       /home/baxelrod/ARM-H/avr8-gnu-toolchain-linux_x86/bin/../lib/gcc/avr/4.6.2/../../../../avr/lib/avrxmega7/crtx128a1.o
__vector_110                                      /home/baxelrod/ARM-H/avr8-gnu-toolchain-linux_x86/bin/../lib/gcc/avr/4.6.2/../../../../avr/lib/avrxmega7/crtx128a1.o
__vector_111                                      /home/baxelrod/ARM-H/avr8-gnu-toolchain-linux_x86/bin/../lib/gcc/avr/4.6.2/../../../../avr/lib/avrxmega7/crtx128a1.o
__vector_112                                      /home/baxelrod/ARM-H/avr8-gnu-toolchain-linux_x86/bin/../lib/gcc/avr/4.6.2/../../../../avr/lib/avrxmega7/crtx128a1.o
__vector_113                                      /home/baxelrod/ARM-H/avr8-gnu-toolchain-linux_x86/bin/../lib/gcc/avr/4.6.2/../../../../avr/lib/avrxmega7/crtx128a1.o
__vector_114                                      /home/baxelrod/ARM-H/avr8-gnu-toolchain-linux_x86/bin/../lib/gcc/avr/4.6.2/../../../../avr/lib/avrxmega7/crtx128a1.o
__vector_115                                      /home/baxelrod/ARM-H/avr8-gnu-toolchain-linux_x86/bin/../lib/gcc/avr/4.6.2/../../../../avr/lib/avrxmega7/crtx128a1.o
__vector_116                                      /home/baxelrod/ARM-H/avr8-gnu-toolchain-linux_x86/bin/../lib/gcc/avr/4.6.2/../../../../avr/lib/avrxmega7/crtx128a1.o
__vector_117                                      /home/baxelrod/ARM-H/avr8-gnu-toolchain-linux_x86/bin/../lib/gcc/avr/4.6.2/../../../../avr/lib/avrxmega7/crtx128a1.o
__vector_118                                      /home/baxelrod/ARM-H/avr8-gnu-toolchain-linux_x86/bin/../lib/gcc/avr/4.6.2/../../../../avr/lib/avrxmega7/crtx128a1.o
__vector_119                                      router.o
                                                  /home/baxelrod/ARM-H/avr8-gnu-toolchain-linux_x86/bin/../lib/gcc/avr/4.6.2/../../../../avr/lib/avrxmega7/crtx128a1.o
__vector_12                                       /home/baxelrod/ARM-H/avr8-gnu-toolchain-linux_x86/bin/../lib/gcc/avr/4.6.2/../../../../avr/lib/avrxmega7/crtx128a1.o
__vector_120                                      /home/baxelrod/ARM-H/avr8-gnu-toolchain-linux_x86/bin/../lib/gcc/avr/4.6.2/../../../../avr/lib/avrxmega7/crtx128a1.o
__vector_121                                      /home/baxelrod/ARM-H/avr8-gnu-toolchain-linux_x86/bin/../lib/gcc/avr/4.6.2/../../../../avr/lib/avrxmega7/crtx128a1.o
__vector_122                                      /home/baxelrod/ARM-H/avr8-gnu-toolchain-linux_x86/bin/../lib/gcc/avr/4.6.2/../../../../avr/lib/avrxmega7/crtx128a1.o
__vector_123                                      /home/baxelrod/ARM-H/avr8-gnu-toolchain-linux_x86/bin/../lib/gcc/avr/4.6.2/../../../../avr/lib/avrxmega7/crtx128a1.o
__vector_124                                      /home/baxelrod/ARM-H/avr8-gnu-toolchain-linux_x86/bin/../lib/gcc/avr/4.6.2/../../../../avr/lib/avrxmega7/crtx128a1.o
__vector_13                                       /home/baxelrod/ARM-H/avr8-gnu-toolchain-linux_x86/bin/../lib/gcc/avr/4.6.2/../../../../avr/lib/avrxmega7/crtx128a1.o
__vector_14                                       palm.o
                                                  /home/baxelrod/ARM-H/avr8-gnu-toolchain-linux_x86/bin/../lib/gcc/avr/4.6.2/../../../../avr/lib/avrxmega7/crtx128a1.o
__vector_15                                       /home/baxelrod/ARM-H/avr8-gnu-toolchain-linux_x86/bin/../lib/gcc/avr/4.6.2/../../../../avr/lib/avrxmega7/crtx128a1.o
__vector_16                                       /home/baxelrod/ARM-H/avr8-gnu-toolchain-linux_x86/bin/../lib/gcc/avr/4.6.2/../../../../avr/lib/avrxmega7/crtx128a1.o
__vector_17                                       /home/baxelrod/ARM-H/avr8-gnu-toolchain-linux_x86/bin/../lib/gcc/avr/4.6.2/../../../../avr/lib/avrxmega7/crtx128a1.o
__vector_18                                       /home/baxelrod/ARM-H/avr8-gnu-toolchain-linux_x86/bin/../lib/gcc/avr/4.6.2/../../../../avr/lib/avrxmega7/crtx128a1.o
__vector_19                                       /home/baxelrod/ARM-H/avr8-gnu-toolchain-linux_x86/bin/../lib/gcc/avr/4.6.2/../../../../avr/lib/avrxmega7/crtx128a1.o
__vector_2                                        /home/baxelrod/ARM-H/avr8-gnu-toolchain-linux_x86/bin/../lib/gcc/avr/4.6.2/../../../../avr/lib/avrxmega7/crtx128a1.o
__vector_20                                       /home/baxelrod/ARM-H/avr8-gnu-toolchain-linux_x86/bin/../lib/gcc/avr/4.6.2/../../../../avr/lib/avrxmega7/crtx128a1.o
__vector_21                                       /home/baxelrod/ARM-H/avr8-gnu-toolchain-linux_x86/bin/../lib/gcc/avr/4.6.2/../../../../avr/lib/avrxmega7/crtx128a1.o
__vector_22                                       /home/baxelrod/ARM-H/avr8-gnu-toolchain-linux_x86/bin/../lib/gcc/avr/4.6.2/../../../../avr/lib/avrxmega7/crtx128a1.o
__vector_23                                       /home/baxelrod/ARM-H/avr8-gnu-toolchain-linux_x86/bin/../lib/gcc/avr/4.6.2/../../../../avr/lib/avrxmega7/crtx128a1.o
__vector_24                                       /home/baxelrod/ARM-H/avr8-gnu-toolchain-linux_x86/bin/../lib/gcc/avr/4.6.2/../../../../avr/lib/avrxmega7/crtx128a1.o
__vector_25                                       router.o
                                                  /home/baxelrod/ARM-H/avr8-gnu-toolchain-linux_x86/bin/../lib/gcc/avr/4.6.2/../../../../avr/lib/avrxmega7/crtx128a1.o
__vector_26                                       /home/baxelrod/ARM-H/avr8-gnu-toolchain-linux_x86/bin/../lib/gcc/avr/4.6.2/../../../../avr/lib/avrxmega7/crtx128a1.o
__vector_27                                       router.o
                                                  /home/baxelrod/ARM-H/avr8-gnu-toolchain-linux_x86/bin/../lib/gcc/avr/4.6.2/../../../../avr/lib/avrxmega7/crtx128a1.o
__vector_28                                       router.o
                                                  /home/baxelrod/ARM-H/avr8-gnu-toolchain-linux_x86/bin/../lib/gcc/avr/4.6.2/../../../../avr/lib/avrxmega7/crtx128a1.o
__vector_29                                       /home/baxelrod/ARM-H/avr8-gnu-toolchain-linux_x86/bin/../lib/gcc/avr/4.6.2/../../../../avr/lib/avrxmega7/crtx128a1.o
__vector_3                                        /home/baxelrod/ARM-H/avr8-gnu-toolchain-linux_x86/bin/../lib/gcc/avr/4.6.2/../../../../avr/lib/avrxmega7/crtx128a1.o
__vector_30                                       router.o
                                                  /home/baxelrod/ARM-H/avr8-gnu-toolchain-linux_x86/bin/../lib/gcc/avr/4.6.2/../../../../avr/lib/avrxmega7/crtx128a1.o
__vector_31                                       /home/baxelrod/ARM-H/avr8-gnu-toolchain-linux_x86/bin/../lib/gcc/avr/4.6.2/../../../../avr/lib/avrxmega7/crtx128a1.o
__vector_32                                       /home/baxelrod/ARM-H/avr8-gnu-toolchain-linux_x86/bin/../lib/gcc/avr/4.6.2/../../../../avr/lib/avrxmega7/crtx128a1.o
__vector_33                                       /home/baxelrod/ARM-H/avr8-gnu-toolchain-linux_x86/bin/../lib/gcc/avr/4.6.2/../../../../avr/lib/avrxmega7/crtx128a1.o
__vector_34                                       /home/baxelrod/ARM-H/avr8-gnu-toolchain-linux_x86/bin/../lib/gcc/avr/4.6.2/../../../../avr/lib/avrxmega7/crtx128a1.o
__vector_35                                       /home/baxelrod/ARM-H/avr8-gnu-toolchain-linux_x86/bin/../lib/gcc/avr/4.6.2/../../../../avr/lib/avrxmega7/crtx128a1.o
__vector_36                                       /home/baxelrod/ARM-H/avr8-gnu-toolchain-linux_x86/bin/../lib/gcc/avr/4.6.2/../../../../avr/lib/avrxmega7/crtx128a1.o
__vector_37                                       /home/baxelrod/ARM-H/avr8-gnu-toolchain-linux_x86/bin/../lib/gcc/avr/4.6.2/../../../../avr/lib/avrxmega7/crtx128a1.o
__vector_38                                       /home/baxelrod/ARM-H/avr8-gnu-toolchain-linux_x86/bin/../lib/gcc/avr/4.6.2/../../../../avr/lib/avrxmega7/crtx128a1.o
__vector_39                                       /home/baxelrod/ARM-H/avr8-gnu-toolchain-linux_x86/bin/../lib/gcc/avr/4.6.2/../../../../avr/lib/avrxmega7/crtx128a1.o
__vector_4                                        /home/baxelrod/ARM-H/avr8-gnu-toolchain-linux_x86/bin/../lib/gcc/avr/4.6.2/../../../../avr/lib/avrxmega7/crtx128a1.o
__vector_40                                       /home/baxelrod/ARM-H/avr8-gnu-toolchain-linux_x86/bin/../lib/gcc/avr/4.6.2/../../../../avr/lib/avrxmega7/crtx128a1.o
__vector_41                                       /home/baxelrod/ARM-H/avr8-gnu-toolchain-linux_x86/bin/../lib/gcc/avr/4.6.2/../../../../avr/lib/avrxmega7/crtx128a1.o
__vector_42                                       /home/baxelrod/ARM-H/avr8-gnu-toolchain-linux_x86/bin/../lib/gcc/avr/4.6.2/../../../../avr/lib/avrxmega7/crtx128a1.o
__vector_43                                       /home/baxelrod/ARM-H/avr8-gnu-toolchain-linux_x86/bin/../lib/gcc/avr/4.6.2/../../../../avr/lib/avrxmega7/crtx128a1.o
__vector_44                                       /home/baxelrod/ARM-H/avr8-gnu-toolchain-linux_x86/bin/../lib/gcc/avr/4.6.2/../../../../avr/lib/avrxmega7/crtx128a1.o
__vector_45                                       /home/baxelrod/ARM-H/avr8-gnu-toolchain-linux_x86/bin/../lib/gcc/avr/4.6.2/../../../../avr/lib/avrxmega7/crtx128a1.o
__vector_46                                       /home/baxelrod/ARM-H/avr8-gnu-toolchain-linux_x86/bin/../lib/gcc/avr/4.6.2/../../../../avr/lib/avrxmega7/crtx128a1.o
__vector_47                                       /home/baxelrod/ARM-H/avr8-gnu-toolchain-linux_x86/bin/../lib/gcc/avr/4.6.2/../../../../avr/lib/avrxmega7/crtx128a1.o
__vector_48                                       /home/baxelrod/ARM-H/avr8-gnu-toolchain-linux_x86/bin/../lib/gcc/avr/4.6.2/../../../../avr/lib/avrxmega7/crtx128a1.o
__vector_49                                       /home/baxelrod/ARM-H/avr8-gnu-toolchain-linux_x86/bin/../lib/gcc/avr/4.6.2/../../../../avr/lib/avrxmega7/crtx128a1.o
__vector_5                                        /home/baxelrod/ARM-H/avr8-gnu-toolchain-linux_x86/bin/../lib/gcc/avr/4.6.2/../../../../avr/lib/avrxmega7/crtx128a1.o
__vector_50                                       /home/baxelrod/ARM-H/avr8-gnu-toolchain-linux_x86/bin/../lib/gcc/avr/4.6.2/../../../../avr/lib/avrxmega7/crtx128a1.o
__vector_51                                       /home/baxelrod/ARM-H/avr8-gnu-toolchain-linux_x86/bin/../lib/gcc/avr/4.6.2/../../../../avr/lib/avrxmega7/crtx128a1.o
__vector_52                                       /home/baxelrod/ARM-H/avr8-gnu-toolchain-linux_x86/bin/../lib/gcc/avr/4.6.2/../../../../avr/lib/avrxmega7/crtx128a1.o
__vector_53                                       /home/baxelrod/ARM-H/avr8-gnu-toolchain-linux_x86/bin/../lib/gcc/avr/4.6.2/../../../../avr/lib/avrxmega7/crtx128a1.o
__vector_54                                       /home/baxelrod/ARM-H/avr8-gnu-toolchain-linux_x86/bin/../lib/gcc/avr/4.6.2/../../../../avr/lib/avrxmega7/crtx128a1.o
__vector_55                                       /home/baxelrod/ARM-H/avr8-gnu-toolchain-linux_x86/bin/../lib/gcc/avr/4.6.2/../../../../avr/lib/avrxmega7/crtx128a1.o
__vector_56                                       /home/baxelrod/ARM-H/avr8-gnu-toolchain-linux_x86/bin/../lib/gcc/avr/4.6.2/../../../../avr/lib/avrxmega7/crtx128a1.o
__vector_57                                       /home/baxelrod/ARM-H/avr8-gnu-toolchain-linux_x86/bin/../lib/gcc/avr/4.6.2/../../../../avr/lib/avrxmega7/crtx128a1.o
__vector_58                                       router.o
                                                  /home/baxelrod/ARM-H/avr8-gnu-toolchain-linux_x86/bin/../lib/gcc/avr/4.6.2/../../../../avr/lib/avrxmega7/crtx128a1.o
__vector_59                                       /home/baxelrod/ARM-H/avr8-gnu-toolchain-linux_x86/bin/../lib/gcc/avr/4.6.2/../../../../avr/lib/avrxmega7/crtx128a1.o
__vector_6                                        router.o
                                                  /home/baxelrod/ARM-H/avr8-gnu-toolchain-linux_x86/bin/../lib/gcc/avr/4.6.2/../../../../avr/lib/avrxmega7/crtx128a1.o
__vector_60                                       router.o
                                                  /home/baxelrod/ARM-H/avr8-gnu-toolchain-linux_x86/bin/../lib/gcc/avr/4.6.2/../../../../avr/lib/avrxmega7/crtx128a1.o
__vector_61                                       router.o
                                                  /home/baxelrod/ARM-H/avr8-gnu-toolchain-linux_x86/bin/../lib/gcc/avr/4.6.2/../../../../avr/lib/avrxmega7/crtx128a1.o
__vector_62                                       /home/baxelrod/ARM-H/avr8-gnu-toolchain-linux_x86/bin/../lib/gcc/avr/4.6.2/../../../../avr/lib/avrxmega7/crtx128a1.o
__vector_63                                       router.o
                                                  /home/baxelrod/ARM-H/avr8-gnu-toolchain-linux_x86/bin/../lib/gcc/avr/4.6.2/../../../../avr/lib/avrxmega7/crtx128a1.o
__vector_64                                       /home/baxelrod/ARM-H/avr8-gnu-toolchain-linux_x86/bin/../lib/gcc/avr/4.6.2/../../../../avr/lib/avrxmega7/crtx128a1.o
__vector_65                                       /home/baxelrod/ARM-H/avr8-gnu-toolchain-linux_x86/bin/../lib/gcc/avr/4.6.2/../../../../avr/lib/avrxmega7/crtx128a1.o
__vector_66                                       /home/baxelrod/ARM-H/avr8-gnu-toolchain-linux_x86/bin/../lib/gcc/avr/4.6.2/../../../../avr/lib/avrxmega7/crtx128a1.o
__vector_67                                       /home/baxelrod/ARM-H/avr8-gnu-toolchain-linux_x86/bin/../lib/gcc/avr/4.6.2/../../../../avr/lib/avrxmega7/crtx128a1.o
__vector_68                                       /home/baxelrod/ARM-H/avr8-gnu-toolchain-linux_x86/bin/../lib/gcc/avr/4.6.2/../../../../avr/lib/avrxmega7/crtx128a1.o
__vector_69                                       /home/baxelrod/ARM-H/avr8-gnu-toolchain-linux_x86/bin/../lib/gcc/avr/4.6.2/../../../../avr/lib/avrxmega7/crtx128a1.o
__vector_7                                        router.o
                                                  /home/baxelrod/ARM-H/avr8-gnu-toolchain-linux_x86/bin/../lib/gcc/avr/4.6.2/../../../../avr/lib/avrxmega7/crtx128a1.o
__vector_70                                       /home/baxelrod/ARM-H/avr8-gnu-toolchain-linux_x86/bin/../lib/gcc/avr/4.6.2/../../../../avr/lib/avrxmega7/crtx128a1.o
__vector_71                                       /home/baxelrod/ARM-H/avr8-gnu-toolchain-linux_x86/bin/../lib/gcc/avr/4.6.2/../../../../avr/lib/avrxmega7/crtx128a1.o
__vector_72                                       /home/baxelrod/ARM-H/avr8-gnu-toolchain-linux_x86/bin/../lib/gcc/avr/4.6.2/../../../../avr/lib/avrxmega7/crtx128a1.o
__vector_73                                       /home/baxelrod/ARM-H/avr8-gnu-toolchain-linux_x86/bin/../lib/gcc/avr/4.6.2/../../../../avr/lib/avrxmega7/crtx128a1.o
__vector_74                                       /home/baxelrod/ARM-H/avr8-gnu-toolchain-linux_x86/bin/../lib/gcc/avr/4.6.2/../../../../avr/lib/avrxmega7/crtx128a1.o
__vector_75                                       /home/baxelrod/ARM-H/avr8-gnu-toolchain-linux_x86/bin/../lib/gcc/avr/4.6.2/../../../../avr/lib/avrxmega7/crtx128a1.o
__vector_76                                       /home/baxelrod/ARM-H/avr8-gnu-toolchain-linux_x86/bin/../lib/gcc/avr/4.6.2/../../../../avr/lib/avrxmega7/crtx128a1.o
__vector_77                                       router.o
                                                  /home/baxelrod/ARM-H/avr8-gnu-toolchain-linux_x86/bin/../lib/gcc/avr/4.6.2/../../../../avr/lib/avrxmega7/crtx128a1.o
__vector_78                                       /home/baxelrod/ARM-H/avr8-gnu-toolchain-linux_x86/bin/../lib/gcc/avr/4.6.2/../../../../avr/lib/avrxmega7/crtx128a1.o
__vector_79                                       /home/baxelrod/ARM-H/avr8-gnu-toolchain-linux_x86/bin/../lib/gcc/avr/4.6.2/../../../../avr/lib/avrxmega7/crtx128a1.o
__vector_8                                        router.o
                                                  /home/baxelrod/ARM-H/avr8-gnu-toolchain-linux_x86/bin/../lib/gcc/avr/4.6.2/../../../../avr/lib/avrxmega7/crtx128a1.o
__vector_80                                       /home/baxelrod/ARM-H/avr8-gnu-toolchain-linux_x86/bin/../lib/gcc/avr/4.6.2/../../../../avr/lib/avrxmega7/crtx128a1.o
__vector_81                                       /home/baxelrod/ARM-H/avr8-gnu-toolchain-linux_x86/bin/../lib/gcc/avr/4.6.2/../../../../avr/lib/avrxmega7/crtx128a1.o
__vector_82                                       /home/baxelrod/ARM-H/avr8-gnu-toolchain-linux_x86/bin/../lib/gcc/avr/4.6.2/../../../../avr/lib/avrxmega7/crtx128a1.o
__vector_83                                       /home/baxelrod/ARM-H/avr8-gnu-toolchain-linux_x86/bin/../lib/gcc/avr/4.6.2/../../../../avr/lib/avrxmega7/crtx128a1.o
__vector_84                                       /home/baxelrod/ARM-H/avr8-gnu-toolchain-linux_x86/bin/../lib/gcc/avr/4.6.2/../../../../avr/lib/avrxmega7/crtx128a1.o
__vector_85                                       /home/baxelrod/ARM-H/avr8-gnu-toolchain-linux_x86/bin/../lib/gcc/avr/4.6.2/../../../../avr/lib/avrxmega7/crtx128a1.o
__vector_86                                       /home/baxelrod/ARM-H/avr8-gnu-toolchain-linux_x86/bin/../lib/gcc/avr/4.6.2/../../../../avr/lib/avrxmega7/crtx128a1.o
__vector_87                                       /home/baxelrod/ARM-H/avr8-gnu-toolchain-linux_x86/bin/../lib/gcc/avr/4.6.2/../../../../avr/lib/avrxmega7/crtx128a1.o
__vector_88                                       router.o
                                                  /home/baxelrod/ARM-H/avr8-gnu-toolchain-linux_x86/bin/../lib/gcc/avr/4.6.2/../../../../avr/lib/avrxmega7/crtx128a1.o
__vector_89                                       /home/baxelrod/ARM-H/avr8-gnu-toolchain-linux_x86/bin/../lib/gcc/avr/4.6.2/../../../../avr/lib/avrxmega7/crtx128a1.o
__vector_9                                        router.o
                                                  /home/baxelrod/ARM-H/avr8-gnu-toolchain-linux_x86/bin/../lib/gcc/avr/4.6.2/../../../../avr/lib/avrxmega7/crtx128a1.o
__vector_90                                       router.o
                                                  /home/baxelrod/ARM-H/avr8-gnu-toolchain-linux_x86/bin/../lib/gcc/avr/4.6.2/../../../../avr/lib/avrxmega7/crtx128a1.o
__vector_91                                       router.o
                                                  /home/baxelrod/ARM-H/avr8-gnu-toolchain-linux_x86/bin/../lib/gcc/avr/4.6.2/../../../../avr/lib/avrxmega7/crtx128a1.o
__vector_92                                       /home/baxelrod/ARM-H/avr8-gnu-toolchain-linux_x86/bin/../lib/gcc/avr/4.6.2/../../../../avr/lib/avrxmega7/crtx128a1.o
__vector_93                                       router.o
                                                  /home/baxelrod/ARM-H/avr8-gnu-toolchain-linux_x86/bin/../lib/gcc/avr/4.6.2/../../../../avr/lib/avrxmega7/crtx128a1.o
__vector_94                                       /home/baxelrod/ARM-H/avr8-gnu-toolchain-linux_x86/bin/../lib/gcc/avr/4.6.2/../../../../avr/lib/avrxmega7/crtx128a1.o
__vector_95                                       /home/baxelrod/ARM-H/avr8-gnu-toolchain-linux_x86/bin/../lib/gcc/avr/4.6.2/../../../../avr/lib/avrxmega7/crtx128a1.o
__vector_96                                       /home/baxelrod/ARM-H/avr8-gnu-toolchain-linux_x86/bin/../lib/gcc/avr/4.6.2/../../../../avr/lib/avrxmega7/crtx128a1.o
__vector_97                                       /home/baxelrod/ARM-H/avr8-gnu-toolchain-linux_x86/bin/../lib/gcc/avr/4.6.2/../../../../avr/lib/avrxmega7/crtx128a1.o
__vector_98                                       /home/baxelrod/ARM-H/avr8-gnu-toolchain-linux_x86/bin/../lib/gcc/avr/4.6.2/../../../../avr/lib/avrxmega7/crtx128a1.o
__vector_99                                       /home/baxelrod/ARM-H/avr8-gnu-toolchain-linux_x86/bin/../lib/gcc/avr/4.6.2/../../../../avr/lib/avrxmega7/crtx128a1.o
__vector_default                                  /home/baxelrod/ARM-H/avr8-gnu-toolchain-linux_x86/bin/../lib/gcc/avr/4.6.2/../../../../avr/lib/avrxmega7/crtx128a1.o
__vectors                                         /home/baxelrod/ARM-H/avr8-gnu-toolchain-linux_x86/bin/../lib/gcc/avr/4.6.2/../../../../avr/lib/avrxmega7/crtx128a1.o
_exit                                             /home/baxelrod/ARM-H/avr8-gnu-toolchain-linux_x86/bin/../lib/gcc/avr/4.6.2/avrxmega7/libgcc.a(_exit.o)
activePingPong                                    router.o
adjustedEncoder                                   encoder.o
                                                  palm.o
captureSweep                                      adc.o
                                                  palm.o
chainMask                                         router.o
                                                  palm.o
commandReady                                      router.o
                                                  palm.o
computeChecksum                                   router.o
                                                  palm.o
configureADC                                      adc.o
                                                  palm.o
configureDAC                                      dac.o
                                                  palm.o
configurePortIO                                   portio.o
                                                  palm.o
configureRouterUSARTs                             router.o
                                                  palm.o
configureSPIModulesEncoder                        encoder.o
doBroadcast                                       router.o
doFreerunTask                                     router.o
                                                  palm.o
doRouterTask                                      router.o
                                                  palm.o
eeprom_mapen                                      /home/baxelrod/ARM-H/avr8-gnu-toolchain-linux_x86/bin/../lib/gcc/avr/4.6.2/../../../../avr/lib/avrxmega7/libc.a(eerd_byte_atxmega128a1.o)
encoderInitialized                                encoder.o
                                                  palm.o
exit                                              /home/baxelrod/ARM-H/avr8-gnu-toolchain-linux_x86/bin/../lib/gcc/avr/4.6.2/avrxmega7/libgcc.a(_exit.o)
                                                  /home/baxelrod/ARM-H/avr8-gnu-toolchain-linux_x86/bin/../lib/gcc/avr/4.6.2/../../../../avr/lib/avrxmega7/crtx128a1.o
freerun_flag                                      palm.o
lastEncoder                                       encoder.o
                                                  palm.o
log                                               /home/baxelrod/ARM-H/avr8-gnu-toolchain-linux_x86/bin/../lib/gcc/avr/4.6.2/../../../../avr/lib/avrxmega7/libm.a(log.o)
                                                  adc.o
main                                              palm.o
                                                  /home/baxelrod/ARM-H/avr8-gnu-toolchain-linux_x86/bin/../lib/gcc/avr/4.6.2/../../../../avr/lib/avrxmega7/crtx128a1.o
memcpy                                            /home/baxelrod/ARM-H/avr8-gnu-toolchain-linux_x86/bin/../lib/gcc/avr/4.6.2/../../../../avr/lib/avrxmega7/libc.a(memcpy.o)
                                                  router.o
processCommand                                    palm.o
                                                  router.o
rawEncoder                                        encoder.o
                                                  palm.o
readEncoder                                       encoder.o
                                                  palm.o
round                                             /home/baxelrod/ARM-H/avr8-gnu-toolchain-linux_x86/bin/../lib/gcc/avr/4.6.2/../../../../avr/lib/avrxmega7/libm.a(round.o)
                                                  palm.o
sampleArgument                                    router.o
                                                  palm.o
samplePeriod                                      router.o
                                                  palm.o
spreadDeadband                                    palm.o
spreadMotorMode                                   palm.o
spreadP                                           palm.o
startChain                                        router.o
startMtrChain                                     router.o
targetEncoder                                     palm.o
tendDMAchain                                      router.o
tendMTRchain                                      router.o
