   1               		.file	"uart.c"
   2               	__SREG__ = 0x3f
   3               	__SP_H__ = 0x3e
   4               	__SP_L__ = 0x3d
   5               	__CCP__ = 0x34
   6               	__tmp_reg__ = 0
   7               	__zero_reg__ = 1
   8               		.global __do_copy_data
   9               		.global __do_clear_bss
  11               		.text
  12               	.Ltext0:
 440               		.section	.text.uart_init,"ax",@progbits
 442               	.global	uart_init
 444               	uart_init:
   1:uart.c        **** /************************************************************************/
   2:uart.c        **** /* XBoot Extensible AVR Bootloader                                      */
   3:uart.c        **** /*                                                                      */
   4:uart.c        **** /* UART Module                                                          */
   5:uart.c        **** /*                                                                      */
   6:uart.c        **** /* uart.c                                                               */
   7:uart.c        **** /*                                                                      */
   8:uart.c        **** /* Alex Forencich <alex@alexforencich.com>                              */
   9:uart.c        **** /*                                                                      */
  10:uart.c        **** /* Copyright (c) 2010 Alex Forencich                                    */
  11:uart.c        **** /*                                                                      */
  12:uart.c        **** /* Permission is hereby granted, free of charge, to any person          */
  13:uart.c        **** /* obtaining a copy of this software and associated documentation       */
  14:uart.c        **** /* files(the "Software"), to deal in the Software without restriction,  */
  15:uart.c        **** /* including without limitation the rights to use, copy, modify, merge, */
  16:uart.c        **** /* publish, distribute, sublicense, and/or sell copies of the Software, */
  17:uart.c        **** /* and to permit persons to whom the Software is furnished to do so,    */
  18:uart.c        **** /* subject to the following conditions:                                 */
  19:uart.c        **** /*                                                                      */
  20:uart.c        **** /* The above copyright notice and this permission notice shall be       */
  21:uart.c        **** /* included in all copies or substantial portions of the Software.      */
  22:uart.c        **** /*                                                                      */
  23:uart.c        **** /* THE SOFTWARE IS PROVIDED "AS IS", WITHOUT WARRANTY OF ANY KIND,      */
  24:uart.c        **** /* EXPRESS OR IMPLIED, INCLUDING BUT NOT LIMITED TO THE WARRANTIES OF   */
  25:uart.c        **** /* MERCHANTABILITY, FITNESS FOR A PARTICULAR PURPOSE AND                */
  26:uart.c        **** /* NONINFRINGEMENT. IN NO EVENT SHALL THE AUTHORS OR COPYRIGHT HOLDERS  */
  27:uart.c        **** /* BE LIABLE FOR ANY CLAIM, DAMAGES OR OTHER LIABILITY, WHETHER IN AN   */
  28:uart.c        **** /* ACTION OF CONTRACT, TORT OR OTHERWISE, ARISING FROM, OUT OF OR IN    */
  29:uart.c        **** /* CONNECTION WITH THE SOFTWARE OR THE USE OR OTHER DEALINGS IN THE     */
  30:uart.c        **** /* SOFTWARE.                                                            */
  31:uart.c        **** /*                                                                      */
  32:uart.c        **** /************************************************************************/
  33:uart.c        **** 
  34:uart.c        **** #include "uart.h"
  35:uart.c        **** 
  36:uart.c        **** // Interrupts
  37:uart.c        **** #ifdef USE_INTERRUPTS
  38:uart.c        **** #ifdef USE_UART
  39:uart.c        **** ISR(UART_DEVICE_RXC_ISR)
  40:uart.c        **** {
  41:uart.c        ****         if (comm_mode == MODE_UNDEF)
  42:uart.c        ****         {
  43:uart.c        ****                 comm_mode = MODE_UART;
  44:uart.c        ****                 #ifdef USE_I2C
  45:uart.c        ****                 #ifdef __AVR_XMEGA__
  46:uart.c        ****                 // disable I2C interrupt
  47:uart.c        ****                 I2C_DEVICE.SLAVE.CTRLA = 0;
  48:uart.c        ****                 #endif // __AVR_XMEGA__
  49:uart.c        ****                 #endif // USE_I2C
  50:uart.c        ****         }
  51:uart.c        ****         if (rx_char_cnt == 0)
  52:uart.c        ****         {
  53:uart.c        ****                 rx_buff0 = UART_DEVICE.DATA;
  54:uart.c        ****                 rx_char_cnt = 1;
  55:uart.c        ****         }
  56:uart.c        ****         else
  57:uart.c        ****         {
  58:uart.c        ****                 rx_buff1 = UART_DEVICE.DATA;
  59:uart.c        ****                 rx_char_cnt = 2;
  60:uart.c        ****         }
  61:uart.c        **** }
  62:uart.c        **** 
  63:uart.c        **** ISR(UART_DEVICE_TXC_ISR)
  64:uart.c        **** {
  65:uart.c        ****         tx_char_cnt = 0;
  66:uart.c        **** }
  67:uart.c        **** #endif // USE_UART
  68:uart.c        **** #endif // USE_INTERRUPTS
  69:uart.c        **** 
  70:uart.c        **** // Initialize UART
  71:uart.c        **** void __attribute__ ((always_inline)) uart_init(void)
  72:uart.c        **** {
 446               	.LM0:
 447               	.LFBB1:
 448               	/* prologue: function */
 449               	/* frame size = 0 */
 450               	/* stack size = 0 */
 451               	.L__stack_usage = 0
  73:uart.c        **** #ifdef __AVR_XMEGA__
  74:uart.c        ****         UART_PORT.DIRSET = (1 << UART_TX_PIN);
 453               	.LM1:
 454 0000 88E0      		ldi r24,lo8(8)
 455 0002 E0E4      		ldi r30,lo8(1600)
 456 0004 F6E0      		ldi r31,hi8(1600)
 457 0006 8183      		std Z+1,r24
  75:uart.c        ****         UART_DEVICE.BAUDCTRLA = (UART_BSEL_VALUE & USART_BSEL_gm);
 459               	.LM2:
 460 0008 E0EA      		ldi r30,lo8(2208)
 461 000a F8E0      		ldi r31,hi8(2208)
 462 000c 83E1      		ldi r24,lo8(19)
 463 000e 8683      		std Z+6,r24
  76:uart.c        ****         UART_DEVICE.BAUDCTRLB = ((UART_BSCALE_VALUE << USART_BSCALE_gp) & USART_BSCALE_gm) | ((UART
 465               	.LM3:
 466 0010 80EC      		ldi r24,lo8(-64)
 467 0012 8783      		std Z+7,r24
  77:uart.c        ****         #if UART_CLK2X
  78:uart.c        ****         UART_DEVICE.CTRLB = USART_RXEN_bm | USART_CLK2X_bm | USART_TXEN_bm;
 469               	.LM4:
 470 0014 8CE1      		ldi r24,lo8(28)
 471 0016 8483      		std Z+4,r24
 472               	/* epilogue start */
  79:uart.c        ****         #else
  80:uart.c        ****         UART_DEVICE.CTRLB = USART_RXEN_bm | USART_TXEN_bm;
  81:uart.c        ****         #endif // UART_CLK2X
  82:uart.c        ****         #ifdef USE_INTERRUPTS
  83:uart.c        ****         UART_DEVICE.CTRLA = USART_RXCINTLVL0_bm | USART_TXCINTLVL0_bm;
  84:uart.c        ****         #endif // USE_INTERRUPTS
  85:uart.c        **** #else // __AVR_XMEGA__
  86:uart.c        ****         UART_UBRR = UART_BRV;
  87:uart.c        ****         #ifdef UART_U2X
  88:uart.c        ****         UART_UCSRA = _BV(U2X0);
  89:uart.c        ****         #else
  90:uart.c        ****         UART_UCSRA = 0;
  91:uart.c        ****         #endif
  92:uart.c        ****         UART_UCSRB = _BV(RXEN0) | _BV(TXEN0);
  93:uart.c        ****         UART_UCSRC = _BV(UCSZ01) | _BV(UCSZ00);
  94:uart.c        **** #endif // __AVR_XMEGA__
  95:uart.c        **** }
 474               	.LM5:
 475 0018 0895      		ret
 477               	.Lscope1:
 478               		.section	.text.uart_deinit,"ax",@progbits
 480               	.global	uart_deinit
 482               	uart_deinit:
  96:uart.c        **** 
  97:uart.c        **** // Shut down UART
  98:uart.c        **** void __attribute__ ((always_inline)) uart_deinit(void)
  99:uart.c        **** {
 484               	.LM6:
 485               	.LFBB2:
 486               	/* prologue: function */
 487               	/* frame size = 0 */
 488               	/* stack size = 0 */
 489               	.L__stack_usage = 0
 100:uart.c        **** #ifdef __AVR_XMEGA__
 101:uart.c        ****         UART_DEVICE.CTRLB = 0;
 491               	.LM7:
 492 0000 E0EA      		ldi r30,lo8(2208)
 493 0002 F8E0      		ldi r31,hi8(2208)
 494 0004 1482      		std Z+4,__zero_reg__
 102:uart.c        ****         #ifdef USE_INTERRUPTS
 103:uart.c        ****         UART_DEVICE.CTRLA = 0;
 104:uart.c        ****         #endif // USE_INTERRUPTS
 105:uart.c        ****         UART_DEVICE.BAUDCTRLA = 0;
 496               	.LM8:
 497 0006 1682      		std Z+6,__zero_reg__
 106:uart.c        ****         UART_DEVICE.BAUDCTRLB = 0;
 499               	.LM9:
 500 0008 1782      		std Z+7,__zero_reg__
 107:uart.c        ****         UART_PORT.DIRCLR = (1 << UART_TX_PIN);
 502               	.LM10:
 503 000a 88E0      		ldi r24,lo8(8)
 504 000c E0E4      		ldi r30,lo8(1600)
 505 000e F6E0      		ldi r31,hi8(1600)
 506 0010 8283      		std Z+2,r24
 507               	/* epilogue start */
 108:uart.c        **** #else // __AVR_XMEGA__
 109:uart.c        ****         UART_UCSRA = 0;
 110:uart.c        ****         UART_UCSRB = 0;
 111:uart.c        ****         UART_UCSRC = _BV(UCSZ01) | _BV(UCSZ00);
 112:uart.c        ****         UART_UBRR = 0;
 113:uart.c        **** #endif // __AVR_XMEGA__
 114:uart.c        **** }
 509               	.LM11:
 510 0012 0895      		ret
 512               	.Lscope2:
 513               		.text
 515               	.Letext0:
DEFINED SYMBOLS
                            *ABS*:00000000 uart.c
     /tmp/cckmFl6w.s:2      *ABS*:0000003f __SREG__
     /tmp/cckmFl6w.s:3      *ABS*:0000003e __SP_H__
     /tmp/cckmFl6w.s:4      *ABS*:0000003d __SP_L__
     /tmp/cckmFl6w.s:5      *ABS*:00000034 __CCP__
     /tmp/cckmFl6w.s:6      *ABS*:00000000 __tmp_reg__
     /tmp/cckmFl6w.s:7      *ABS*:00000001 __zero_reg__
     /tmp/cckmFl6w.s:444    .text.uart_init:00000000 uart_init
     /tmp/cckmFl6w.s:482    .text.uart_deinit:00000000 uart_deinit

UNDEFINED SYMBOLS
__do_copy_data
__do_clear_bss
